======================================================
  日志系统启动: 2026-05-25 22:47:35.560
  日志文件: ./logs/gateway_20260525_224735.log
  最大文件数: 50
  最低级别: INFO
======================================================
2026-05-25 22:47:35.560 [INFO] main.cpp:149 - === 系统启动 ===
2026-05-25 22:47:35.560 [INFO] main.cpp:150 - 串口: /dev/ttyS9, 波特率: 9600, 工作线程: 4
2026-05-25 22:47:35.560 [INFO] main.cpp:154 - 所有设备已初始化
2026-05-25 22:47:35.560 [INFO] app_security.cpp:39 - [安防应用] 初始化...
2026-05-25 22:47:35.560 [INFO] app_security.cpp:46 - [安防应用] 启动, 路由前缀: /security
2026-05-25 22:47:35.560 [INFO] main.cpp:161 - 应用管理器已启动, 注册了 1 个应用
2026-05-25 22:47:35.560 [INFO] app_security.cpp:285 - [安防应用] 轮询线程启动
2026-05-25 22:47:35.561 [INFO] main.cpp:166 - Web 服务器已启动
2026-05-25 22:47:35.561 [INFO] main.cpp:171 - 初始化串口总线: /dev/ttyS9 @ 9600 baud
2026-05-25 22:47:35.561 [INFO] command_queue.cpp:38 - 命令队列启动, 工作线程数: 1
2026-05-25 22:47:35.561 [INFO] main.cpp:189 - 串口总线已就绪, 工作线程数: 4
2026-05-25 22:47:35.561 [INFO] command_queue.cpp:228 - 命令处理线程 #0 已启动
2026-05-25 22:47:35.561 [INFO] main.cpp:288 - 共 20 个轮询任务:
2026-05-25 22:47:35.561 [INFO] main.cpp:291 -   [1] PM2.5传感器 - PM2.5 (间隔: 5000 ms)
2026-05-25 22:47:35.561 [INFO] main.cpp:291 -   [2] PM10传感器 - PM10 (间隔: 5000 ms)
2026-05-25 22:47:35.561 [INFO] main.cpp:291 -   [3] 湿度传感器 - 湿度 (间隔: 5000 ms)
2026-05-25 22:47:35.561 [INFO] main.cpp:291 -   [4] 温度传感器 - 温度 (间隔: 5000 ms)
2026-05-25 22:47:35.561 [INFO] main.cpp:291 -   [5] TVOC传感器 - TVOC (间隔: 5000 ms)
2026-05-25 22:47:35.561 [INFO] main.cpp:291 -   [6] 甲醛传感器 - 甲醛 (间隔: 5000 ms)
2026-05-25 22:47:35.562 [INFO] main.cpp:291 -   [7] 臭氧传感器 - 臭氧 (间隔: 5000 ms)
2026-05-25 22:47:35.562 [INFO] main.cpp:291 -   [8] CO2传感器 - CO2 (间隔: 5000 ms)
2026-05-25 22:47:35.562 [INFO] main.cpp:291 -   [9] 烟雾报警器 - 报警状态 (间隔: 5000 ms)
2026-05-25 22:47:35.562 [INFO] main.cpp:291 -   [10] 恒湿净化一体机 - 环境数据 (间隔: 5000 ms)
2026-05-25 22:47:35.562 [INFO] main.cpp:291 -   [11] 恒湿净化一体机 - 电源状态 (间隔: 5000 ms)
2026-05-25 22:47:35.562 [INFO] main.cpp:291 -   [12] 恒湿净化一体机 - 故障状态 (间隔: 5000 ms)
2026-05-25 22:47:35.562 [INFO] main.cpp:291 -   [13] 报警装置 - 状态 (间隔: 5000 ms)
2026-05-25 22:47:35.562 [INFO] main.cpp:291 -   [14] 水浸传感器 - 浸水状态 (间隔: 5000 ms)
2026-05-25 22:47:35.562 [INFO] main.cpp:291 -   [15] 红外探测器 - 红外状态 (间隔: 5000 ms)
2026-05-25 22:47:35.562 [INFO] main.cpp:291 -   [16] 红外探测器 - 雷达状态 (间隔: 5000 ms)
2026-05-25 22:47:35.562 [INFO] main.cpp:291 -   [17] 霉菌空气净化机 - 环境数据 (间隔: 5000 ms)
2026-05-25 22:47:35.562 [INFO] main.cpp:291 -   [18] 霉菌空气净化机 - 运行模式 (间隔: 5000 ms)
2026-05-25 22:47:35.562 [INFO] main.cpp:291 -   [19] 霉菌空气净化机 - 电源状态 (间隔: 5000 ms)
2026-05-25 22:47:35.562 [INFO] main.cpp:291 -   [20] 弱光检测传感器 - 光照度 (间隔: 5000 ms)
2026-05-25 22:47:35.564 [INFO] main.cpp:307 - 多线程轮询已启动, 按 Ctrl+C 退出
2026-05-25 22:47:45.564 [INFO] main.cpp:319 - ======== 总线统计 ========
2026-05-25 22:47:45.564 [INFO] main.cpp:320 -   总事务数:     10
2026-05-25 22:47:45.564 [INFO] main.cpp:321 -   总错误数:     9
2026-05-25 22:47:45.565 [INFO] main.cpp:322 -   发送字节数:   80
2026-05-25 22:47:45.565 [INFO] main.cpp:323 -   接收字节数:   0
2026-05-25 22:47:45.565 [INFO] main.cpp:324 -   平均延迟:     0.00 ms
2026-05-25 22:47:45.565 [INFO] main.cpp:325 -   最大延迟:     0.00 ms
2026-05-25 22:47:45.565 [INFO] main.cpp:326 -   总线争用次数: 7
2026-05-25 22:47:45.565 [INFO] main.cpp:335 - ======== 轮询统计 ========
2026-05-25 22:47:45.565 [INFO] main.cpp:336 -   任务组数:     20
2026-05-25 22:47:45.565 [INFO] main.cpp:337 -   成功事务:     0
2026-05-25 22:47:45.565 [INFO] main.cpp:338 -   失败事务:     9
2026-05-25 22:47:45.565 [INFO] main.cpp:340 -   成功率:       0.0%
2026-05-25 22:47:45.565 [INFO] main.cpp:345 - ======== 命令队列统计 ========
2026-05-25 22:47:45.565 [INFO] main.cpp:346 -   已提交: 0  已执行: 0  成功: 0  失败: 0
2026-05-25 22:47:45.565 [INFO] main.cpp:351 -   队列大小: 0  平均耗时: 0.0ms
2026-05-25 22:47:55.565 [INFO] main.cpp:319 - ======== 总线统计 ========
2026-05-25 22:47:55.565 [INFO] main.cpp:320 -   总事务数:     20
2026-05-25 22:47:55.565 [INFO] main.cpp:321 -   总错误数:     19
2026-05-25 22:47:55.565 [INFO] main.cpp:322 -   发送字节数:   160
2026-05-25 22:47:55.566 [INFO] main.cpp:323 -   接收字节数:   0
2026-05-25 22:47:55.566 [INFO] main.cpp:324 -   平均延迟:     0.00 ms
2026-05-25 22:47:55.566 [INFO] main.cpp:325 -   最大延迟:     0.00 ms
2026-05-25 22:47:55.566 [INFO] main.cpp:326 -   总线争用次数: 13
2026-05-25 22:47:55.566 [INFO] main.cpp:335 - ======== 轮询统计 ========
2026-05-25 22:47:55.566 [INFO] main.cpp:336 -   任务组数:     20
2026-05-25 22:47:55.566 [INFO] main.cpp:337 -   成功事务:     0
2026-05-25 22:47:55.566 [INFO] main.cpp:338 -   失败事务:     19
2026-05-25 22:47:55.566 [INFO] main.cpp:340 -   成功率:       0.0%
2026-05-25 22:47:55.566 [INFO] main.cpp:345 - ======== 命令队列统计 ========
2026-05-25 22:47:55.566 [INFO] main.cpp:346 -   已提交: 0  已执行: 0  成功: 0  失败: 0
2026-05-25 22:47:55.566 [INFO] main.cpp:351 -   队列大小: 0  平均耗时: 0.0ms
2026-05-25 22:48:05.566 [INFO] main.cpp:319 - ======== 总线统计 ========
2026-05-25 22:48:05.566 [INFO] main.cpp:320 -   总事务数:     30
2026-05-25 22:48:05.566 [INFO] main.cpp:321 -   总错误数:     29
2026-05-25 22:48:05.566 [INFO] main.cpp:322 -   发送字节数:   240
2026-05-25 22:48:05.566 [INFO] main.cpp:323 -   接收字节数:   0
2026-05-25 22:48:05.566 [INFO] main.cpp:324 -   平均延迟:     0.00 ms
2026-05-25 22:48:05.566 [INFO] main.cpp:325 -   最大延迟:     0.00 ms
2026-05-25 22:48:05.566 [INFO] main.cpp:326 -   总线争用次数: 18
2026-05-25 22:48:05.567 [INFO] main.cpp:335 - ======== 轮询统计 ========
2026-05-25 22:48:05.567 [INFO] main.cpp:336 -   任务组数:     20
2026-05-25 22:48:05.567 [INFO] main.cpp:337 -   成功事务:     0
2026-05-25 22:48:05.567 [INFO] main.cpp:338 -   失败事务:     29
2026-05-25 22:48:05.567 [INFO] main.cpp:340 -   成功率:       0.0%
2026-05-25 22:48:05.567 [INFO] main.cpp:345 - ======== 命令队列统计 ========
2026-05-25 22:48:05.567 [INFO] main.cpp:346 -   已提交: 0  已执行: 0  成功: 0  失败: 0
2026-05-25 22:48:05.567 [INFO] main.cpp:351 -   队列大小: 0  平均耗时: 0.0ms
2026-05-25 22:48:15.567 [INFO] main.cpp:319 - ======== 总线统计 ========
2026-05-25 22:48:15.567 [INFO] main.cpp:320 -   总事务数:     40
2026-05-25 22:48:15.567 [INFO] main.cpp:321 -   总错误数:     39
2026-05-25 22:48:15.567 [INFO] main.cpp:322 -   发送字节数:   320
2026-05-25 22:48:15.567 [INFO] main.cpp:323 -   接收字节数:   0
2026-05-25 22:48:15.567 [INFO] main.cpp:324 -   平均延迟:     0.00 ms
2026-05-25 22:48:15.567 [INFO] main.cpp:325 -   最大延迟:     0.00 ms
2026-05-25 22:48:15.567 [INFO] main.cpp:326 -   总线争用次数: 23
2026-05-25 22:48:15.568 [INFO] main.cpp:335 - ======== 轮询统计 ========
2026-05-25 22:48:15.568 [INFO] main.cpp:336 -   任务组数:     20
2026-05-25 22:48:15.568 [INFO] main.cpp:337 -   成功事务:     0
2026-05-25 22:48:15.568 [INFO] main.cpp:338 -   失败事务:     39
2026-05-25 22:48:15.568 [INFO] main.cpp:340 -   成功率:       0.0%
2026-05-25 22:48:15.568 [INFO] main.cpp:345 - ======== 命令队列统计 ========
2026-05-25 22:48:15.568 [INFO] main.cpp:346 -   已提交: 0  已执行: 0  成功: 0  失败: 0
2026-05-25 22:48:15.568 [INFO] main.cpp:351 -   队列大小: 0  平均耗时: 0.0ms
2026-05-25 22:48:25.568 [INFO] main.cpp:319 - ======== 总线统计 ========
2026-05-25 22:48:25.568 [INFO] main.cpp:320 -   总事务数:     50
2026-05-25 22:48:25.568 [INFO] main.cpp:321 -   总错误数:     49
2026-05-25 22:48:25.568 [INFO] main.cpp:322 -   发送字节数:   400
2026-05-25 22:48:25.568 [INFO] main.cpp:323 -   接收字节数:   0
2026-05-25 22:48:25.568 [INFO] main.cpp:324 -   平均延迟:     0.00 ms
2026-05-25 22:48:25.568 [INFO] main.cpp:325 -   最大延迟:     0.00 ms
2026-05-25 22:48:25.568 [INFO] main.cpp:326 -   总线争用次数: 29
2026-05-25 22:48:25.569 [INFO] main.cpp:335 - ======== 轮询统计 ========
2026-05-25 22:48:25.569 [INFO] main.cpp:336 -   任务组数:     20
2026-05-25 22:48:25.569 [INFO] main.cpp:337 -   成功事务:     0
2026-05-25 22:48:25.569 [INFO] main.cpp:338 -   失败事务:     49
2026-05-25 22:48:25.569 [INFO] main.cpp:340 -   成功率:       0.0%
2026-05-25 22:48:25.569 [INFO] main.cpp:345 - ======== 命令队列统计 ========
2026-05-25 22:48:25.569 [INFO] main.cpp:346 -   已提交: 0  已执行: 0  成功: 0  失败: 0
2026-05-25 22:48:25.569 [INFO] main.cpp:351 -   队列大小: 0  平均耗时: 0.0ms
2026-05-25 22:48:35.569 [INFO] main.cpp:319 - ======== 总线统计 ========
2026-05-25 22:48:35.569 [INFO] main.cpp:320 -   总事务数:     60
2026-05-25 22:48:35.569 [INFO] main.cpp:321 -   总错误数:     59
2026-05-25 22:48:35.569 [INFO] main.cpp:322 -   发送字节数:   480
2026-05-25 22:48:35.569 [INFO] main.cpp:323 -   接收字节数:   0
2026-05-25 22:48:35.569 [INFO] main.cpp:324 -   平均延迟:     0.00 ms
2026-05-25 22:48:35.569 [INFO] main.cpp:325 -   最大延迟:     0.00 ms
2026-05-25 22:48:35.569 [INFO] main.cpp:326 -   总线争用次数: 34
2026-05-25 22:48:35.569 [INFO] main.cpp:335 - ======== 轮询统计 ========
2026-05-25 22:48:35.570 [INFO] main.cpp:336 -   任务组数:     20
2026-05-25 22:48:35.570 [INFO] main.cpp:337 -   成功事务:     0
2026-05-25 22:48:35.570 [INFO] main.cpp:338 -   失败事务:     59
2026-05-25 22:48:35.570 [INFO] main.cpp:340 -   成功率:       0.0%
2026-05-25 22:48:35.570 [INFO] main.cpp:345 - ======== 命令队列统计 ========
2026-05-25 22:48:35.570 [INFO] main.cpp:346 -   已提交: 0  已执行: 0  成功: 0  失败: 0
2026-05-25 22:48:35.570 [INFO] main.cpp:351 -   队列大小: 0  平均耗时: 0.0ms
2026-05-25 22:48:43.433 [INFO] main.cpp:79 - 收到退出信号 (sig=2), 正在停止...
2026-05-25 22:48:43.433 [INFO] main.cpp:359 - 正在停止所有应用...
2026-05-25 22:48:43.433 [INFO] app_security.cpp:58 - [安防应用] 正在停止...
2026-05-25 22:48:43.530 [INFO] app_security.cpp:304 - [安防应用] 轮询线程退出
2026-05-25 22:48:43.530 [INFO] app_security.cpp:62 - [安防应用] 已停止
2026-05-25 22:48:43.530 [INFO] main.cpp:362 - 正在停止命令队列...
2026-05-25 22:48:43.530 [INFO] command_queue.cpp:307 - 命令处理线程 #0 已退出
2026-05-25 22:48:43.530 [INFO] command_queue.cpp:59 - 命令队列已停止
2026-05-25 22:48:43.530 [INFO] main.cpp:365 - 正在停止轮询...
2026-05-25 22:48:50.813 [INFO] main.cpp:368 - 正在关闭串口...
2026-05-25 22:49:02.006 [INFO] main.cpp:373 - ======== 最终统计 ========
2026-05-25 22:49:02.007 [INFO] main.cpp:374 -   总事务数:     85
2026-05-25 22:49:02.007 [INFO] main.cpp:375 -   总错误数:     85
2026-05-25 22:49:02.007 [INFO] main.cpp:376 -   成功率:       0.0%
2026-05-25 22:49:02.007 [INFO] main.cpp:380 -   平均延迟:     0.00 ms
2026-05-25 22:49:02.007 [INFO] main.cpp:381 -   最大延迟:     0.00 ms
2026-05-25 22:49:02.007 [INFO] main.cpp:382 - === 系统退出 ===

======================================================
  日志系统关闭: 2026-05-25 22:49:02.007
======================================================
