======================================================
  日志系统启动: 2026-05-26 10:19:25.645
  日志文件: ./logs/gateway_20260526_101925.log
  最大文件数: 50
  最低级别: INFO
======================================================
2026-05-26 10:19:25.645 [INFO] main.cpp:171 - === 系统启动 ===
2026-05-26 10:19:25.645 [INFO] main.cpp:172 - 串口: /dev/ttyS9, 波特率: 9600, 工作线程: 4
2026-05-26 10:19:25.645 [INFO] main.cpp:176 - 所有设备已初始化
2026-05-26 10:19:25.645 [INFO] main.cpp:183 - 应用管理器已启动, 注册了 1 个应用
2026-05-26 10:19:25.645 [INFO] main.cpp:188 - Web 服务器已启动
2026-05-26 10:19:25.646 [INFO] main.cpp:193 - 初始化串口总线: /dev/ttyS9 @ 9600 baud
2026-05-26 10:19:25.646 [INFO] command_queue.cpp:38 - 命令队列启动, 工作线程数: 1
2026-05-26 10:19:25.646 [INFO] main.cpp:211 - 串口总线已就绪, 工作线程数: 4
2026-05-26 10:19:25.646 [INFO] command_queue.cpp:228 - 命令处理线程 #0 已启动
2026-05-26 10:19:25.646 [INFO] main.cpp:310 - 共 20 个轮询任务:
2026-05-26 10:19:25.646 [INFO] main.cpp:313 -   [1] PM2.5传感器 - PM2.5 (间隔: 5000 ms)
2026-05-26 10:19:25.646 [INFO] main.cpp:313 -   [2] PM10传感器 - PM10 (间隔: 5000 ms)
2026-05-26 10:19:25.646 [INFO] main.cpp:313 -   [3] 湿度传感器 - 湿度 (间隔: 5000 ms)
2026-05-26 10:19:25.646 [INFO] main.cpp:313 -   [4] 温度传感器 - 温度 (间隔: 5000 ms)
2026-05-26 10:19:25.646 [INFO] main.cpp:313 -   [5] TVOC传感器 - TVOC (间隔: 5000 ms)
2026-05-26 10:19:25.646 [INFO] main.cpp:313 -   [6] 甲醛传感器 - 甲醛 (间隔: 5000 ms)
2026-05-26 10:19:25.646 [INFO] main.cpp:313 -   [7] 臭氧传感器 - 臭氧 (间隔: 5000 ms)
2026-05-26 10:19:25.646 [INFO] main.cpp:313 -   [8] CO2传感器 - CO2 (间隔: 5000 ms)
2026-05-26 10:19:25.646 [INFO] main.cpp:313 -   [9] 烟雾报警器 - 报警状态 (间隔: 5000 ms)
2026-05-26 10:19:25.646 [INFO] main.cpp:313 -   [10] 恒湿净化一体机 - 环境数据 (间隔: 5000 ms)
2026-05-26 10:19:25.646 [INFO] main.cpp:313 -   [11] 恒湿净化一体机 - 电源状态 (间隔: 5000 ms)
2026-05-26 10:19:25.646 [INFO] main.cpp:313 -   [12] 恒湿净化一体机 - 故障状态 (间隔: 5000 ms)
2026-05-26 10:19:25.646 [INFO] main.cpp:313 -   [13] 报警装置 - 状态 (间隔: 5000 ms)
2026-05-26 10:19:25.646 [INFO] main.cpp:313 -   [14] 水浸传感器 - 浸水状态 (间隔: 5000 ms)
2026-05-26 10:19:25.647 [INFO] main.cpp:313 -   [15] 红外探测器 - 红外状态 (间隔: 5000 ms)
2026-05-26 10:19:25.647 [INFO] main.cpp:313 -   [16] 红外探测器 - 雷达状态 (间隔: 5000 ms)
2026-05-26 10:19:25.647 [INFO] main.cpp:313 -   [17] 霉菌空气净化机 - 环境数据 (间隔: 5000 ms)
2026-05-26 10:19:25.647 [INFO] main.cpp:313 -   [18] 霉菌空气净化机 - 运行模式 (间隔: 5000 ms)
2026-05-26 10:19:25.647 [INFO] main.cpp:313 -   [19] 霉菌空气净化机 - 电源状态 (间隔: 5000 ms)
2026-05-26 10:19:25.647 [INFO] main.cpp:313 -   [20] 弱光检测传感器 - 光照度 (间隔: 5000 ms)
2026-05-26 10:19:25.648 [INFO] main.cpp:330 - 多线程轮询已启动, 按 Ctrl+C 退出
2026-05-26 10:19:26.649 [INFO] main.cpp:352 - ======== 总线统计 ========
2026-05-26 10:19:26.649 [INFO] main.cpp:353 -   总事务数:     20
2026-05-26 10:19:26.650 [INFO] main.cpp:354 -   总错误数:     0
2026-05-26 10:19:26.650 [INFO] main.cpp:355 -   发送字节数:   160
2026-05-26 10:19:26.650 [INFO] main.cpp:356 -   接收字节数:   0
2026-05-26 10:19:26.650 [INFO] main.cpp:357 -   平均延迟:     0.00 ms
2026-05-26 10:19:26.650 [INFO] main.cpp:358 -   最大延迟:     0.00 ms
2026-05-26 10:19:26.650 [INFO] main.cpp:359 -   总线争用次数: 0
2026-05-26 10:19:26.650 [INFO] main.cpp:368 - ======== 轮询统计 ========
2026-05-26 10:19:26.650 [INFO] main.cpp:369 -   任务组数:     20
2026-05-26 10:19:26.650 [INFO] main.cpp:370 -   成功事务:     0
2026-05-26 10:19:26.650 [INFO] main.cpp:371 -   失败事务:     0
2026-05-26 10:19:26.650 [INFO] main.cpp:378 - ======== 命令队列统计 ========
2026-05-26 10:19:26.650 [INFO] main.cpp:379 -   已提交: 0  已执行: 0  成功: 0  失败: 0
2026-05-26 10:19:26.650 [INFO] main.cpp:384 -   队列大小: 0  平均耗时: 0.0ms
2026-05-26 10:19:27.651 [INFO] main.cpp:352 - ======== 总线统计 ========
2026-05-26 10:19:27.651 [INFO] main.cpp:353 -   总事务数:     20
2026-05-26 10:19:27.651 [INFO] main.cpp:354 -   总错误数:     20
2026-05-26 10:19:27.651 [INFO] main.cpp:355 -   发送字节数:   160
2026-05-26 10:19:27.651 [INFO] main.cpp:356 -   接收字节数:   0
2026-05-26 10:19:27.651 [INFO] main.cpp:357 -   平均延迟:     0.00 ms
2026-05-26 10:19:27.651 [INFO] main.cpp:358 -   最大延迟:     0.00 ms
2026-05-26 10:19:27.651 [INFO] main.cpp:359 -   总线争用次数: 0
2026-05-26 10:19:27.652 [INFO] main.cpp:368 - ======== 轮询统计 ========
2026-05-26 10:19:27.652 [INFO] main.cpp:369 -   任务组数:     20
2026-05-26 10:19:27.652 [INFO] main.cpp:370 -   成功事务:     0
2026-05-26 10:19:27.652 [INFO] main.cpp:371 -   失败事务:     20
2026-05-26 10:19:27.652 [INFO] main.cpp:373 -   成功率:       0.0%
2026-05-26 10:19:27.652 [INFO] main.cpp:378 - ======== 命令队列统计 ========
2026-05-26 10:19:27.652 [INFO] main.cpp:379 -   已提交: 0  已执行: 0  成功: 0  失败: 0
2026-05-26 10:19:27.652 [INFO] main.cpp:384 -   队列大小: 0  平均耗时: 0.0ms
2026-05-26 10:19:28.653 [INFO] main.cpp:352 - ======== 总线统计 ========
2026-05-26 10:19:28.653 [INFO] main.cpp:353 -   总事务数:     20
2026-05-26 10:19:28.653 [INFO] main.cpp:354 -   总错误数:     20
2026-05-26 10:19:28.653 [INFO] main.cpp:355 -   发送字节数:   160
2026-05-26 10:19:28.653 [INFO] main.cpp:356 -   接收字节数:   0
2026-05-26 10:19:28.653 [INFO] main.cpp:357 -   平均延迟:     0.00 ms
2026-05-26 10:19:28.653 [INFO] main.cpp:358 -   最大延迟:     0.00 ms
2026-05-26 10:19:28.653 [INFO] main.cpp:359 -   总线争用次数: 0
2026-05-26 10:19:28.653 [INFO] main.cpp:368 - ======== 轮询统计 ========
2026-05-26 10:19:28.653 [INFO] main.cpp:369 -   任务组数:     20
2026-05-26 10:19:28.653 [INFO] main.cpp:370 -   成功事务:     0
2026-05-26 10:19:28.653 [INFO] main.cpp:371 -   失败事务:     20
2026-05-26 10:19:28.653 [INFO] main.cpp:373 -   成功率:       0.0%
2026-05-26 10:19:28.653 [INFO] main.cpp:378 - ======== 命令队列统计 ========
2026-05-26 10:19:28.653 [INFO] main.cpp:379 -   已提交: 0  已执行: 0  成功: 0  失败: 0
2026-05-26 10:19:28.654 [INFO] main.cpp:384 -   队列大小: 0  平均耗时: 0.0ms
2026-05-26 10:19:29.655 [INFO] main.cpp:352 - ======== 总线统计 ========
2026-05-26 10:19:29.655 [INFO] main.cpp:353 -   总事务数:     20
2026-05-26 10:19:29.655 [INFO] main.cpp:354 -   总错误数:     20
2026-05-26 10:19:29.655 [INFO] main.cpp:355 -   发送字节数:   160
2026-05-26 10:19:29.655 [INFO] main.cpp:356 -   接收字节数:   0
2026-05-26 10:19:29.655 [INFO] main.cpp:357 -   平均延迟:     0.00 ms
2026-05-26 10:19:29.655 [INFO] main.cpp:358 -   最大延迟:     0.00 ms
2026-05-26 10:19:29.655 [INFO] main.cpp:359 -   总线争用次数: 0
2026-05-26 10:19:29.655 [INFO] main.cpp:368 - ======== 轮询统计 ========
2026-05-26 10:19:29.655 [INFO] main.cpp:369 -   任务组数:     20
2026-05-26 10:19:29.655 [INFO] main.cpp:370 -   成功事务:     0
2026-05-26 10:19:29.655 [INFO] main.cpp:371 -   失败事务:     20
2026-05-26 10:19:29.655 [INFO] main.cpp:373 -   成功率:       0.0%
2026-05-26 10:19:29.655 [INFO] main.cpp:378 - ======== 命令队列统计 ========
2026-05-26 10:19:29.655 [INFO] main.cpp:379 -   已提交: 0  已执行: 0  成功: 0  失败: 0
2026-05-26 10:19:29.655 [INFO] main.cpp:384 -   队列大小: 0  平均耗时: 0.0ms
2026-05-26 10:19:30.656 [INFO] main.cpp:352 - ======== 总线统计 ========
2026-05-26 10:19:30.656 [INFO] main.cpp:353 -   总事务数:     39
2026-05-26 10:19:30.656 [INFO] main.cpp:354 -   总错误数:     20
2026-05-26 10:19:30.656 [INFO] main.cpp:355 -   发送字节数:   160
2026-05-26 10:19:30.656 [INFO] main.cpp:356 -   接收字节数:   0
2026-05-26 10:19:30.656 [INFO] main.cpp:357 -   平均延迟:     0.00 ms
2026-05-26 10:19:30.656 [INFO] main.cpp:358 -   最大延迟:     0.00 ms
2026-05-26 10:19:30.656 [INFO] main.cpp:359 -   总线争用次数: 0
2026-05-26 10:19:30.656 [INFO] main.cpp:368 - ======== 轮询统计 ========
2026-05-26 10:19:30.656 [INFO] main.cpp:369 -   任务组数:     20
2026-05-26 10:19:30.656 [INFO] main.cpp:370 -   成功事务:     0
2026-05-26 10:19:30.656 [INFO] main.cpp:371 -   失败事务:     20
2026-05-26 10:19:30.656 [INFO] main.cpp:373 -   成功率:       0.0%
2026-05-26 10:19:30.657 [INFO] main.cpp:378 - ======== 命令队列统计 ========
2026-05-26 10:19:30.657 [INFO] main.cpp:379 -   已提交: 0  已执行: 0  成功: 0  失败: 0
2026-05-26 10:19:30.657 [INFO] main.cpp:384 -   队列大小: 0  平均耗时: 0.0ms
2026-05-26 10:19:31.658 [INFO] main.cpp:352 - ======== 总线统计 ========
2026-05-26 10:19:31.658 [INFO] main.cpp:353 -   总事务数:     40
2026-05-26 10:19:31.658 [INFO] main.cpp:354 -   总错误数:     20
2026-05-26 10:19:31.658 [INFO] main.cpp:355 -   发送字节数:   320
2026-05-26 10:19:31.658 [INFO] main.cpp:356 -   接收字节数:   0
2026-05-26 10:19:31.658 [INFO] main.cpp:357 -   平均延迟:     0.00 ms
2026-05-26 10:19:31.658 [INFO] main.cpp:358 -   最大延迟:     0.00 ms
2026-05-26 10:19:31.658 [INFO] main.cpp:359 -   总线争用次数: 0
2026-05-26 10:19:31.658 [INFO] main.cpp:368 - ======== 轮询统计 ========
2026-05-26 10:19:31.658 [INFO] main.cpp:369 -   任务组数:     20
2026-05-26 10:19:31.658 [INFO] main.cpp:370 -   成功事务:     0
2026-05-26 10:19:31.658 [INFO] main.cpp:371 -   失败事务:     20
2026-05-26 10:19:31.658 [INFO] main.cpp:373 -   成功率:       0.0%
2026-05-26 10:19:31.658 [INFO] main.cpp:378 - ======== 命令队列统计 ========
2026-05-26 10:19:31.658 [INFO] main.cpp:379 -   已提交: 0  已执行: 0  成功: 0  失败: 0
2026-05-26 10:19:31.658 [INFO] main.cpp:384 -   队列大小: 0  平均耗时: 0.0ms
2026-05-26 10:19:32.659 [INFO] main.cpp:352 - ======== 总线统计 ========
2026-05-26 10:19:32.659 [INFO] main.cpp:353 -   总事务数:     40
2026-05-26 10:19:32.659 [INFO] main.cpp:354 -   总错误数:     40
2026-05-26 10:19:32.660 [INFO] main.cpp:355 -   发送字节数:   320
2026-05-26 10:19:32.660 [INFO] main.cpp:356 -   接收字节数:   0
2026-05-26 10:19:32.660 [INFO] main.cpp:357 -   平均延迟:     0.00 ms
2026-05-26 10:19:32.660 [INFO] main.cpp:358 -   最大延迟:     0.00 ms
2026-05-26 10:19:32.660 [INFO] main.cpp:359 -   总线争用次数: 0
2026-05-26 10:19:32.660 [INFO] main.cpp:368 - ======== 轮询统计 ========
2026-05-26 10:19:32.660 [INFO] main.cpp:369 -   任务组数:     20
2026-05-26 10:19:32.660 [INFO] main.cpp:370 -   成功事务:     0
2026-05-26 10:19:32.660 [INFO] main.cpp:371 -   失败事务:     40
2026-05-26 10:19:32.660 [INFO] main.cpp:373 -   成功率:       0.0%
2026-05-26 10:19:32.660 [INFO] main.cpp:378 - ======== 命令队列统计 ========
2026-05-26 10:19:32.660 [INFO] main.cpp:379 -   已提交: 0  已执行: 0  成功: 0  失败: 0
2026-05-26 10:19:32.660 [INFO] main.cpp:384 -   队列大小: 0  平均耗时: 0.0ms
2026-05-26 10:19:33.661 [INFO] main.cpp:352 - ======== 总线统计 ========
2026-05-26 10:19:33.661 [INFO] main.cpp:353 -   总事务数:     40
2026-05-26 10:19:33.661 [INFO] main.cpp:354 -   总错误数:     40
2026-05-26 10:19:33.661 [INFO] main.cpp:355 -   发送字节数:   320
2026-05-26 10:19:33.661 [INFO] main.cpp:356 -   接收字节数:   0
2026-05-26 10:19:33.661 [INFO] main.cpp:357 -   平均延迟:     0.00 ms
2026-05-26 10:19:33.661 [INFO] main.cpp:358 -   最大延迟:     0.00 ms
2026-05-26 10:19:33.661 [INFO] main.cpp:359 -   总线争用次数: 0
2026-05-26 10:19:33.661 [INFO] main.cpp:368 - ======== 轮询统计 ========
2026-05-26 10:19:33.661 [INFO] main.cpp:369 -   任务组数:     20
2026-05-26 10:19:33.661 [INFO] main.cpp:370 -   成功事务:     0
2026-05-26 10:19:33.662 [INFO] main.cpp:371 -   失败事务:     40
2026-05-26 10:19:33.662 [INFO] main.cpp:373 -   成功率:       0.0%
2026-05-26 10:19:33.662 [INFO] main.cpp:378 - ======== 命令队列统计 ========
2026-05-26 10:19:33.662 [INFO] main.cpp:379 -   已提交: 0  已执行: 0  成功: 0  失败: 0
2026-05-26 10:19:33.662 [INFO] main.cpp:384 -   队列大小: 0  平均耗时: 0.0ms
2026-05-26 10:19:34.663 [INFO] main.cpp:352 - ======== 总线统计 ========
2026-05-26 10:19:34.663 [INFO] main.cpp:353 -   总事务数:     40
2026-05-26 10:19:34.663 [INFO] main.cpp:354 -   总错误数:     40
2026-05-26 10:19:34.663 [INFO] main.cpp:355 -   发送字节数:   320
2026-05-26 10:19:34.663 [INFO] main.cpp:356 -   接收字节数:   0
2026-05-26 10:19:34.663 [INFO] main.cpp:357 -   平均延迟:     0.00 ms
2026-05-26 10:19:34.663 [INFO] main.cpp:358 -   最大延迟:     0.00 ms
2026-05-26 10:19:34.663 [INFO] main.cpp:359 -   总线争用次数: 0
2026-05-26 10:19:34.663 [INFO] main.cpp:368 - ======== 轮询统计 ========
2026-05-26 10:19:34.663 [INFO] main.cpp:369 -   任务组数:     20
2026-05-26 10:19:34.663 [INFO] main.cpp:370 -   成功事务:     0
2026-05-26 10:19:34.663 [INFO] main.cpp:371 -   失败事务:     40
2026-05-26 10:19:34.663 [INFO] main.cpp:373 -   成功率:       0.0%
2026-05-26 10:19:34.663 [INFO] main.cpp:378 - ======== 命令队列统计 ========
2026-05-26 10:19:34.663 [INFO] main.cpp:379 -   已提交: 0  已执行: 0  成功: 0  失败: 0
2026-05-26 10:19:34.663 [INFO] main.cpp:384 -   队列大小: 0  平均耗时: 0.0ms
2026-05-26 10:19:35.664 [INFO] main.cpp:352 - ======== 总线统计 ========
2026-05-26 10:19:35.665 [INFO] main.cpp:353 -   总事务数:     59
2026-05-26 10:19:35.665 [INFO] main.cpp:354 -   总错误数:     40
2026-05-26 10:19:35.665 [INFO] main.cpp:355 -   发送字节数:   320
2026-05-26 10:19:35.665 [INFO] main.cpp:356 -   接收字节数:   0
2026-05-26 10:19:35.665 [INFO] main.cpp:357 -   平均延迟:     0.00 ms
2026-05-26 10:19:35.665 [INFO] main.cpp:358 -   最大延迟:     0.00 ms
2026-05-26 10:19:35.665 [INFO] main.cpp:359 -   总线争用次数: 0
2026-05-26 10:19:35.665 [INFO] main.cpp:368 - ======== 轮询统计 ========
2026-05-26 10:19:35.665 [INFO] main.cpp:369 -   任务组数:     20
2026-05-26 10:19:35.665 [INFO] main.cpp:370 -   成功事务:     0
2026-05-26 10:19:35.665 [INFO] main.cpp:371 -   失败事务:     40
2026-05-26 10:19:35.665 [INFO] main.cpp:373 -   成功率:       0.0%
2026-05-26 10:19:35.665 [INFO] main.cpp:378 - ======== 命令队列统计 ========
2026-05-26 10:19:35.665 [INFO] main.cpp:379 -   已提交: 0  已执行: 0  成功: 0  失败: 0
2026-05-26 10:19:35.665 [INFO] main.cpp:384 -   队列大小: 0  平均耗时: 0.0ms
2026-05-26 10:19:36.666 [INFO] main.cpp:352 - ======== 总线统计 ========
2026-05-26 10:19:36.666 [INFO] main.cpp:353 -   总事务数:     60
2026-05-26 10:19:36.666 [INFO] main.cpp:354 -   总错误数:     40
2026-05-26 10:19:36.666 [INFO] main.cpp:355 -   发送字节数:   480
2026-05-26 10:19:36.666 [INFO] main.cpp:356 -   接收字节数:   0
2026-05-26 10:19:36.666 [INFO] main.cpp:357 -   平均延迟:     0.00 ms
2026-05-26 10:19:36.666 [INFO] main.cpp:358 -   最大延迟:     0.00 ms
2026-05-26 10:19:36.666 [INFO] main.cpp:359 -   总线争用次数: 0
2026-05-26 10:19:36.666 [INFO] main.cpp:368 - ======== 轮询统计 ========
2026-05-26 10:19:36.666 [INFO] main.cpp:369 -   任务组数:     20
2026-05-26 10:19:36.666 [INFO] main.cpp:370 -   成功事务:     0
2026-05-26 10:19:36.666 [INFO] main.cpp:371 -   失败事务:     40
2026-05-26 10:19:36.666 [INFO] main.cpp:373 -   成功率:       0.0%
2026-05-26 10:19:36.666 [INFO] main.cpp:378 - ======== 命令队列统计 ========
2026-05-26 10:19:36.666 [INFO] main.cpp:379 -   已提交: 0  已执行: 0  成功: 0  失败: 0
2026-05-26 10:19:36.666 [INFO] main.cpp:384 -   队列大小: 0  平均耗时: 0.0ms
2026-05-26 10:19:37.667 [INFO] main.cpp:352 - ======== 总线统计 ========
2026-05-26 10:19:37.668 [INFO] main.cpp:353 -   总事务数:     60
2026-05-26 10:19:37.668 [INFO] main.cpp:354 -   总错误数:     60
2026-05-26 10:19:37.668 [INFO] main.cpp:355 -   发送字节数:   480
2026-05-26 10:19:37.668 [INFO] main.cpp:356 -   接收字节数:   0
2026-05-26 10:19:37.668 [INFO] main.cpp:357 -   平均延迟:     0.00 ms
2026-05-26 10:19:37.668 [INFO] main.cpp:358 -   最大延迟:     0.00 ms
2026-05-26 10:19:37.668 [INFO] main.cpp:359 -   总线争用次数: 0
2026-05-26 10:19:37.668 [INFO] main.cpp:368 - ======== 轮询统计 ========
2026-05-26 10:19:37.668 [INFO] main.cpp:369 -   任务组数:     20
2026-05-26 10:19:37.668 [INFO] main.cpp:370 -   成功事务:     0
2026-05-26 10:19:37.668 [INFO] main.cpp:371 -   失败事务:     60
2026-05-26 10:19:37.668 [INFO] main.cpp:373 -   成功率:       0.0%
2026-05-26 10:19:37.668 [INFO] main.cpp:378 - ======== 命令队列统计 ========
2026-05-26 10:19:37.668 [INFO] main.cpp:379 -   已提交: 0  已执行: 0  成功: 0  失败: 0
2026-05-26 10:19:37.668 [INFO] main.cpp:384 -   队列大小: 0  平均耗时: 0.0ms
2026-05-26 10:19:38.669 [INFO] main.cpp:352 - ======== 总线统计 ========
2026-05-26 10:19:38.669 [INFO] main.cpp:353 -   总事务数:     60
2026-05-26 10:19:38.669 [INFO] main.cpp:354 -   总错误数:     60
2026-05-26 10:19:38.669 [INFO] main.cpp:355 -   发送字节数:   480
2026-05-26 10:19:38.670 [INFO] main.cpp:356 -   接收字节数:   0
2026-05-26 10:19:38.670 [INFO] main.cpp:357 -   平均延迟:     0.00 ms
2026-05-26 10:19:38.670 [INFO] main.cpp:358 -   最大延迟:     0.00 ms
2026-05-26 10:19:38.670 [INFO] main.cpp:359 -   总线争用次数: 0
2026-05-26 10:19:38.670 [INFO] main.cpp:368 - ======== 轮询统计 ========
2026-05-26 10:19:38.670 [INFO] main.cpp:369 -   任务组数:     20
2026-05-26 10:19:38.670 [INFO] main.cpp:370 -   成功事务:     0
2026-05-26 10:19:38.670 [INFO] main.cpp:371 -   失败事务:     60
2026-05-26 10:19:38.670 [INFO] main.cpp:373 -   成功率:       0.0%
2026-05-26 10:19:38.670 [INFO] main.cpp:378 - ======== 命令队列统计 ========
2026-05-26 10:19:38.670 [INFO] main.cpp:379 -   已提交: 0  已执行: 0  成功: 0  失败: 0
2026-05-26 10:19:38.670 [INFO] main.cpp:384 -   队列大小: 0  平均耗时: 0.0ms
2026-05-26 10:19:39.671 [INFO] main.cpp:352 - ======== 总线统计 ========
2026-05-26 10:19:39.671 [INFO] main.cpp:353 -   总事务数:     60
2026-05-26 10:19:39.671 [INFO] main.cpp:354 -   总错误数:     60
2026-05-26 10:19:39.671 [INFO] main.cpp:355 -   发送字节数:   480
2026-05-26 10:19:39.671 [INFO] main.cpp:356 -   接收字节数:   0
2026-05-26 10:19:39.671 [INFO] main.cpp:357 -   平均延迟:     0.00 ms
2026-05-26 10:19:39.671 [INFO] main.cpp:358 -   最大延迟:     0.00 ms
2026-05-26 10:19:39.671 [INFO] main.cpp:359 -   总线争用次数: 0
2026-05-26 10:19:39.671 [INFO] main.cpp:368 - ======== 轮询统计 ========
2026-05-26 10:19:39.671 [INFO] main.cpp:369 -   任务组数:     20
2026-05-26 10:19:39.671 [INFO] main.cpp:370 -   成功事务:     0
2026-05-26 10:19:39.672 [INFO] main.cpp:371 -   失败事务:     60
2026-05-26 10:19:39.672 [INFO] main.cpp:373 -   成功率:       0.0%
2026-05-26 10:19:39.672 [INFO] main.cpp:378 - ======== 命令队列统计 ========
2026-05-26 10:19:39.672 [INFO] main.cpp:379 -   已提交: 0  已执行: 0  成功: 0  失败: 0
2026-05-26 10:19:39.672 [INFO] main.cpp:384 -   队列大小: 0  平均耗时: 0.0ms
2026-05-26 10:19:40.673 [INFO] main.cpp:352 - ======== 总线统计 ========
2026-05-26 10:19:40.673 [INFO] main.cpp:353 -   总事务数:     80
2026-05-26 10:19:40.673 [INFO] main.cpp:354 -   总错误数:     60
2026-05-26 10:19:40.673 [INFO] main.cpp:355 -   发送字节数:   480
2026-05-26 10:19:40.673 [INFO] main.cpp:356 -   接收字节数:   0
2026-05-26 10:19:40.673 [INFO] main.cpp:357 -   平均延迟:     0.00 ms
2026-05-26 10:19:40.673 [INFO] main.cpp:358 -   最大延迟:     0.00 ms
2026-05-26 10:19:40.673 [INFO] main.cpp:359 -   总线争用次数: 0
2026-05-26 10:19:40.673 [INFO] main.cpp:368 - ======== 轮询统计 ========
2026-05-26 10:19:40.673 [INFO] main.cpp:369 -   任务组数:     20
2026-05-26 10:19:40.673 [INFO] main.cpp:370 -   成功事务:     0
2026-05-26 10:19:40.673 [INFO] main.cpp:371 -   失败事务:     60
2026-05-26 10:19:40.673 [INFO] main.cpp:373 -   成功率:       0.0%
2026-05-26 10:19:40.673 [INFO] main.cpp:378 - ======== 命令队列统计 ========
2026-05-26 10:19:40.673 [INFO] main.cpp:379 -   已提交: 0  已执行: 0  成功: 0  失败: 0
2026-05-26 10:19:40.673 [INFO] main.cpp:384 -   队列大小: 0  平均耗时: 0.0ms
2026-05-26 10:19:41.674 [INFO] main.cpp:352 - ======== 总线统计 ========
2026-05-26 10:19:41.675 [INFO] main.cpp:353 -   总事务数:     80
2026-05-26 10:19:41.675 [INFO] main.cpp:354 -   总错误数:     60
2026-05-26 10:19:41.675 [INFO] main.cpp:355 -   发送字节数:   640
2026-05-26 10:19:41.675 [INFO] main.cpp:356 -   接收字节数:   0
2026-05-26 10:19:41.675 [INFO] main.cpp:357 -   平均延迟:     0.00 ms
2026-05-26 10:19:41.675 [INFO] main.cpp:358 -   最大延迟:     0.00 ms
2026-05-26 10:19:41.675 [INFO] main.cpp:359 -   总线争用次数: 0
2026-05-26 10:19:41.675 [INFO] main.cpp:368 - ======== 轮询统计 ========
2026-05-26 10:19:41.675 [INFO] main.cpp:369 -   任务组数:     20
2026-05-26 10:19:41.675 [INFO] main.cpp:370 -   成功事务:     0
2026-05-26 10:19:41.675 [INFO] main.cpp:371 -   失败事务:     60
2026-05-26 10:19:41.675 [INFO] main.cpp:373 -   成功率:       0.0%
2026-05-26 10:19:41.675 [INFO] main.cpp:378 - ======== 命令队列统计 ========
2026-05-26 10:19:41.675 [INFO] main.cpp:379 -   已提交: 0  已执行: 0  成功: 0  失败: 0
2026-05-26 10:19:41.675 [INFO] main.cpp:384 -   队列大小: 0  平均耗时: 0.0ms
2026-05-26 10:19:42.676 [INFO] main.cpp:352 - ======== 总线统计 ========
2026-05-26 10:19:42.676 [INFO] main.cpp:353 -   总事务数:     80
2026-05-26 10:19:42.676 [INFO] main.cpp:354 -   总错误数:     80
2026-05-26 10:19:42.676 [INFO] main.cpp:355 -   发送字节数:   640
2026-05-26 10:19:42.676 [INFO] main.cpp:356 -   接收字节数:   0
2026-05-26 10:19:42.676 [INFO] main.cpp:357 -   平均延迟:     0.00 ms
2026-05-26 10:19:42.677 [INFO] main.cpp:358 -   最大延迟:     0.00 ms
2026-05-26 10:19:42.677 [INFO] main.cpp:359 -   总线争用次数: 0
2026-05-26 10:19:42.677 [INFO] main.cpp:368 - ======== 轮询统计 ========
2026-05-26 10:19:42.677 [INFO] main.cpp:369 -   任务组数:     20
2026-05-26 10:19:42.677 [INFO] main.cpp:370 -   成功事务:     0
2026-05-26 10:19:42.677 [INFO] main.cpp:371 -   失败事务:     80
2026-05-26 10:19:42.677 [INFO] main.cpp:373 -   成功率:       0.0%
2026-05-26 10:19:42.677 [INFO] main.cpp:378 - ======== 命令队列统计 ========
2026-05-26 10:19:42.677 [INFO] main.cpp:379 -   已提交: 0  已执行: 0  成功: 0  失败: 0
2026-05-26 10:19:42.677 [INFO] main.cpp:384 -   队列大小: 0  平均耗时: 0.0ms
2026-05-26 10:19:43.678 [INFO] main.cpp:352 - ======== 总线统计 ========
2026-05-26 10:19:43.678 [INFO] main.cpp:353 -   总事务数:     80
2026-05-26 10:19:43.678 [INFO] main.cpp:354 -   总错误数:     80
2026-05-26 10:19:43.678 [INFO] main.cpp:355 -   发送字节数:   640
2026-05-26 10:19:43.678 [INFO] main.cpp:356 -   接收字节数:   0
2026-05-26 10:19:43.678 [INFO] main.cpp:357 -   平均延迟:     0.00 ms
2026-05-26 10:19:43.678 [INFO] main.cpp:358 -   最大延迟:     0.00 ms
2026-05-26 10:19:43.678 [INFO] main.cpp:359 -   总线争用次数: 0
2026-05-26 10:19:43.678 [INFO] main.cpp:368 - ======== 轮询统计 ========
2026-05-26 10:19:43.678 [INFO] main.cpp:369 -   任务组数:     20
2026-05-26 10:19:43.678 [INFO] main.cpp:370 -   成功事务:     0
2026-05-26 10:19:43.678 [INFO] main.cpp:371 -   失败事务:     80
2026-05-26 10:19:43.678 [INFO] main.cpp:373 -   成功率:       0.0%
2026-05-26 10:19:43.678 [INFO] main.cpp:378 - ======== 命令队列统计 ========
2026-05-26 10:19:43.678 [INFO] main.cpp:379 -   已提交: 0  已执行: 0  成功: 0  失败: 0
2026-05-26 10:19:43.678 [INFO] main.cpp:384 -   队列大小: 0  平均耗时: 0.0ms
2026-05-26 10:19:44.680 [INFO] main.cpp:352 - ======== 总线统计 ========
2026-05-26 10:19:44.680 [INFO] main.cpp:353 -   总事务数:     80
2026-05-26 10:19:44.680 [INFO] main.cpp:354 -   总错误数:     80
2026-05-26 10:19:44.680 [INFO] main.cpp:355 -   发送字节数:   640
2026-05-26 10:19:44.680 [INFO] main.cpp:356 -   接收字节数:   0
2026-05-26 10:19:44.680 [INFO] main.cpp:357 -   平均延迟:     0.00 ms
2026-05-26 10:19:44.680 [INFO] main.cpp:358 -   最大延迟:     0.00 ms
2026-05-26 10:19:44.680 [INFO] main.cpp:359 -   总线争用次数: 0
2026-05-26 10:19:44.680 [INFO] main.cpp:368 - ======== 轮询统计 ========
2026-05-26 10:19:44.680 [INFO] main.cpp:369 -   任务组数:     20
2026-05-26 10:19:44.680 [INFO] main.cpp:370 -   成功事务:     0
2026-05-26 10:19:44.680 [INFO] main.cpp:371 -   失败事务:     80
2026-05-26 10:19:44.680 [INFO] main.cpp:373 -   成功率:       0.0%
2026-05-26 10:19:44.680 [INFO] main.cpp:378 - ======== 命令队列统计 ========
2026-05-26 10:19:44.680 [INFO] main.cpp:379 -   已提交: 0  已执行: 0  成功: 0  失败: 0
2026-05-26 10:19:44.680 [INFO] main.cpp:384 -   队列大小: 0  平均耗时: 0.0ms
2026-05-26 10:19:45.681 [INFO] main.cpp:352 - ======== 总线统计 ========
2026-05-26 10:19:45.681 [INFO] main.cpp:353 -   总事务数:     100
2026-05-26 10:19:45.681 [INFO] main.cpp:354 -   总错误数:     80
2026-05-26 10:19:45.681 [INFO] main.cpp:355 -   发送字节数:   640
2026-05-26 10:19:45.681 [INFO] main.cpp:356 -   接收字节数:   0
2026-05-26 10:19:45.681 [INFO] main.cpp:357 -   平均延迟:     0.00 ms
2026-05-26 10:19:45.681 [INFO] main.cpp:358 -   最大延迟:     0.00 ms
2026-05-26 10:19:45.681 [INFO] main.cpp:359 -   总线争用次数: 0
2026-05-26 10:19:45.681 [INFO] main.cpp:368 - ======== 轮询统计 ========
2026-05-26 10:19:45.681 [INFO] main.cpp:369 -   任务组数:     20
2026-05-26 10:19:45.681 [INFO] main.cpp:370 -   成功事务:     0
2026-05-26 10:19:45.682 [INFO] main.cpp:371 -   失败事务:     80
2026-05-26 10:19:45.682 [INFO] main.cpp:373 -   成功率:       0.0%
2026-05-26 10:19:45.682 [INFO] main.cpp:378 - ======== 命令队列统计 ========
2026-05-26 10:19:45.682 [INFO] main.cpp:379 -   已提交: 0  已执行: 0  成功: 0  失败: 0
2026-05-26 10:19:45.682 [INFO] main.cpp:384 -   队列大小: 0  平均耗时: 0.0ms
2026-05-26 10:19:46.683 [INFO] main.cpp:352 - ======== 总线统计 ========
2026-05-26 10:19:46.683 [INFO] main.cpp:353 -   总事务数:     100
2026-05-26 10:19:46.683 [INFO] main.cpp:354 -   总错误数:     80
2026-05-26 10:19:46.683 [INFO] main.cpp:355 -   发送字节数:   800
2026-05-26 10:19:46.683 [INFO] main.cpp:356 -   接收字节数:   0
2026-05-26 10:19:46.683 [INFO] main.cpp:357 -   平均延迟:     0.00 ms
2026-05-26 10:19:46.683 [INFO] main.cpp:358 -   最大延迟:     0.00 ms
2026-05-26 10:19:46.683 [INFO] main.cpp:359 -   总线争用次数: 0
2026-05-26 10:19:46.683 [INFO] main.cpp:368 - ======== 轮询统计 ========
2026-05-26 10:19:46.683 [INFO] main.cpp:369 -   任务组数:     20
2026-05-26 10:19:46.683 [INFO] main.cpp:370 -   成功事务:     0
2026-05-26 10:19:46.683 [INFO] main.cpp:371 -   失败事务:     80
2026-05-26 10:19:46.683 [INFO] main.cpp:373 -   成功率:       0.0%
2026-05-26 10:19:46.683 [INFO] main.cpp:378 - ======== 命令队列统计 ========
2026-05-26 10:19:46.683 [INFO] main.cpp:379 -   已提交: 0  已执行: 0  成功: 0  失败: 0
2026-05-26 10:19:46.683 [INFO] main.cpp:384 -   队列大小: 0  平均耗时: 0.0ms
2026-05-26 10:19:47.685 [INFO] main.cpp:352 - ======== 总线统计 ========
2026-05-26 10:19:47.685 [INFO] main.cpp:353 -   总事务数:     100
2026-05-26 10:19:47.685 [INFO] main.cpp:354 -   总错误数:     100
2026-05-26 10:19:47.685 [INFO] main.cpp:355 -   发送字节数:   800
2026-05-26 10:19:47.685 [INFO] main.cpp:356 -   接收字节数:   0
2026-05-26 10:19:47.685 [INFO] main.cpp:357 -   平均延迟:     0.00 ms
2026-05-26 10:19:47.685 [INFO] main.cpp:358 -   最大延迟:     0.00 ms
2026-05-26 10:19:47.685 [INFO] main.cpp:359 -   总线争用次数: 0
2026-05-26 10:19:47.685 [INFO] main.cpp:368 - ======== 轮询统计 ========
2026-05-26 10:19:47.685 [INFO] main.cpp:369 -   任务组数:     20
2026-05-26 10:19:47.685 [INFO] main.cpp:370 -   成功事务:     0
2026-05-26 10:19:47.685 [INFO] main.cpp:371 -   失败事务:     100
2026-05-26 10:19:47.685 [INFO] main.cpp:373 -   成功率:       0.0%
2026-05-26 10:19:47.685 [INFO] main.cpp:378 - ======== 命令队列统计 ========
2026-05-26 10:19:47.685 [INFO] main.cpp:379 -   已提交: 0  已执行: 0  成功: 0  失败: 0
2026-05-26 10:19:47.685 [INFO] main.cpp:384 -   队列大小: 0  平均耗时: 0.0ms
2026-05-26 10:19:48.686 [INFO] main.cpp:352 - ======== 总线统计 ========
2026-05-26 10:19:48.686 [INFO] main.cpp:353 -   总事务数:     100
2026-05-26 10:19:48.686 [INFO] main.cpp:354 -   总错误数:     100
2026-05-26 10:19:48.686 [INFO] main.cpp:355 -   发送字节数:   800
2026-05-26 10:19:48.686 [INFO] main.cpp:356 -   接收字节数:   0
2026-05-26 10:19:48.687 [INFO] main.cpp:357 -   平均延迟:     0.00 ms
2026-05-26 10:19:48.687 [INFO] main.cpp:358 -   最大延迟:     0.00 ms
2026-05-26 10:19:48.687 [INFO] main.cpp:359 -   总线争用次数: 0
2026-05-26 10:19:48.687 [INFO] main.cpp:368 - ======== 轮询统计 ========
2026-05-26 10:19:48.687 [INFO] main.cpp:369 -   任务组数:     20
2026-05-26 10:19:48.687 [INFO] main.cpp:370 -   成功事务:     0
2026-05-26 10:19:48.687 [INFO] main.cpp:371 -   失败事务:     100
2026-05-26 10:19:48.687 [INFO] main.cpp:373 -   成功率:       0.0%
2026-05-26 10:19:48.687 [INFO] main.cpp:378 - ======== 命令队列统计 ========
2026-05-26 10:19:48.687 [INFO] main.cpp:379 -   已提交: 0  已执行: 0  成功: 0  失败: 0
2026-05-26 10:19:48.687 [INFO] main.cpp:384 -   队列大小: 0  平均耗时: 0.0ms
2026-05-26 10:19:49.688 [INFO] main.cpp:352 - ======== 总线统计 ========
2026-05-26 10:19:49.688 [INFO] main.cpp:353 -   总事务数:     100
2026-05-26 10:19:49.688 [INFO] main.cpp:354 -   总错误数:     100
2026-05-26 10:19:49.688 [INFO] main.cpp:355 -   发送字节数:   800
2026-05-26 10:19:49.688 [INFO] main.cpp:356 -   接收字节数:   0
2026-05-26 10:19:49.688 [INFO] main.cpp:357 -   平均延迟:     0.00 ms
2026-05-26 10:19:49.688 [INFO] main.cpp:358 -   最大延迟:     0.00 ms
2026-05-26 10:19:49.688 [INFO] main.cpp:359 -   总线争用次数: 0
2026-05-26 10:19:49.688 [INFO] main.cpp:368 - ======== 轮询统计 ========
2026-05-26 10:19:49.688 [INFO] main.cpp:369 -   任务组数:     20
2026-05-26 10:19:49.689 [INFO] main.cpp:370 -   成功事务:     0
2026-05-26 10:19:49.689 [INFO] main.cpp:371 -   失败事务:     100
2026-05-26 10:19:49.689 [INFO] main.cpp:373 -   成功率:       0.0%
2026-05-26 10:19:49.689 [INFO] main.cpp:378 - ======== 命令队列统计 ========
2026-05-26 10:19:49.689 [INFO] main.cpp:379 -   已提交: 0  已执行: 0  成功: 0  失败: 0
2026-05-26 10:19:49.689 [INFO] main.cpp:384 -   队列大小: 0  平均耗时: 0.0ms
2026-05-26 10:19:50.690 [INFO] main.cpp:352 - ======== 总线统计 ========
2026-05-26 10:19:50.690 [INFO] main.cpp:353 -   总事务数:     120
2026-05-26 10:19:50.690 [INFO] main.cpp:354 -   总错误数:     100
2026-05-26 10:19:50.690 [INFO] main.cpp:355 -   发送字节数:   800
2026-05-26 10:19:50.690 [INFO] main.cpp:356 -   接收字节数:   0
2026-05-26 10:19:50.690 [INFO] main.cpp:357 -   平均延迟:     0.00 ms
2026-05-26 10:19:50.690 [INFO] main.cpp:358 -   最大延迟:     0.00 ms
2026-05-26 10:19:50.690 [INFO] main.cpp:359 -   总线争用次数: 0
2026-05-26 10:19:50.690 [INFO] main.cpp:368 - ======== 轮询统计 ========
2026-05-26 10:19:50.690 [INFO] main.cpp:369 -   任务组数:     20
2026-05-26 10:19:50.690 [INFO] main.cpp:370 -   成功事务:     0
2026-05-26 10:19:50.690 [INFO] main.cpp:371 -   失败事务:     100
2026-05-26 10:19:50.690 [INFO] main.cpp:373 -   成功率:       0.0%
2026-05-26 10:19:50.690 [INFO] main.cpp:378 - ======== 命令队列统计 ========
2026-05-26 10:19:50.690 [INFO] main.cpp:379 -   已提交: 0  已执行: 0  成功: 0  失败: 0
2026-05-26 10:19:50.690 [INFO] main.cpp:384 -   队列大小: 0  平均耗时: 0.0ms
2026-05-26 10:19:51.691 [INFO] main.cpp:352 - ======== 总线统计 ========
2026-05-26 10:19:51.691 [INFO] main.cpp:353 -   总事务数:     120
2026-05-26 10:19:51.691 [INFO] main.cpp:354 -   总错误数:     100
2026-05-26 10:19:51.691 [INFO] main.cpp:355 -   发送字节数:   960
2026-05-26 10:19:51.691 [INFO] main.cpp:356 -   接收字节数:   0
2026-05-26 10:19:51.691 [INFO] main.cpp:357 -   平均延迟:     0.00 ms
2026-05-26 10:19:51.691 [INFO] main.cpp:358 -   最大延迟:     0.00 ms
2026-05-26 10:19:51.691 [INFO] main.cpp:359 -   总线争用次数: 0
2026-05-26 10:19:51.691 [INFO] main.cpp:368 - ======== 轮询统计 ========
2026-05-26 10:19:51.691 [INFO] main.cpp:369 -   任务组数:     20
2026-05-26 10:19:51.691 [INFO] main.cpp:370 -   成功事务:     0
2026-05-26 10:19:51.692 [INFO] main.cpp:371 -   失败事务:     100
2026-05-26 10:19:51.692 [INFO] main.cpp:373 -   成功率:       0.0%
2026-05-26 10:19:51.692 [INFO] main.cpp:378 - ======== 命令队列统计 ========
2026-05-26 10:19:51.692 [INFO] main.cpp:379 -   已提交: 0  已执行: 0  成功: 0  失败: 0
2026-05-26 10:19:51.692 [INFO] main.cpp:384 -   队列大小: 0  平均耗时: 0.0ms
2026-05-26 10:19:52.693 [INFO] main.cpp:352 - ======== 总线统计 ========
2026-05-26 10:19:52.693 [INFO] main.cpp:353 -   总事务数:     120
2026-05-26 10:19:52.693 [INFO] main.cpp:354 -   总错误数:     120
2026-05-26 10:19:52.693 [INFO] main.cpp:355 -   发送字节数:   960
2026-05-26 10:19:52.693 [INFO] main.cpp:356 -   接收字节数:   0
2026-05-26 10:19:52.693 [INFO] main.cpp:357 -   平均延迟:     0.00 ms
2026-05-26 10:19:52.693 [INFO] main.cpp:358 -   最大延迟:     0.00 ms
2026-05-26 10:19:52.693 [INFO] main.cpp:359 -   总线争用次数: 0
2026-05-26 10:19:52.693 [INFO] main.cpp:368 - ======== 轮询统计 ========
2026-05-26 10:19:52.693 [INFO] main.cpp:369 -   任务组数:     20
2026-05-26 10:19:52.693 [INFO] main.cpp:370 -   成功事务:     0
2026-05-26 10:19:52.693 [INFO] main.cpp:371 -   失败事务:     120
2026-05-26 10:19:52.693 [INFO] main.cpp:373 -   成功率:       0.0%
2026-05-26 10:19:52.693 [INFO] main.cpp:378 - ======== 命令队列统计 ========
2026-05-26 10:19:52.693 [INFO] main.cpp:379 -   已提交: 0  已执行: 0  成功: 0  失败: 0
2026-05-26 10:19:52.693 [INFO] main.cpp:384 -   队列大小: 0  平均耗时: 0.0ms
2026-05-26 10:19:53.694 [INFO] main.cpp:352 - ======== 总线统计 ========
2026-05-26 10:19:53.694 [INFO] main.cpp:353 -   总事务数:     120
2026-05-26 10:19:53.695 [INFO] main.cpp:354 -   总错误数:     120
2026-05-26 10:19:53.695 [INFO] main.cpp:355 -   发送字节数:   960
2026-05-26 10:19:53.695 [INFO] main.cpp:356 -   接收字节数:   0
2026-05-26 10:19:53.695 [INFO] main.cpp:357 -   平均延迟:     0.00 ms
2026-05-26 10:19:53.695 [INFO] main.cpp:358 -   最大延迟:     0.00 ms
2026-05-26 10:19:53.695 [INFO] main.cpp:359 -   总线争用次数: 0
2026-05-26 10:19:53.695 [INFO] main.cpp:368 - ======== 轮询统计 ========
2026-05-26 10:19:53.695 [INFO] main.cpp:369 -   任务组数:     20
2026-05-26 10:19:53.695 [INFO] main.cpp:370 -   成功事务:     0
2026-05-26 10:19:53.695 [INFO] main.cpp:371 -   失败事务:     120
2026-05-26 10:19:53.695 [INFO] main.cpp:373 -   成功率:       0.0%
2026-05-26 10:19:53.695 [INFO] main.cpp:378 - ======== 命令队列统计 ========
2026-05-26 10:19:53.695 [INFO] main.cpp:379 -   已提交: 0  已执行: 0  成功: 0  失败: 0
2026-05-26 10:19:53.695 [INFO] main.cpp:384 -   队列大小: 0  平均耗时: 0.0ms
2026-05-26 10:19:54.696 [INFO] main.cpp:352 - ======== 总线统计 ========
2026-05-26 10:19:54.696 [INFO] main.cpp:353 -   总事务数:     120
2026-05-26 10:19:54.696 [INFO] main.cpp:354 -   总错误数:     120
2026-05-26 10:19:54.696 [INFO] main.cpp:355 -   发送字节数:   960
2026-05-26 10:19:54.696 [INFO] main.cpp:356 -   接收字节数:   0
2026-05-26 10:19:54.696 [INFO] main.cpp:357 -   平均延迟:     0.00 ms
2026-05-26 10:19:54.696 [INFO] main.cpp:358 -   最大延迟:     0.00 ms
2026-05-26 10:19:54.696 [INFO] main.cpp:359 -   总线争用次数: 0
2026-05-26 10:19:54.697 [INFO] main.cpp:368 - ======== 轮询统计 ========
2026-05-26 10:19:54.697 [INFO] main.cpp:369 -   任务组数:     20
2026-05-26 10:19:54.697 [INFO] main.cpp:370 -   成功事务:     0
2026-05-26 10:19:54.697 [INFO] main.cpp:371 -   失败事务:     120
2026-05-26 10:19:54.697 [INFO] main.cpp:373 -   成功率:       0.0%
2026-05-26 10:19:54.697 [INFO] main.cpp:378 - ======== 命令队列统计 ========
2026-05-26 10:19:54.697 [INFO] main.cpp:379 -   已提交: 0  已执行: 0  成功: 0  失败: 0
2026-05-26 10:19:54.697 [INFO] main.cpp:384 -   队列大小: 0  平均耗时: 0.0ms
2026-05-26 10:19:55.467 [INFO] main.cpp:392 - 正在停止 Web 服务器...
2026-05-26 10:19:56.058 [INFO] main.cpp:395 - 正在停止所有应用...
2026-05-26 10:19:56.058 [INFO] main.cpp:398 - 正在停止命令队列...
2026-05-26 10:19:56.058 [INFO] command_queue.cpp:307 - 命令处理线程 #0 已退出
2026-05-26 10:19:56.058 [INFO] command_queue.cpp:59 - 命令队列已停止
2026-05-26 10:19:56.058 [INFO] main.cpp:402 - 正在关闭串口...
2026-05-26 10:19:56.059 [INFO] main.cpp:405 - 正在停止轮询...
2026-05-26 10:19:56.159 [INFO] main.cpp:410 - ======== 最终统计 ========
2026-05-26 10:19:56.159 [INFO] main.cpp:411 -   总事务数:     140
2026-05-26 10:19:56.159 [INFO] main.cpp:412 -   总错误数:     140
2026-05-26 10:19:56.159 [INFO] main.cpp:413 -   成功率:       0.0%
2026-05-26 10:19:56.159 [INFO] main.cpp:417 -   平均延迟:     0.00 ms
2026-05-26 10:19:56.159 [INFO] main.cpp:418 -   最大延迟:     0.00 ms
2026-05-26 10:19:56.159 [INFO] main.cpp:419 - === 系统退出 ===

======================================================
  日志系统关闭: 2026-05-26 10:19:56.159
======================================================
