======================================================
  日志系统启动: 2026-05-26 09:41:30.672
  日志文件: ./logs/gateway_20260526_094130.log
  最大文件数: 50
  最低级别: INFO
======================================================
2026-05-26 09:41:30.672 [INFO] main.cpp:171 - === 系统启动 ===
2026-05-26 09:41:30.672 [INFO] main.cpp:172 - 串口: /dev/ttyS9, 波特率: 9600, 工作线程: 4
2026-05-26 09:41:30.672 [INFO] main.cpp:176 - 所有设备已初始化
2026-05-26 09:41:30.673 [INFO] app_security.cpp:40 - 初始化...
2026-05-26 09:41:30.673 [INFO] app_security.cpp:47 - 启动, 路由前缀: /security
2026-05-26 09:41:30.673 [INFO] main.cpp:183 - 应用管理器已启动, 注册了 1 个应用
2026-05-26 09:41:30.673 [INFO] main.cpp:188 - Web 服务器已启动
2026-05-26 09:41:30.673 [INFO] main.cpp:193 - 初始化串口总线: /dev/ttyS9 @ 9600 baud
2026-05-26 09:41:30.673 [INFO] command_queue.cpp:38 - 命令队列启动, 工作线程数: 1
2026-05-26 09:41:30.673 [INFO] main.cpp:211 - 串口总线已就绪, 工作线程数: 4
2026-05-26 09:41:30.673 [INFO] command_queue.cpp:228 - 命令处理线程 #0 已启动
2026-05-26 09:41:30.674 [INFO] main.cpp:310 - 共 20 个轮询任务:
2026-05-26 09:41:30.674 [INFO] main.cpp:313 -   [1] PM2.5传感器 - PM2.5 (间隔: 5000 ms)
2026-05-26 09:41:30.674 [INFO] main.cpp:313 -   [2] PM10传感器 - PM10 (间隔: 5000 ms)
2026-05-26 09:41:30.674 [INFO] main.cpp:313 -   [3] 湿度传感器 - 湿度 (间隔: 5000 ms)
2026-05-26 09:41:30.674 [INFO] main.cpp:313 -   [4] 温度传感器 - 温度 (间隔: 5000 ms)
2026-05-26 09:41:30.674 [INFO] main.cpp:313 -   [5] TVOC传感器 - TVOC (间隔: 5000 ms)
2026-05-26 09:41:30.674 [INFO] main.cpp:313 -   [6] 甲醛传感器 - 甲醛 (间隔: 5000 ms)
2026-05-26 09:41:30.674 [INFO] main.cpp:313 -   [7] 臭氧传感器 - 臭氧 (间隔: 5000 ms)
2026-05-26 09:41:30.674 [INFO] main.cpp:313 -   [8] CO2传感器 - CO2 (间隔: 5000 ms)
2026-05-26 09:41:30.674 [INFO] main.cpp:313 -   [9] 烟雾报警器 - 报警状态 (间隔: 5000 ms)
2026-05-26 09:41:30.674 [INFO] main.cpp:313 -   [10] 恒湿净化一体机 - 环境数据 (间隔: 5000 ms)
2026-05-26 09:41:30.674 [INFO] main.cpp:313 -   [11] 恒湿净化一体机 - 电源状态 (间隔: 5000 ms)
2026-05-26 09:41:30.674 [INFO] main.cpp:313 -   [12] 恒湿净化一体机 - 故障状态 (间隔: 5000 ms)
2026-05-26 09:41:30.674 [INFO] main.cpp:313 -   [13] 报警装置 - 状态 (间隔: 5000 ms)
2026-05-26 09:41:30.674 [INFO] main.cpp:313 -   [14] 水浸传感器 - 浸水状态 (间隔: 5000 ms)
2026-05-26 09:41:30.674 [INFO] main.cpp:313 -   [15] 红外探测器 - 红外状态 (间隔: 5000 ms)
2026-05-26 09:41:30.674 [INFO] main.cpp:313 -   [16] 红外探测器 - 雷达状态 (间隔: 5000 ms)
2026-05-26 09:41:30.674 [INFO] main.cpp:313 -   [17] 霉菌空气净化机 - 环境数据 (间隔: 5000 ms)
2026-05-26 09:41:30.674 [INFO] main.cpp:313 -   [18] 霉菌空气净化机 - 运行模式 (间隔: 5000 ms)
2026-05-26 09:41:30.674 [INFO] main.cpp:313 -   [19] 霉菌空气净化机 - 电源状态 (间隔: 5000 ms)
2026-05-26 09:41:30.674 [INFO] main.cpp:313 -   [20] 弱光检测传感器 - 光照度 (间隔: 5000 ms)
2026-05-26 09:41:30.677 [INFO] main.cpp:330 - 多线程轮询已启动, 按 Ctrl+C 退出
2026-05-26 09:41:31.678 [INFO] main.cpp:352 - ======== 总线统计 ========
2026-05-26 09:41:31.678 [INFO] main.cpp:353 -   总事务数:     20
2026-05-26 09:41:31.678 [INFO] main.cpp:354 -   总错误数:     0
2026-05-26 09:41:31.678 [INFO] main.cpp:355 -   发送字节数:   160
2026-05-26 09:41:31.678 [INFO] main.cpp:356 -   接收字节数:   0
2026-05-26 09:41:31.678 [INFO] main.cpp:357 -   平均延迟:     0.00 ms
2026-05-26 09:41:31.678 [INFO] main.cpp:358 -   最大延迟:     0.00 ms
2026-05-26 09:41:31.678 [INFO] main.cpp:359 -   总线争用次数: 0
2026-05-26 09:41:31.678 [INFO] main.cpp:368 - ======== 轮询统计 ========
2026-05-26 09:41:31.678 [INFO] main.cpp:369 -   任务组数:     20
2026-05-26 09:41:31.678 [INFO] main.cpp:370 -   成功事务:     0
2026-05-26 09:41:31.678 [INFO] main.cpp:371 -   失败事务:     0
2026-05-26 09:41:31.678 [INFO] main.cpp:378 - ======== 命令队列统计 ========
2026-05-26 09:41:31.678 [INFO] main.cpp:379 -   已提交: 0  已执行: 0  成功: 0  失败: 0
2026-05-26 09:41:31.679 [INFO] main.cpp:384 -   队列大小: 0  平均耗时: 0.0ms
2026-05-26 09:41:32.680 [INFO] main.cpp:352 - ======== 总线统计 ========
2026-05-26 09:41:32.680 [INFO] main.cpp:353 -   总事务数:     20
2026-05-26 09:41:32.680 [INFO] main.cpp:354 -   总错误数:     20
2026-05-26 09:41:32.680 [INFO] main.cpp:355 -   发送字节数:   160
2026-05-26 09:41:32.680 [INFO] main.cpp:356 -   接收字节数:   0
2026-05-26 09:41:32.680 [INFO] main.cpp:357 -   平均延迟:     0.00 ms
2026-05-26 09:41:32.680 [INFO] main.cpp:358 -   最大延迟:     0.00 ms
2026-05-26 09:41:32.680 [INFO] main.cpp:359 -   总线争用次数: 0
2026-05-26 09:41:32.680 [INFO] main.cpp:368 - ======== 轮询统计 ========
2026-05-26 09:41:32.680 [INFO] main.cpp:369 -   任务组数:     20
2026-05-26 09:41:32.680 [INFO] main.cpp:370 -   成功事务:     0
2026-05-26 09:41:32.680 [INFO] main.cpp:371 -   失败事务:     20
2026-05-26 09:41:32.680 [INFO] main.cpp:373 -   成功率:       0.0%
2026-05-26 09:41:32.680 [INFO] main.cpp:378 - ======== 命令队列统计 ========
2026-05-26 09:41:32.680 [INFO] main.cpp:379 -   已提交: 0  已执行: 0  成功: 0  失败: 0
2026-05-26 09:41:32.681 [INFO] main.cpp:384 -   队列大小: 0  平均耗时: 0.0ms
2026-05-26 09:41:33.682 [INFO] main.cpp:352 - ======== 总线统计 ========
2026-05-26 09:41:33.682 [INFO] main.cpp:353 -   总事务数:     20
2026-05-26 09:41:33.682 [INFO] main.cpp:354 -   总错误数:     20
2026-05-26 09:41:33.682 [INFO] main.cpp:355 -   发送字节数:   160
2026-05-26 09:41:33.682 [INFO] main.cpp:356 -   接收字节数:   0
2026-05-26 09:41:33.682 [INFO] main.cpp:357 -   平均延迟:     0.00 ms
2026-05-26 09:41:33.682 [INFO] main.cpp:358 -   最大延迟:     0.00 ms
2026-05-26 09:41:33.682 [INFO] main.cpp:359 -   总线争用次数: 0
2026-05-26 09:41:33.682 [INFO] main.cpp:368 - ======== 轮询统计 ========
2026-05-26 09:41:33.682 [INFO] main.cpp:369 -   任务组数:     20
2026-05-26 09:41:33.682 [INFO] main.cpp:370 -   成功事务:     0
2026-05-26 09:41:33.682 [INFO] main.cpp:371 -   失败事务:     20
2026-05-26 09:41:33.682 [INFO] main.cpp:373 -   成功率:       0.0%
2026-05-26 09:41:33.682 [INFO] main.cpp:378 - ======== 命令队列统计 ========
2026-05-26 09:41:33.682 [INFO] main.cpp:379 -   已提交: 0  已执行: 0  成功: 0  失败: 0
2026-05-26 09:41:33.682 [INFO] main.cpp:384 -   队列大小: 0  平均耗时: 0.0ms
2026-05-26 09:41:34.683 [INFO] main.cpp:352 - ======== 总线统计 ========
2026-05-26 09:41:34.684 [INFO] main.cpp:353 -   总事务数:     20
2026-05-26 09:41:34.684 [INFO] main.cpp:354 -   总错误数:     20
2026-05-26 09:41:34.684 [INFO] main.cpp:355 -   发送字节数:   160
2026-05-26 09:41:34.684 [INFO] main.cpp:356 -   接收字节数:   0
2026-05-26 09:41:34.684 [INFO] main.cpp:357 -   平均延迟:     0.00 ms
2026-05-26 09:41:34.684 [INFO] main.cpp:358 -   最大延迟:     0.00 ms
2026-05-26 09:41:34.684 [INFO] main.cpp:359 -   总线争用次数: 0
2026-05-26 09:41:34.684 [INFO] main.cpp:368 - ======== 轮询统计 ========
2026-05-26 09:41:34.684 [INFO] main.cpp:369 -   任务组数:     20
2026-05-26 09:41:34.684 [INFO] main.cpp:370 -   成功事务:     0
2026-05-26 09:41:34.684 [INFO] main.cpp:371 -   失败事务:     20
2026-05-26 09:41:34.684 [INFO] main.cpp:373 -   成功率:       0.0%
2026-05-26 09:41:34.684 [INFO] main.cpp:378 - ======== 命令队列统计 ========
2026-05-26 09:41:34.684 [INFO] main.cpp:379 -   已提交: 0  已执行: 0  成功: 0  失败: 0
2026-05-26 09:41:34.684 [INFO] main.cpp:384 -   队列大小: 0  平均耗时: 0.0ms
2026-05-26 09:41:35.685 [INFO] main.cpp:352 - ======== 总线统计 ========
2026-05-26 09:41:35.685 [INFO] main.cpp:353 -   总事务数:     40
2026-05-26 09:41:35.685 [INFO] main.cpp:354 -   总错误数:     20
2026-05-26 09:41:35.685 [INFO] main.cpp:355 -   发送字节数:   160
2026-05-26 09:41:35.685 [INFO] main.cpp:356 -   接收字节数:   0
2026-05-26 09:41:35.685 [INFO] main.cpp:357 -   平均延迟:     0.00 ms
2026-05-26 09:41:35.685 [INFO] main.cpp:358 -   最大延迟:     0.00 ms
2026-05-26 09:41:35.685 [INFO] main.cpp:359 -   总线争用次数: 0
2026-05-26 09:41:35.685 [INFO] main.cpp:368 - ======== 轮询统计 ========
2026-05-26 09:41:35.686 [INFO] main.cpp:369 -   任务组数:     20
2026-05-26 09:41:35.686 [INFO] main.cpp:370 -   成功事务:     0
2026-05-26 09:41:35.686 [INFO] main.cpp:371 -   失败事务:     20
2026-05-26 09:41:35.686 [INFO] main.cpp:373 -   成功率:       0.0%
2026-05-26 09:41:35.686 [INFO] main.cpp:378 - ======== 命令队列统计 ========
2026-05-26 09:41:35.686 [INFO] main.cpp:379 -   已提交: 0  已执行: 0  成功: 0  失败: 0
2026-05-26 09:41:35.686 [INFO] main.cpp:384 -   队列大小: 0  平均耗时: 0.0ms
2026-05-26 09:41:36.687 [INFO] main.cpp:352 - ======== 总线统计 ========
2026-05-26 09:41:36.687 [INFO] main.cpp:353 -   总事务数:     40
2026-05-26 09:41:36.687 [INFO] main.cpp:354 -   总错误数:     20
2026-05-26 09:41:36.687 [INFO] main.cpp:355 -   发送字节数:   320
2026-05-26 09:41:36.687 [INFO] main.cpp:356 -   接收字节数:   0
2026-05-26 09:41:36.687 [INFO] main.cpp:357 -   平均延迟:     0.00 ms
2026-05-26 09:41:36.687 [INFO] main.cpp:358 -   最大延迟:     0.00 ms
2026-05-26 09:41:36.687 [INFO] main.cpp:359 -   总线争用次数: 0
2026-05-26 09:41:36.687 [INFO] main.cpp:368 - ======== 轮询统计 ========
2026-05-26 09:41:36.687 [INFO] main.cpp:369 -   任务组数:     20
2026-05-26 09:41:36.687 [INFO] main.cpp:370 -   成功事务:     0
2026-05-26 09:41:36.688 [INFO] main.cpp:371 -   失败事务:     20
2026-05-26 09:41:36.688 [INFO] main.cpp:373 -   成功率:       0.0%
2026-05-26 09:41:36.688 [INFO] main.cpp:378 - ======== 命令队列统计 ========
2026-05-26 09:41:36.688 [INFO] main.cpp:379 -   已提交: 0  已执行: 0  成功: 0  失败: 0
2026-05-26 09:41:36.688 [INFO] main.cpp:384 -   队列大小: 0  平均耗时: 0.0ms
2026-05-26 09:41:37.688 [INFO] main.cpp:352 - ======== 总线统计 ========
2026-05-26 09:41:37.688 [INFO] main.cpp:353 -   总事务数:     40
2026-05-26 09:41:37.688 [INFO] main.cpp:354 -   总错误数:     40
2026-05-26 09:41:37.688 [INFO] main.cpp:355 -   发送字节数:   320
2026-05-26 09:41:37.688 [INFO] main.cpp:356 -   接收字节数:   0
2026-05-26 09:41:37.688 [INFO] main.cpp:357 -   平均延迟:     0.00 ms
2026-05-26 09:41:37.688 [INFO] main.cpp:358 -   最大延迟:     0.00 ms
2026-05-26 09:41:37.688 [INFO] main.cpp:359 -   总线争用次数: 0
2026-05-26 09:41:37.688 [INFO] main.cpp:368 - ======== 轮询统计 ========
2026-05-26 09:41:37.688 [INFO] main.cpp:369 -   任务组数:     20
2026-05-26 09:41:37.688 [INFO] main.cpp:370 -   成功事务:     0
2026-05-26 09:41:37.689 [INFO] main.cpp:371 -   失败事务:     40
2026-05-26 09:41:37.689 [INFO] main.cpp:373 -   成功率:       0.0%
2026-05-26 09:41:37.689 [INFO] main.cpp:378 - ======== 命令队列统计 ========
2026-05-26 09:41:37.689 [INFO] main.cpp:379 -   已提交: 0  已执行: 0  成功: 0  失败: 0
2026-05-26 09:41:37.689 [INFO] main.cpp:384 -   队列大小: 0  平均耗时: 0.0ms
2026-05-26 09:41:38.689 [INFO] main.cpp:352 - ======== 总线统计 ========
2026-05-26 09:41:38.689 [INFO] main.cpp:353 -   总事务数:     40
2026-05-26 09:41:38.689 [INFO] main.cpp:354 -   总错误数:     40
2026-05-26 09:41:38.689 [INFO] main.cpp:355 -   发送字节数:   320
2026-05-26 09:41:38.689 [INFO] main.cpp:356 -   接收字节数:   0
2026-05-26 09:41:38.689 [INFO] main.cpp:357 -   平均延迟:     0.00 ms
2026-05-26 09:41:38.689 [INFO] main.cpp:358 -   最大延迟:     0.00 ms
2026-05-26 09:41:38.689 [INFO] main.cpp:359 -   总线争用次数: 0
2026-05-26 09:41:38.690 [INFO] main.cpp:368 - ======== 轮询统计 ========
2026-05-26 09:41:38.690 [INFO] main.cpp:369 -   任务组数:     20
2026-05-26 09:41:38.690 [INFO] main.cpp:370 -   成功事务:     0
2026-05-26 09:41:38.690 [INFO] main.cpp:371 -   失败事务:     40
2026-05-26 09:41:38.690 [INFO] main.cpp:373 -   成功率:       0.0%
2026-05-26 09:41:38.690 [INFO] main.cpp:378 - ======== 命令队列统计 ========
2026-05-26 09:41:38.690 [INFO] main.cpp:379 -   已提交: 0  已执行: 0  成功: 0  失败: 0
2026-05-26 09:41:38.690 [INFO] main.cpp:384 -   队列大小: 0  平均耗时: 0.0ms
2026-05-26 09:41:39.691 [INFO] main.cpp:352 - ======== 总线统计 ========
2026-05-26 09:41:39.691 [INFO] main.cpp:353 -   总事务数:     40
2026-05-26 09:41:39.691 [INFO] main.cpp:354 -   总错误数:     40
2026-05-26 09:41:39.691 [INFO] main.cpp:355 -   发送字节数:   320
2026-05-26 09:41:39.691 [INFO] main.cpp:356 -   接收字节数:   0
2026-05-26 09:41:39.691 [INFO] main.cpp:357 -   平均延迟:     0.00 ms
2026-05-26 09:41:39.691 [INFO] main.cpp:358 -   最大延迟:     0.00 ms
2026-05-26 09:41:39.691 [INFO] main.cpp:359 -   总线争用次数: 0
2026-05-26 09:41:39.692 [INFO] main.cpp:368 - ======== 轮询统计 ========
2026-05-26 09:41:39.692 [INFO] main.cpp:369 -   任务组数:     20
2026-05-26 09:41:39.692 [INFO] main.cpp:370 -   成功事务:     0
2026-05-26 09:41:39.692 [INFO] main.cpp:371 -   失败事务:     40
2026-05-26 09:41:39.692 [INFO] main.cpp:373 -   成功率:       0.0%
2026-05-26 09:41:39.692 [INFO] main.cpp:378 - ======== 命令队列统计 ========
2026-05-26 09:41:39.692 [INFO] main.cpp:379 -   已提交: 0  已执行: 0  成功: 0  失败: 0
2026-05-26 09:41:39.692 [INFO] main.cpp:384 -   队列大小: 0  平均耗时: 0.0ms
2026-05-26 09:41:40.692 [INFO] main.cpp:352 - ======== 总线统计 ========
2026-05-26 09:41:40.692 [INFO] main.cpp:353 -   总事务数:     60
2026-05-26 09:41:40.692 [INFO] main.cpp:354 -   总错误数:     40
2026-05-26 09:41:40.693 [INFO] main.cpp:355 -   发送字节数:   320
2026-05-26 09:41:40.693 [INFO] main.cpp:356 -   接收字节数:   0
2026-05-26 09:41:40.693 [INFO] main.cpp:357 -   平均延迟:     0.00 ms
2026-05-26 09:41:40.693 [INFO] main.cpp:358 -   最大延迟:     0.00 ms
2026-05-26 09:41:40.693 [INFO] main.cpp:359 -   总线争用次数: 0
2026-05-26 09:41:40.693 [INFO] main.cpp:368 - ======== 轮询统计 ========
2026-05-26 09:41:40.693 [INFO] main.cpp:369 -   任务组数:     20
2026-05-26 09:41:40.693 [INFO] main.cpp:370 -   成功事务:     0
2026-05-26 09:41:40.693 [INFO] main.cpp:371 -   失败事务:     40
2026-05-26 09:41:40.693 [INFO] main.cpp:373 -   成功率:       0.0%
2026-05-26 09:41:40.693 [INFO] main.cpp:378 - ======== 命令队列统计 ========
2026-05-26 09:41:40.693 [INFO] main.cpp:379 -   已提交: 0  已执行: 0  成功: 0  失败: 0
2026-05-26 09:41:40.693 [INFO] main.cpp:384 -   队列大小: 0  平均耗时: 0.0ms
2026-05-26 09:41:41.694 [INFO] main.cpp:352 - ======== 总线统计 ========
2026-05-26 09:41:41.694 [INFO] main.cpp:353 -   总事务数:     60
2026-05-26 09:41:41.694 [INFO] main.cpp:354 -   总错误数:     40
2026-05-26 09:41:41.694 [INFO] main.cpp:355 -   发送字节数:   480
2026-05-26 09:41:41.694 [INFO] main.cpp:356 -   接收字节数:   0
2026-05-26 09:41:41.694 [INFO] main.cpp:357 -   平均延迟:     0.00 ms
2026-05-26 09:41:41.695 [INFO] main.cpp:358 -   最大延迟:     0.00 ms
2026-05-26 09:41:41.695 [INFO] main.cpp:359 -   总线争用次数: 0
2026-05-26 09:41:41.695 [INFO] main.cpp:368 - ======== 轮询统计 ========
2026-05-26 09:41:41.695 [INFO] main.cpp:369 -   任务组数:     20
2026-05-26 09:41:41.695 [INFO] main.cpp:370 -   成功事务:     0
2026-05-26 09:41:41.695 [INFO] main.cpp:371 -   失败事务:     40
2026-05-26 09:41:41.695 [INFO] main.cpp:373 -   成功率:       0.0%
2026-05-26 09:41:41.695 [INFO] main.cpp:378 - ======== 命令队列统计 ========
2026-05-26 09:41:41.695 [INFO] main.cpp:379 -   已提交: 0  已执行: 0  成功: 0  失败: 0
2026-05-26 09:41:41.695 [INFO] main.cpp:384 -   队列大小: 0  平均耗时: 0.0ms
2026-05-26 09:41:42.696 [INFO] main.cpp:352 - ======== 总线统计 ========
2026-05-26 09:41:42.696 [INFO] main.cpp:353 -   总事务数:     60
2026-05-26 09:41:42.696 [INFO] main.cpp:354 -   总错误数:     60
2026-05-26 09:41:42.696 [INFO] main.cpp:355 -   发送字节数:   480
2026-05-26 09:41:42.696 [INFO] main.cpp:356 -   接收字节数:   0
2026-05-26 09:41:42.697 [INFO] main.cpp:357 -   平均延迟:     0.00 ms
2026-05-26 09:41:42.697 [INFO] main.cpp:358 -   最大延迟:     0.00 ms
2026-05-26 09:41:42.697 [INFO] main.cpp:359 -   总线争用次数: 0
2026-05-26 09:41:42.697 [INFO] main.cpp:368 - ======== 轮询统计 ========
2026-05-26 09:41:42.697 [INFO] main.cpp:369 -   任务组数:     20
2026-05-26 09:41:42.697 [INFO] main.cpp:370 -   成功事务:     0
2026-05-26 09:41:42.697 [INFO] main.cpp:371 -   失败事务:     60
2026-05-26 09:41:42.697 [INFO] main.cpp:373 -   成功率:       0.0%
2026-05-26 09:41:42.697 [INFO] main.cpp:378 - ======== 命令队列统计 ========
2026-05-26 09:41:42.697 [INFO] main.cpp:379 -   已提交: 0  已执行: 0  成功: 0  失败: 0
2026-05-26 09:41:42.697 [INFO] main.cpp:384 -   队列大小: 0  平均耗时: 0.0ms
2026-05-26 09:41:43.698 [INFO] main.cpp:352 - ======== 总线统计 ========
2026-05-26 09:41:43.698 [INFO] main.cpp:353 -   总事务数:     60
2026-05-26 09:41:43.698 [INFO] main.cpp:354 -   总错误数:     60
2026-05-26 09:41:43.698 [INFO] main.cpp:355 -   发送字节数:   480
2026-05-26 09:41:43.698 [INFO] main.cpp:356 -   接收字节数:   0
2026-05-26 09:41:43.698 [INFO] main.cpp:357 -   平均延迟:     0.00 ms
2026-05-26 09:41:43.698 [INFO] main.cpp:358 -   最大延迟:     0.00 ms
2026-05-26 09:41:43.698 [INFO] main.cpp:359 -   总线争用次数: 0
2026-05-26 09:41:43.698 [INFO] main.cpp:368 - ======== 轮询统计 ========
2026-05-26 09:41:43.698 [INFO] main.cpp:369 -   任务组数:     20
2026-05-26 09:41:43.698 [INFO] main.cpp:370 -   成功事务:     0
2026-05-26 09:41:43.699 [INFO] main.cpp:371 -   失败事务:     60
2026-05-26 09:41:43.699 [INFO] main.cpp:373 -   成功率:       0.0%
2026-05-26 09:41:43.699 [INFO] main.cpp:378 - ======== 命令队列统计 ========
2026-05-26 09:41:43.699 [INFO] main.cpp:379 -   已提交: 0  已执行: 0  成功: 0  失败: 0
2026-05-26 09:41:43.699 [INFO] main.cpp:384 -   队列大小: 0  平均耗时: 0.0ms
2026-05-26 09:41:44.700 [INFO] main.cpp:352 - ======== 总线统计 ========
2026-05-26 09:41:44.700 [INFO] main.cpp:353 -   总事务数:     60
2026-05-26 09:41:44.700 [INFO] main.cpp:354 -   总错误数:     60
2026-05-26 09:41:44.700 [INFO] main.cpp:355 -   发送字节数:   480
2026-05-26 09:41:44.700 [INFO] main.cpp:356 -   接收字节数:   0
2026-05-26 09:41:44.700 [INFO] main.cpp:357 -   平均延迟:     0.00 ms
2026-05-26 09:41:44.700 [INFO] main.cpp:358 -   最大延迟:     0.00 ms
2026-05-26 09:41:44.700 [INFO] main.cpp:359 -   总线争用次数: 0
2026-05-26 09:41:44.700 [INFO] main.cpp:368 - ======== 轮询统计 ========
2026-05-26 09:41:44.700 [INFO] main.cpp:369 -   任务组数:     20
2026-05-26 09:41:44.700 [INFO] main.cpp:370 -   成功事务:     0
2026-05-26 09:41:44.701 [INFO] main.cpp:371 -   失败事务:     60
2026-05-26 09:41:44.701 [INFO] main.cpp:373 -   成功率:       0.0%
2026-05-26 09:41:44.701 [INFO] main.cpp:378 - ======== 命令队列统计 ========
2026-05-26 09:41:44.701 [INFO] main.cpp:379 -   已提交: 0  已执行: 0  成功: 0  失败: 0
2026-05-26 09:41:44.701 [INFO] main.cpp:384 -   队列大小: 0  平均耗时: 0.0ms
2026-05-26 09:41:45.701 [INFO] main.cpp:352 - ======== 总线统计 ========
2026-05-26 09:41:45.702 [INFO] main.cpp:353 -   总事务数:     80
2026-05-26 09:41:45.702 [INFO] main.cpp:354 -   总错误数:     60
2026-05-26 09:41:45.702 [INFO] main.cpp:355 -   发送字节数:   480
2026-05-26 09:41:45.702 [INFO] main.cpp:356 -   接收字节数:   0
2026-05-26 09:41:45.702 [INFO] main.cpp:357 -   平均延迟:     0.00 ms
2026-05-26 09:41:45.702 [INFO] main.cpp:358 -   最大延迟:     0.00 ms
2026-05-26 09:41:45.702 [INFO] main.cpp:359 -   总线争用次数: 0
2026-05-26 09:41:45.702 [INFO] main.cpp:368 - ======== 轮询统计 ========
2026-05-26 09:41:45.702 [INFO] main.cpp:369 -   任务组数:     20
2026-05-26 09:41:45.702 [INFO] main.cpp:370 -   成功事务:     0
2026-05-26 09:41:45.702 [INFO] main.cpp:371 -   失败事务:     60
2026-05-26 09:41:45.702 [INFO] main.cpp:373 -   成功率:       0.0%
2026-05-26 09:41:45.702 [INFO] main.cpp:378 - ======== 命令队列统计 ========
2026-05-26 09:41:45.702 [INFO] main.cpp:379 -   已提交: 0  已执行: 0  成功: 0  失败: 0
2026-05-26 09:41:45.702 [INFO] main.cpp:384 -   队列大小: 0  平均耗时: 0.0ms
2026-05-26 09:41:46.703 [INFO] main.cpp:352 - ======== 总线统计 ========
2026-05-26 09:41:46.703 [INFO] main.cpp:353 -   总事务数:     80
2026-05-26 09:41:46.705 [INFO] main.cpp:354 -   总错误数:     60
2026-05-26 09:41:46.705 [INFO] main.cpp:355 -   发送字节数:   640
2026-05-26 09:41:46.705 [INFO] main.cpp:356 -   接收字节数:   0
2026-05-26 09:41:46.705 [INFO] main.cpp:357 -   平均延迟:     0.00 ms
2026-05-26 09:41:46.705 [INFO] main.cpp:358 -   最大延迟:     0.00 ms
2026-05-26 09:41:46.705 [INFO] main.cpp:359 -   总线争用次数: 0
2026-05-26 09:41:46.705 [INFO] main.cpp:368 - ======== 轮询统计 ========
2026-05-26 09:41:46.705 [INFO] main.cpp:369 -   任务组数:     20
2026-05-26 09:41:46.705 [INFO] main.cpp:370 -   成功事务:     0
2026-05-26 09:41:46.705 [INFO] main.cpp:371 -   失败事务:     60
2026-05-26 09:41:46.705 [INFO] main.cpp:373 -   成功率:       0.0%
2026-05-26 09:41:46.705 [INFO] main.cpp:378 - ======== 命令队列统计 ========
2026-05-26 09:41:46.705 [INFO] main.cpp:379 -   已提交: 0  已执行: 0  成功: 0  失败: 0
2026-05-26 09:41:46.706 [INFO] main.cpp:384 -   队列大小: 0  平均耗时: 0.0ms
2026-05-26 09:41:47.707 [INFO] main.cpp:352 - ======== 总线统计 ========
2026-05-26 09:41:47.707 [INFO] main.cpp:353 -   总事务数:     80
2026-05-26 09:41:47.707 [INFO] main.cpp:354 -   总错误数:     80
2026-05-26 09:41:47.707 [INFO] main.cpp:355 -   发送字节数:   640
2026-05-26 09:41:47.707 [INFO] main.cpp:356 -   接收字节数:   0
2026-05-26 09:41:47.707 [INFO] main.cpp:357 -   平均延迟:     0.00 ms
2026-05-26 09:41:47.707 [INFO] main.cpp:358 -   最大延迟:     0.00 ms
2026-05-26 09:41:47.707 [INFO] main.cpp:359 -   总线争用次数: 0
2026-05-26 09:41:47.707 [INFO] main.cpp:368 - ======== 轮询统计 ========
2026-05-26 09:41:47.707 [INFO] main.cpp:369 -   任务组数:     20
2026-05-26 09:41:47.707 [INFO] main.cpp:370 -   成功事务:     0
2026-05-26 09:41:47.707 [INFO] main.cpp:371 -   失败事务:     80
2026-05-26 09:41:47.707 [INFO] main.cpp:373 -   成功率:       0.0%
2026-05-26 09:41:47.707 [INFO] main.cpp:378 - ======== 命令队列统计 ========
2026-05-26 09:41:47.707 [INFO] main.cpp:379 -   已提交: 0  已执行: 0  成功: 0  失败: 0
2026-05-26 09:41:47.707 [INFO] main.cpp:384 -   队列大小: 0  平均耗时: 0.0ms
2026-05-26 09:41:48.708 [INFO] main.cpp:352 - ======== 总线统计 ========
2026-05-26 09:41:48.708 [INFO] main.cpp:353 -   总事务数:     80
2026-05-26 09:41:48.708 [INFO] main.cpp:354 -   总错误数:     80
2026-05-26 09:41:48.708 [INFO] main.cpp:355 -   发送字节数:   640
2026-05-26 09:41:48.708 [INFO] main.cpp:356 -   接收字节数:   0
2026-05-26 09:41:48.708 [INFO] main.cpp:357 -   平均延迟:     0.00 ms
2026-05-26 09:41:48.708 [INFO] main.cpp:358 -   最大延迟:     0.00 ms
2026-05-26 09:41:48.708 [INFO] main.cpp:359 -   总线争用次数: 0
2026-05-26 09:41:48.708 [INFO] main.cpp:368 - ======== 轮询统计 ========
2026-05-26 09:41:48.708 [INFO] main.cpp:369 -   任务组数:     20
2026-05-26 09:41:48.709 [INFO] main.cpp:370 -   成功事务:     0
2026-05-26 09:41:48.709 [INFO] main.cpp:371 -   失败事务:     80
2026-05-26 09:41:48.709 [INFO] main.cpp:373 -   成功率:       0.0%
2026-05-26 09:41:48.709 [INFO] main.cpp:378 - ======== 命令队列统计 ========
2026-05-26 09:41:48.709 [INFO] main.cpp:379 -   已提交: 0  已执行: 0  成功: 0  失败: 0
2026-05-26 09:41:48.709 [INFO] main.cpp:384 -   队列大小: 0  平均耗时: 0.0ms
2026-05-26 09:41:49.710 [INFO] main.cpp:352 - ======== 总线统计 ========
2026-05-26 09:41:49.710 [INFO] main.cpp:353 -   总事务数:     80
2026-05-26 09:41:49.710 [INFO] main.cpp:354 -   总错误数:     80
2026-05-26 09:41:49.710 [INFO] main.cpp:355 -   发送字节数:   640
2026-05-26 09:41:49.710 [INFO] main.cpp:356 -   接收字节数:   0
2026-05-26 09:41:49.710 [INFO] main.cpp:357 -   平均延迟:     0.00 ms
2026-05-26 09:41:49.710 [INFO] main.cpp:358 -   最大延迟:     0.00 ms
2026-05-26 09:41:49.710 [INFO] main.cpp:359 -   总线争用次数: 0
2026-05-26 09:41:49.710 [INFO] main.cpp:368 - ======== 轮询统计 ========
2026-05-26 09:41:49.711 [INFO] main.cpp:369 -   任务组数:     20
2026-05-26 09:41:49.711 [INFO] main.cpp:370 -   成功事务:     0
2026-05-26 09:41:49.711 [INFO] main.cpp:371 -   失败事务:     80
2026-05-26 09:41:49.711 [INFO] main.cpp:373 -   成功率:       0.0%
2026-05-26 09:41:49.711 [INFO] main.cpp:378 - ======== 命令队列统计 ========
2026-05-26 09:41:49.711 [INFO] main.cpp:379 -   已提交: 0  已执行: 0  成功: 0  失败: 0
2026-05-26 09:41:49.711 [INFO] main.cpp:384 -   队列大小: 0  平均耗时: 0.0ms
2026-05-26 09:41:50.711 [INFO] main.cpp:352 - ======== 总线统计 ========
2026-05-26 09:41:50.711 [INFO] main.cpp:353 -   总事务数:     100
2026-05-26 09:41:50.712 [INFO] main.cpp:354 -   总错误数:     80
2026-05-26 09:41:50.712 [INFO] main.cpp:355 -   发送字节数:   640
2026-05-26 09:41:50.712 [INFO] main.cpp:356 -   接收字节数:   0
2026-05-26 09:41:50.712 [INFO] main.cpp:357 -   平均延迟:     0.00 ms
2026-05-26 09:41:50.712 [INFO] main.cpp:358 -   最大延迟:     0.00 ms
2026-05-26 09:41:50.712 [INFO] main.cpp:359 -   总线争用次数: 0
2026-05-26 09:41:50.712 [INFO] main.cpp:368 - ======== 轮询统计 ========
2026-05-26 09:41:50.712 [INFO] main.cpp:369 -   任务组数:     20
2026-05-26 09:41:50.712 [INFO] main.cpp:370 -   成功事务:     0
2026-05-26 09:41:50.712 [INFO] main.cpp:371 -   失败事务:     80
2026-05-26 09:41:50.712 [INFO] main.cpp:373 -   成功率:       0.0%
2026-05-26 09:41:50.712 [INFO] main.cpp:378 - ======== 命令队列统计 ========
2026-05-26 09:41:50.712 [INFO] main.cpp:379 -   已提交: 0  已执行: 0  成功: 0  失败: 0
2026-05-26 09:41:50.712 [INFO] main.cpp:384 -   队列大小: 0  平均耗时: 0.0ms
2026-05-26 09:41:51.713 [INFO] main.cpp:352 - ======== 总线统计 ========
2026-05-26 09:41:51.713 [INFO] main.cpp:353 -   总事务数:     100
2026-05-26 09:41:51.713 [INFO] main.cpp:354 -   总错误数:     80
2026-05-26 09:41:51.713 [INFO] main.cpp:355 -   发送字节数:   800
2026-05-26 09:41:51.713 [INFO] main.cpp:356 -   接收字节数:   0
2026-05-26 09:41:51.714 [INFO] main.cpp:357 -   平均延迟:     0.00 ms
2026-05-26 09:41:51.714 [INFO] main.cpp:358 -   最大延迟:     0.00 ms
2026-05-26 09:41:51.714 [INFO] main.cpp:359 -   总线争用次数: 0
2026-05-26 09:41:51.714 [INFO] main.cpp:368 - ======== 轮询统计 ========
2026-05-26 09:41:51.714 [INFO] main.cpp:369 -   任务组数:     20
2026-05-26 09:41:51.714 [INFO] main.cpp:370 -   成功事务:     0
2026-05-26 09:41:51.714 [INFO] main.cpp:371 -   失败事务:     80
2026-05-26 09:41:51.714 [INFO] main.cpp:373 -   成功率:       0.0%
2026-05-26 09:41:51.714 [INFO] main.cpp:378 - ======== 命令队列统计 ========
2026-05-26 09:41:51.714 [INFO] main.cpp:379 -   已提交: 0  已执行: 0  成功: 0  失败: 0
2026-05-26 09:41:51.714 [INFO] main.cpp:384 -   队列大小: 0  平均耗时: 0.0ms
2026-05-26 09:41:52.715 [INFO] main.cpp:352 - ======== 总线统计 ========
2026-05-26 09:41:52.715 [INFO] main.cpp:353 -   总事务数:     100
2026-05-26 09:41:52.715 [INFO] main.cpp:354 -   总错误数:     100
2026-05-26 09:41:52.715 [INFO] main.cpp:355 -   发送字节数:   800
2026-05-26 09:41:52.715 [INFO] main.cpp:356 -   接收字节数:   0
2026-05-26 09:41:52.715 [INFO] main.cpp:357 -   平均延迟:     0.00 ms
2026-05-26 09:41:52.715 [INFO] main.cpp:358 -   最大延迟:     0.00 ms
2026-05-26 09:41:52.716 [INFO] main.cpp:359 -   总线争用次数: 0
2026-05-26 09:41:52.716 [INFO] main.cpp:368 - ======== 轮询统计 ========
2026-05-26 09:41:52.716 [INFO] main.cpp:369 -   任务组数:     20
2026-05-26 09:41:52.716 [INFO] main.cpp:370 -   成功事务:     0
2026-05-26 09:41:52.716 [INFO] main.cpp:371 -   失败事务:     100
2026-05-26 09:41:52.716 [INFO] main.cpp:373 -   成功率:       0.0%
2026-05-26 09:41:52.716 [INFO] main.cpp:378 - ======== 命令队列统计 ========
2026-05-26 09:41:52.716 [INFO] main.cpp:379 -   已提交: 0  已执行: 0  成功: 0  失败: 0
2026-05-26 09:41:52.716 [INFO] main.cpp:384 -   队列大小: 0  平均耗时: 0.0ms
2026-05-26 09:41:53.717 [INFO] main.cpp:352 - ======== 总线统计 ========
2026-05-26 09:41:53.717 [INFO] main.cpp:353 -   总事务数:     100
2026-05-26 09:41:53.717 [INFO] main.cpp:354 -   总错误数:     100
2026-05-26 09:41:53.717 [INFO] main.cpp:355 -   发送字节数:   800
2026-05-26 09:41:53.717 [INFO] main.cpp:356 -   接收字节数:   0
2026-05-26 09:41:53.717 [INFO] main.cpp:357 -   平均延迟:     0.00 ms
2026-05-26 09:41:53.717 [INFO] main.cpp:358 -   最大延迟:     0.00 ms
2026-05-26 09:41:53.717 [INFO] main.cpp:359 -   总线争用次数: 0
2026-05-26 09:41:53.718 [INFO] main.cpp:368 - ======== 轮询统计 ========
2026-05-26 09:41:53.718 [INFO] main.cpp:369 -   任务组数:     20
2026-05-26 09:41:53.718 [INFO] main.cpp:370 -   成功事务:     0
2026-05-26 09:41:53.718 [INFO] main.cpp:371 -   失败事务:     100
2026-05-26 09:41:53.718 [INFO] main.cpp:373 -   成功率:       0.0%
2026-05-26 09:41:53.718 [INFO] main.cpp:378 - ======== 命令队列统计 ========
2026-05-26 09:41:53.718 [INFO] main.cpp:379 -   已提交: 0  已执行: 0  成功: 0  失败: 0
2026-05-26 09:41:53.718 [INFO] main.cpp:384 -   队列大小: 0  平均耗时: 0.0ms
2026-05-26 09:41:54.719 [INFO] main.cpp:352 - ======== 总线统计 ========
2026-05-26 09:41:54.719 [INFO] main.cpp:353 -   总事务数:     100
2026-05-26 09:41:54.719 [INFO] main.cpp:354 -   总错误数:     100
2026-05-26 09:41:54.719 [INFO] main.cpp:355 -   发送字节数:   800
2026-05-26 09:41:54.719 [INFO] main.cpp:356 -   接收字节数:   0
2026-05-26 09:41:54.719 [INFO] main.cpp:357 -   平均延迟:     0.00 ms
2026-05-26 09:41:54.719 [INFO] main.cpp:358 -   最大延迟:     0.00 ms
2026-05-26 09:41:54.719 [INFO] main.cpp:359 -   总线争用次数: 0
2026-05-26 09:41:54.720 [INFO] main.cpp:368 - ======== 轮询统计 ========
2026-05-26 09:41:54.720 [INFO] main.cpp:369 -   任务组数:     20
2026-05-26 09:41:54.720 [INFO] main.cpp:370 -   成功事务:     0
2026-05-26 09:41:54.720 [INFO] main.cpp:371 -   失败事务:     100
2026-05-26 09:41:54.720 [INFO] main.cpp:373 -   成功率:       0.0%
2026-05-26 09:41:54.720 [INFO] main.cpp:378 - ======== 命令队列统计 ========
2026-05-26 09:41:54.720 [INFO] main.cpp:379 -   已提交: 0  已执行: 0  成功: 0  失败: 0
2026-05-26 09:41:54.720 [INFO] main.cpp:384 -   队列大小: 0  平均耗时: 0.0ms
2026-05-26 09:41:55.721 [INFO] main.cpp:352 - ======== 总线统计 ========
2026-05-26 09:41:55.721 [INFO] main.cpp:353 -   总事务数:     120
2026-05-26 09:41:55.721 [INFO] main.cpp:354 -   总错误数:     100
2026-05-26 09:41:55.721 [INFO] main.cpp:355 -   发送字节数:   800
2026-05-26 09:41:55.721 [INFO] main.cpp:356 -   接收字节数:   0
2026-05-26 09:41:55.721 [INFO] main.cpp:357 -   平均延迟:     0.00 ms
2026-05-26 09:41:55.721 [INFO] main.cpp:358 -   最大延迟:     0.00 ms
2026-05-26 09:41:55.722 [INFO] main.cpp:359 -   总线争用次数: 0
2026-05-26 09:41:55.722 [INFO] main.cpp:368 - ======== 轮询统计 ========
2026-05-26 09:41:55.722 [INFO] main.cpp:369 -   任务组数:     20
2026-05-26 09:41:55.722 [INFO] main.cpp:370 -   成功事务:     0
2026-05-26 09:41:55.722 [INFO] main.cpp:371 -   失败事务:     100
2026-05-26 09:41:55.722 [INFO] main.cpp:373 -   成功率:       0.0%
2026-05-26 09:41:55.722 [INFO] main.cpp:378 - ======== 命令队列统计 ========
2026-05-26 09:41:55.722 [INFO] main.cpp:379 -   已提交: 0  已执行: 0  成功: 0  失败: 0
2026-05-26 09:41:55.722 [INFO] main.cpp:384 -   队列大小: 0  平均耗时: 0.0ms
2026-05-26 09:41:56.723 [INFO] main.cpp:352 - ======== 总线统计 ========
2026-05-26 09:41:56.723 [INFO] main.cpp:353 -   总事务数:     120
2026-05-26 09:41:56.723 [INFO] main.cpp:354 -   总错误数:     100
2026-05-26 09:41:56.723 [INFO] main.cpp:355 -   发送字节数:   960
2026-05-26 09:41:56.723 [INFO] main.cpp:356 -   接收字节数:   0
2026-05-26 09:41:56.723 [INFO] main.cpp:357 -   平均延迟:     0.00 ms
2026-05-26 09:41:56.723 [INFO] main.cpp:358 -   最大延迟:     0.00 ms
2026-05-26 09:41:56.723 [INFO] main.cpp:359 -   总线争用次数: 0
2026-05-26 09:41:56.724 [INFO] main.cpp:368 - ======== 轮询统计 ========
2026-05-26 09:41:56.724 [INFO] main.cpp:369 -   任务组数:     20
2026-05-26 09:41:56.724 [INFO] main.cpp:370 -   成功事务:     0
2026-05-26 09:41:56.724 [INFO] main.cpp:371 -   失败事务:     100
2026-05-26 09:41:56.724 [INFO] main.cpp:373 -   成功率:       0.0%
2026-05-26 09:41:56.724 [INFO] main.cpp:378 - ======== 命令队列统计 ========
2026-05-26 09:41:56.724 [INFO] main.cpp:379 -   已提交: 0  已执行: 0  成功: 0  失败: 0
2026-05-26 09:41:56.724 [INFO] main.cpp:384 -   队列大小: 0  平均耗时: 0.0ms
2026-05-26 09:41:57.725 [INFO] main.cpp:352 - ======== 总线统计 ========
2026-05-26 09:41:57.725 [INFO] main.cpp:353 -   总事务数:     120
2026-05-26 09:41:57.725 [INFO] main.cpp:354 -   总错误数:     120
2026-05-26 09:41:57.725 [INFO] main.cpp:355 -   发送字节数:   960
2026-05-26 09:41:57.725 [INFO] main.cpp:356 -   接收字节数:   0
2026-05-26 09:41:57.725 [INFO] main.cpp:357 -   平均延迟:     0.00 ms
2026-05-26 09:41:57.725 [INFO] main.cpp:358 -   最大延迟:     0.00 ms
2026-05-26 09:41:57.725 [INFO] main.cpp:359 -   总线争用次数: 0
2026-05-26 09:41:57.726 [INFO] main.cpp:368 - ======== 轮询统计 ========
2026-05-26 09:41:57.726 [INFO] main.cpp:369 -   任务组数:     20
2026-05-26 09:41:57.726 [INFO] main.cpp:370 -   成功事务:     0
2026-05-26 09:41:57.726 [INFO] main.cpp:371 -   失败事务:     120
2026-05-26 09:41:57.726 [INFO] main.cpp:373 -   成功率:       0.0%
2026-05-26 09:41:57.726 [INFO] main.cpp:378 - ======== 命令队列统计 ========
2026-05-26 09:41:57.726 [INFO] main.cpp:379 -   已提交: 0  已执行: 0  成功: 0  失败: 0
2026-05-26 09:41:57.726 [INFO] main.cpp:384 -   队列大小: 0  平均耗时: 0.0ms
2026-05-26 09:41:58.727 [INFO] main.cpp:352 - ======== 总线统计 ========
2026-05-26 09:41:58.727 [INFO] main.cpp:353 -   总事务数:     120
2026-05-26 09:41:58.727 [INFO] main.cpp:354 -   总错误数:     120
2026-05-26 09:41:58.727 [INFO] main.cpp:355 -   发送字节数:   960
2026-05-26 09:41:58.727 [INFO] main.cpp:356 -   接收字节数:   0
2026-05-26 09:41:58.727 [INFO] main.cpp:357 -   平均延迟:     0.00 ms
2026-05-26 09:41:58.727 [INFO] main.cpp:358 -   最大延迟:     0.00 ms
2026-05-26 09:41:58.727 [INFO] main.cpp:359 -   总线争用次数: 0
2026-05-26 09:41:58.728 [INFO] main.cpp:368 - ======== 轮询统计 ========
2026-05-26 09:41:58.728 [INFO] main.cpp:369 -   任务组数:     20
2026-05-26 09:41:58.728 [INFO] main.cpp:370 -   成功事务:     0
2026-05-26 09:41:58.728 [INFO] main.cpp:371 -   失败事务:     120
2026-05-26 09:41:58.728 [INFO] main.cpp:373 -   成功率:       0.0%
2026-05-26 09:41:58.728 [INFO] main.cpp:378 - ======== 命令队列统计 ========
2026-05-26 09:41:58.728 [INFO] main.cpp:379 -   已提交: 0  已执行: 0  成功: 0  失败: 0
2026-05-26 09:41:58.728 [INFO] main.cpp:384 -   队列大小: 0  平均耗时: 0.0ms
2026-05-26 09:41:59.729 [INFO] main.cpp:352 - ======== 总线统计 ========
2026-05-26 09:41:59.729 [INFO] main.cpp:353 -   总事务数:     120
2026-05-26 09:41:59.729 [INFO] main.cpp:354 -   总错误数:     120
2026-05-26 09:41:59.729 [INFO] main.cpp:355 -   发送字节数:   960
2026-05-26 09:41:59.729 [INFO] main.cpp:356 -   接收字节数:   0
2026-05-26 09:41:59.729 [INFO] main.cpp:357 -   平均延迟:     0.00 ms
2026-05-26 09:41:59.729 [INFO] main.cpp:358 -   最大延迟:     0.00 ms
2026-05-26 09:41:59.729 [INFO] main.cpp:359 -   总线争用次数: 0
2026-05-26 09:41:59.730 [INFO] main.cpp:368 - ======== 轮询统计 ========
2026-05-26 09:41:59.730 [INFO] main.cpp:369 -   任务组数:     20
2026-05-26 09:41:59.730 [INFO] main.cpp:370 -   成功事务:     0
2026-05-26 09:41:59.730 [INFO] main.cpp:371 -   失败事务:     120
2026-05-26 09:41:59.730 [INFO] main.cpp:373 -   成功率:       0.0%
2026-05-26 09:41:59.730 [INFO] main.cpp:378 - ======== 命令队列统计 ========
2026-05-26 09:41:59.730 [INFO] main.cpp:379 -   已提交: 0  已执行: 0  成功: 0  失败: 0
2026-05-26 09:41:59.730 [INFO] main.cpp:384 -   队列大小: 0  平均耗时: 0.0ms
2026-05-26 09:42:00.731 [INFO] main.cpp:352 - ======== 总线统计 ========
2026-05-26 09:42:00.731 [INFO] main.cpp:353 -   总事务数:     140
2026-05-26 09:42:00.731 [INFO] main.cpp:354 -   总错误数:     120
2026-05-26 09:42:00.731 [INFO] main.cpp:355 -   发送字节数:   960
2026-05-26 09:42:00.731 [INFO] main.cpp:356 -   接收字节数:   0
2026-05-26 09:42:00.731 [INFO] main.cpp:357 -   平均延迟:     0.00 ms
2026-05-26 09:42:00.731 [INFO] main.cpp:358 -   最大延迟:     0.00 ms
2026-05-26 09:42:00.732 [INFO] main.cpp:359 -   总线争用次数: 0
2026-05-26 09:42:00.732 [INFO] main.cpp:368 - ======== 轮询统计 ========
2026-05-26 09:42:00.732 [INFO] main.cpp:369 -   任务组数:     20
2026-05-26 09:42:00.732 [INFO] main.cpp:370 -   成功事务:     0
2026-05-26 09:42:00.732 [INFO] main.cpp:371 -   失败事务:     120
2026-05-26 09:42:00.732 [INFO] main.cpp:373 -   成功率:       0.0%
2026-05-26 09:42:00.732 [INFO] main.cpp:378 - ======== 命令队列统计 ========
2026-05-26 09:42:00.732 [INFO] main.cpp:379 -   已提交: 0  已执行: 0  成功: 0  失败: 0
2026-05-26 09:42:00.732 [INFO] main.cpp:384 -   队列大小: 0  平均耗时: 0.0ms
2026-05-26 09:42:01.733 [INFO] main.cpp:352 - ======== 总线统计 ========
2026-05-26 09:42:01.733 [INFO] main.cpp:353 -   总事务数:     140
2026-05-26 09:42:01.733 [INFO] main.cpp:354 -   总错误数:     120
2026-05-26 09:42:01.733 [INFO] main.cpp:355 -   发送字节数:   1120
2026-05-26 09:42:01.733 [INFO] main.cpp:356 -   接收字节数:   0
2026-05-26 09:42:01.733 [INFO] main.cpp:357 -   平均延迟:     0.00 ms
2026-05-26 09:42:01.733 [INFO] main.cpp:358 -   最大延迟:     0.00 ms
2026-05-26 09:42:01.733 [INFO] main.cpp:359 -   总线争用次数: 0
2026-05-26 09:42:01.734 [INFO] main.cpp:368 - ======== 轮询统计 ========
2026-05-26 09:42:01.734 [INFO] main.cpp:369 -   任务组数:     20
2026-05-26 09:42:01.734 [INFO] main.cpp:370 -   成功事务:     0
2026-05-26 09:42:01.734 [INFO] main.cpp:371 -   失败事务:     120
2026-05-26 09:42:01.734 [INFO] main.cpp:373 -   成功率:       0.0%
2026-05-26 09:42:01.734 [INFO] main.cpp:378 - ======== 命令队列统计 ========
2026-05-26 09:42:01.734 [INFO] main.cpp:379 -   已提交: 0  已执行: 0  成功: 0  失败: 0
2026-05-26 09:42:01.734 [INFO] main.cpp:384 -   队列大小: 0  平均耗时: 0.0ms
2026-05-26 09:42:02.735 [INFO] main.cpp:352 - ======== 总线统计 ========
2026-05-26 09:42:02.735 [INFO] main.cpp:353 -   总事务数:     140
2026-05-26 09:42:02.735 [INFO] main.cpp:354 -   总错误数:     140
2026-05-26 09:42:02.735 [INFO] main.cpp:355 -   发送字节数:   1120
2026-05-26 09:42:02.735 [INFO] main.cpp:356 -   接收字节数:   0
2026-05-26 09:42:02.735 [INFO] main.cpp:357 -   平均延迟:     0.00 ms
2026-05-26 09:42:02.735 [INFO] main.cpp:358 -   最大延迟:     0.00 ms
2026-05-26 09:42:02.735 [INFO] main.cpp:359 -   总线争用次数: 0
2026-05-26 09:42:02.736 [INFO] main.cpp:368 - ======== 轮询统计 ========
2026-05-26 09:42:02.736 [INFO] main.cpp:369 -   任务组数:     20
2026-05-26 09:42:02.736 [INFO] main.cpp:370 -   成功事务:     0
2026-05-26 09:42:02.736 [INFO] main.cpp:371 -   失败事务:     140
2026-05-26 09:42:02.736 [INFO] main.cpp:373 -   成功率:       0.0%
2026-05-26 09:42:02.736 [INFO] main.cpp:378 - ======== 命令队列统计 ========
2026-05-26 09:42:02.736 [INFO] main.cpp:379 -   已提交: 0  已执行: 0  成功: 0  失败: 0
2026-05-26 09:42:02.736 [INFO] main.cpp:384 -   队列大小: 0  平均耗时: 0.0ms
2026-05-26 09:42:03.737 [INFO] main.cpp:352 - ======== 总线统计 ========
2026-05-26 09:42:03.737 [INFO] main.cpp:353 -   总事务数:     140
2026-05-26 09:42:03.737 [INFO] main.cpp:354 -   总错误数:     140
2026-05-26 09:42:03.737 [INFO] main.cpp:355 -   发送字节数:   1120
2026-05-26 09:42:03.737 [INFO] main.cpp:356 -   接收字节数:   0
2026-05-26 09:42:03.737 [INFO] main.cpp:357 -   平均延迟:     0.00 ms
2026-05-26 09:42:03.737 [INFO] main.cpp:358 -   最大延迟:     0.00 ms
2026-05-26 09:42:03.737 [INFO] main.cpp:359 -   总线争用次数: 0
2026-05-26 09:42:03.737 [INFO] main.cpp:368 - ======== 轮询统计 ========
2026-05-26 09:42:03.737 [INFO] main.cpp:369 -   任务组数:     20
2026-05-26 09:42:03.737 [INFO] main.cpp:370 -   成功事务:     0
2026-05-26 09:42:03.737 [INFO] main.cpp:371 -   失败事务:     140
2026-05-26 09:42:03.737 [INFO] main.cpp:373 -   成功率:       0.0%
2026-05-26 09:42:03.737 [INFO] main.cpp:378 - ======== 命令队列统计 ========
2026-05-26 09:42:03.737 [INFO] main.cpp:379 -   已提交: 0  已执行: 0  成功: 0  失败: 0
2026-05-26 09:42:03.737 [INFO] main.cpp:384 -   队列大小: 0  平均耗时: 0.0ms
2026-05-26 09:42:04.739 [INFO] main.cpp:352 - ======== 总线统计 ========
2026-05-26 09:42:04.739 [INFO] main.cpp:353 -   总事务数:     140
2026-05-26 09:42:04.739 [INFO] main.cpp:354 -   总错误数:     140
2026-05-26 09:42:04.739 [INFO] main.cpp:355 -   发送字节数:   1120
2026-05-26 09:42:04.739 [INFO] main.cpp:356 -   接收字节数:   0
2026-05-26 09:42:04.739 [INFO] main.cpp:357 -   平均延迟:     0.00 ms
2026-05-26 09:42:04.739 [INFO] main.cpp:358 -   最大延迟:     0.00 ms
2026-05-26 09:42:04.739 [INFO] main.cpp:359 -   总线争用次数: 0
2026-05-26 09:42:04.739 [INFO] main.cpp:368 - ======== 轮询统计 ========
2026-05-26 09:42:04.739 [INFO] main.cpp:369 -   任务组数:     20
2026-05-26 09:42:04.739 [INFO] main.cpp:370 -   成功事务:     0
2026-05-26 09:42:04.739 [INFO] main.cpp:371 -   失败事务:     140
2026-05-26 09:42:04.739 [INFO] main.cpp:373 -   成功率:       0.0%
2026-05-26 09:42:04.739 [INFO] main.cpp:378 - ======== 命令队列统计 ========
2026-05-26 09:42:04.739 [INFO] main.cpp:379 -   已提交: 0  已执行: 0  成功: 0  失败: 0
2026-05-26 09:42:04.739 [INFO] main.cpp:384 -   队列大小: 0  平均耗时: 0.0ms
2026-05-26 09:42:05.740 [INFO] main.cpp:352 - ======== 总线统计 ========
2026-05-26 09:42:05.741 [INFO] main.cpp:353 -   总事务数:     160
2026-05-26 09:42:05.741 [INFO] main.cpp:354 -   总错误数:     140
2026-05-26 09:42:05.741 [INFO] main.cpp:355 -   发送字节数:   1120
2026-05-26 09:42:05.741 [INFO] main.cpp:356 -   接收字节数:   0
2026-05-26 09:42:05.741 [INFO] main.cpp:357 -   平均延迟:     0.00 ms
2026-05-26 09:42:05.741 [INFO] main.cpp:358 -   最大延迟:     0.00 ms
2026-05-26 09:42:05.741 [INFO] main.cpp:359 -   总线争用次数: 0
2026-05-26 09:42:05.741 [INFO] main.cpp:368 - ======== 轮询统计 ========
2026-05-26 09:42:05.741 [INFO] main.cpp:369 -   任务组数:     20
2026-05-26 09:42:05.741 [INFO] main.cpp:370 -   成功事务:     0
2026-05-26 09:42:05.741 [INFO] main.cpp:371 -   失败事务:     140
2026-05-26 09:42:05.741 [INFO] main.cpp:373 -   成功率:       0.0%
2026-05-26 09:42:05.741 [INFO] main.cpp:378 - ======== 命令队列统计 ========
2026-05-26 09:42:05.741 [INFO] main.cpp:379 -   已提交: 0  已执行: 0  成功: 0  失败: 0
2026-05-26 09:42:05.741 [INFO] main.cpp:384 -   队列大小: 0  平均耗时: 0.0ms
2026-05-26 09:42:06.743 [INFO] main.cpp:352 - ======== 总线统计 ========
2026-05-26 09:42:06.743 [INFO] main.cpp:353 -   总事务数:     160
2026-05-26 09:42:06.743 [INFO] main.cpp:354 -   总错误数:     140
2026-05-26 09:42:06.743 [INFO] main.cpp:355 -   发送字节数:   1280
2026-05-26 09:42:06.743 [INFO] main.cpp:356 -   接收字节数:   0
2026-05-26 09:42:06.743 [INFO] main.cpp:357 -   平均延迟:     0.00 ms
2026-05-26 09:42:06.743 [INFO] main.cpp:358 -   最大延迟:     0.00 ms
2026-05-26 09:42:06.743 [INFO] main.cpp:359 -   总线争用次数: 0
2026-05-26 09:42:06.743 [INFO] main.cpp:368 - ======== 轮询统计 ========
2026-05-26 09:42:06.743 [INFO] main.cpp:369 -   任务组数:     20
2026-05-26 09:42:06.743 [INFO] main.cpp:370 -   成功事务:     0
2026-05-26 09:42:06.743 [INFO] main.cpp:371 -   失败事务:     140
2026-05-26 09:42:06.743 [INFO] main.cpp:373 -   成功率:       0.0%
2026-05-26 09:42:06.743 [INFO] main.cpp:378 - ======== 命令队列统计 ========
2026-05-26 09:42:06.743 [INFO] main.cpp:379 -   已提交: 0  已执行: 0  成功: 0  失败: 0
2026-05-26 09:42:06.743 [INFO] main.cpp:384 -   队列大小: 0  平均耗时: 0.0ms
2026-05-26 09:42:07.745 [INFO] main.cpp:352 - ======== 总线统计 ========
2026-05-26 09:42:07.745 [INFO] main.cpp:353 -   总事务数:     160
2026-05-26 09:42:07.745 [INFO] main.cpp:354 -   总错误数:     160
2026-05-26 09:42:07.745 [INFO] main.cpp:355 -   发送字节数:   1280
2026-05-26 09:42:07.745 [INFO] main.cpp:356 -   接收字节数:   0
2026-05-26 09:42:07.745 [INFO] main.cpp:357 -   平均延迟:     0.00 ms
2026-05-26 09:42:07.745 [INFO] main.cpp:358 -   最大延迟:     0.00 ms
2026-05-26 09:42:07.745 [INFO] main.cpp:359 -   总线争用次数: 0
2026-05-26 09:42:07.745 [INFO] main.cpp:368 - ======== 轮询统计 ========
2026-05-26 09:42:07.745 [INFO] main.cpp:369 -   任务组数:     20
2026-05-26 09:42:07.745 [INFO] main.cpp:370 -   成功事务:     0
2026-05-26 09:42:07.745 [INFO] main.cpp:371 -   失败事务:     160
2026-05-26 09:42:07.745 [INFO] main.cpp:373 -   成功率:       0.0%
2026-05-26 09:42:07.745 [INFO] main.cpp:378 - ======== 命令队列统计 ========
2026-05-26 09:42:07.745 [INFO] main.cpp:379 -   已提交: 0  已执行: 0  成功: 0  失败: 0
2026-05-26 09:42:07.746 [INFO] main.cpp:384 -   队列大小: 0  平均耗时: 0.0ms
2026-05-26 09:42:08.747 [INFO] main.cpp:352 - ======== 总线统计 ========
2026-05-26 09:42:08.747 [INFO] main.cpp:353 -   总事务数:     160
2026-05-26 09:42:08.747 [INFO] main.cpp:354 -   总错误数:     160
2026-05-26 09:42:08.747 [INFO] main.cpp:355 -   发送字节数:   1280
2026-05-26 09:42:08.747 [INFO] main.cpp:356 -   接收字节数:   0
2026-05-26 09:42:08.747 [INFO] main.cpp:357 -   平均延迟:     0.00 ms
2026-05-26 09:42:08.747 [INFO] main.cpp:358 -   最大延迟:     0.00 ms
2026-05-26 09:42:08.747 [INFO] main.cpp:359 -   总线争用次数: 0
2026-05-26 09:42:08.747 [INFO] main.cpp:368 - ======== 轮询统计 ========
2026-05-26 09:42:08.747 [INFO] main.cpp:369 -   任务组数:     20
2026-05-26 09:42:08.747 [INFO] main.cpp:370 -   成功事务:     0
2026-05-26 09:42:08.747 [INFO] main.cpp:371 -   失败事务:     160
2026-05-26 09:42:08.747 [INFO] main.cpp:373 -   成功率:       0.0%
2026-05-26 09:42:08.747 [INFO] main.cpp:378 - ======== 命令队列统计 ========
2026-05-26 09:42:08.747 [INFO] main.cpp:379 -   已提交: 0  已执行: 0  成功: 0  失败: 0
2026-05-26 09:42:08.748 [INFO] main.cpp:384 -   队列大小: 0  平均耗时: 0.0ms
2026-05-26 09:42:09.749 [INFO] main.cpp:352 - ======== 总线统计 ========
2026-05-26 09:42:09.749 [INFO] main.cpp:353 -   总事务数:     160
2026-05-26 09:42:09.749 [INFO] main.cpp:354 -   总错误数:     160
2026-05-26 09:42:09.749 [INFO] main.cpp:355 -   发送字节数:   1280
2026-05-26 09:42:09.749 [INFO] main.cpp:356 -   接收字节数:   0
2026-05-26 09:42:09.749 [INFO] main.cpp:357 -   平均延迟:     0.00 ms
2026-05-26 09:42:09.749 [INFO] main.cpp:358 -   最大延迟:     0.00 ms
2026-05-26 09:42:09.749 [INFO] main.cpp:359 -   总线争用次数: 0
2026-05-26 09:42:09.749 [INFO] main.cpp:368 - ======== 轮询统计 ========
2026-05-26 09:42:09.749 [INFO] main.cpp:369 -   任务组数:     20
2026-05-26 09:42:09.749 [INFO] main.cpp:370 -   成功事务:     0
2026-05-26 09:42:09.749 [INFO] main.cpp:371 -   失败事务:     160
2026-05-26 09:42:09.749 [INFO] main.cpp:373 -   成功率:       0.0%
2026-05-26 09:42:09.749 [INFO] main.cpp:378 - ======== 命令队列统计 ========
2026-05-26 09:42:09.749 [INFO] main.cpp:379 -   已提交: 0  已执行: 0  成功: 0  失败: 0
2026-05-26 09:42:09.749 [INFO] main.cpp:384 -   队列大小: 0  平均耗时: 0.0ms
2026-05-26 09:42:10.751 [INFO] main.cpp:352 - ======== 总线统计 ========
2026-05-26 09:42:10.751 [INFO] main.cpp:353 -   总事务数:     180
2026-05-26 09:42:10.751 [INFO] main.cpp:354 -   总错误数:     160
2026-05-26 09:42:10.751 [INFO] main.cpp:355 -   发送字节数:   1280
2026-05-26 09:42:10.751 [INFO] main.cpp:356 -   接收字节数:   0
2026-05-26 09:42:10.751 [INFO] main.cpp:357 -   平均延迟:     0.00 ms
2026-05-26 09:42:10.751 [INFO] main.cpp:358 -   最大延迟:     0.00 ms
2026-05-26 09:42:10.751 [INFO] main.cpp:359 -   总线争用次数: 0
2026-05-26 09:42:10.751 [INFO] main.cpp:368 - ======== 轮询统计 ========
2026-05-26 09:42:10.751 [INFO] main.cpp:369 -   任务组数:     20
2026-05-26 09:42:10.751 [INFO] main.cpp:370 -   成功事务:     0
2026-05-26 09:42:10.751 [INFO] main.cpp:371 -   失败事务:     160
2026-05-26 09:42:10.751 [INFO] main.cpp:373 -   成功率:       0.0%
2026-05-26 09:42:10.751 [INFO] main.cpp:378 - ======== 命令队列统计 ========
2026-05-26 09:42:10.751 [INFO] main.cpp:379 -   已提交: 0  已执行: 0  成功: 0  失败: 0
2026-05-26 09:42:10.751 [INFO] main.cpp:384 -   队列大小: 0  平均耗时: 0.0ms
2026-05-26 09:42:11.753 [INFO] main.cpp:352 - ======== 总线统计 ========
2026-05-26 09:42:11.753 [INFO] main.cpp:353 -   总事务数:     180
2026-05-26 09:42:11.753 [INFO] main.cpp:354 -   总错误数:     160
2026-05-26 09:42:11.753 [INFO] main.cpp:355 -   发送字节数:   1440
2026-05-26 09:42:11.753 [INFO] main.cpp:356 -   接收字节数:   0
2026-05-26 09:42:11.753 [INFO] main.cpp:357 -   平均延迟:     0.00 ms
2026-05-26 09:42:11.753 [INFO] main.cpp:358 -   最大延迟:     0.00 ms
2026-05-26 09:42:11.753 [INFO] main.cpp:359 -   总线争用次数: 0
2026-05-26 09:42:11.753 [INFO] main.cpp:368 - ======== 轮询统计 ========
2026-05-26 09:42:11.753 [INFO] main.cpp:369 -   任务组数:     20
2026-05-26 09:42:11.753 [INFO] main.cpp:370 -   成功事务:     0
2026-05-26 09:42:11.753 [INFO] main.cpp:371 -   失败事务:     160
2026-05-26 09:42:11.753 [INFO] main.cpp:373 -   成功率:       0.0%
2026-05-26 09:42:11.753 [INFO] main.cpp:378 - ======== 命令队列统计 ========
2026-05-26 09:42:11.753 [INFO] main.cpp:379 -   已提交: 0  已执行: 0  成功: 0  失败: 0
2026-05-26 09:42:11.753 [INFO] main.cpp:384 -   队列大小: 0  平均耗时: 0.0ms
2026-05-26 09:42:12.754 [INFO] main.cpp:352 - ======== 总线统计 ========
2026-05-26 09:42:12.755 [INFO] main.cpp:353 -   总事务数:     180
2026-05-26 09:42:12.756 [INFO] main.cpp:354 -   总错误数:     180
2026-05-26 09:42:12.756 [INFO] main.cpp:355 -   发送字节数:   1440
2026-05-26 09:42:12.756 [INFO] main.cpp:356 -   接收字节数:   0
2026-05-26 09:42:12.756 [INFO] main.cpp:357 -   平均延迟:     0.00 ms
2026-05-26 09:42:12.756 [INFO] main.cpp:358 -   最大延迟:     0.00 ms
2026-05-26 09:42:12.757 [INFO] main.cpp:359 -   总线争用次数: 0
2026-05-26 09:42:12.757 [INFO] main.cpp:368 - ======== 轮询统计 ========
2026-05-26 09:42:12.757 [INFO] main.cpp:369 -   任务组数:     20
2026-05-26 09:42:12.757 [INFO] main.cpp:370 -   成功事务:     0
2026-05-26 09:42:12.757 [INFO] main.cpp:371 -   失败事务:     180
2026-05-26 09:42:12.757 [INFO] main.cpp:373 -   成功率:       0.0%
2026-05-26 09:42:12.757 [INFO] main.cpp:378 - ======== 命令队列统计 ========
2026-05-26 09:42:12.757 [INFO] main.cpp:379 -   已提交: 0  已执行: 0  成功: 0  失败: 0
2026-05-26 09:42:12.757 [INFO] main.cpp:384 -   队列大小: 0  平均耗时: 0.0ms
2026-05-26 09:42:13.758 [INFO] main.cpp:352 - ======== 总线统计 ========
2026-05-26 09:42:13.758 [INFO] main.cpp:353 -   总事务数:     180
2026-05-26 09:42:13.758 [INFO] main.cpp:354 -   总错误数:     180
2026-05-26 09:42:13.758 [INFO] main.cpp:355 -   发送字节数:   1440
2026-05-26 09:42:13.758 [INFO] main.cpp:356 -   接收字节数:   0
2026-05-26 09:42:13.758 [INFO] main.cpp:357 -   平均延迟:     0.00 ms
2026-05-26 09:42:13.758 [INFO] main.cpp:358 -   最大延迟:     0.00 ms
2026-05-26 09:42:13.759 [INFO] main.cpp:359 -   总线争用次数: 0
2026-05-26 09:42:13.759 [INFO] main.cpp:368 - ======== 轮询统计 ========
2026-05-26 09:42:13.759 [INFO] main.cpp:369 -   任务组数:     20
2026-05-26 09:42:13.759 [INFO] main.cpp:370 -   成功事务:     0
2026-05-26 09:42:13.759 [INFO] main.cpp:371 -   失败事务:     180
2026-05-26 09:42:13.759 [INFO] main.cpp:373 -   成功率:       0.0%
2026-05-26 09:42:13.759 [INFO] main.cpp:378 - ======== 命令队列统计 ========
2026-05-26 09:42:13.759 [INFO] main.cpp:379 -   已提交: 0  已执行: 0  成功: 0  失败: 0
2026-05-26 09:42:13.759 [INFO] main.cpp:384 -   队列大小: 0  平均耗时: 0.0ms
2026-05-26 09:42:14.760 [INFO] main.cpp:352 - ======== 总线统计 ========
2026-05-26 09:42:14.760 [INFO] main.cpp:353 -   总事务数:     180
2026-05-26 09:42:14.760 [INFO] main.cpp:354 -   总错误数:     180
2026-05-26 09:42:14.760 [INFO] main.cpp:355 -   发送字节数:   1440
2026-05-26 09:42:14.760 [INFO] main.cpp:356 -   接收字节数:   0
2026-05-26 09:42:14.760 [INFO] main.cpp:357 -   平均延迟:     0.00 ms
2026-05-26 09:42:14.760 [INFO] main.cpp:358 -   最大延迟:     0.00 ms
2026-05-26 09:42:14.760 [INFO] main.cpp:359 -   总线争用次数: 0
2026-05-26 09:42:14.761 [INFO] main.cpp:368 - ======== 轮询统计 ========
2026-05-26 09:42:14.761 [INFO] main.cpp:369 -   任务组数:     20
2026-05-26 09:42:14.761 [INFO] main.cpp:370 -   成功事务:     0
2026-05-26 09:42:14.761 [INFO] main.cpp:371 -   失败事务:     180
2026-05-26 09:42:14.761 [INFO] main.cpp:373 -   成功率:       0.0%
2026-05-26 09:42:14.761 [INFO] main.cpp:378 - ======== 命令队列统计 ========
2026-05-26 09:42:14.761 [INFO] main.cpp:379 -   已提交: 0  已执行: 0  成功: 0  失败: 0
2026-05-26 09:42:14.761 [INFO] main.cpp:384 -   队列大小: 0  平均耗时: 0.0ms
2026-05-26 09:42:15.761 [INFO] main.cpp:352 - ======== 总线统计 ========
2026-05-26 09:42:15.762 [INFO] main.cpp:353 -   总事务数:     200
2026-05-26 09:42:15.762 [INFO] main.cpp:354 -   总错误数:     180
2026-05-26 09:42:15.762 [INFO] main.cpp:355 -   发送字节数:   1440
2026-05-26 09:42:15.762 [INFO] main.cpp:356 -   接收字节数:   0
2026-05-26 09:42:15.762 [INFO] main.cpp:357 -   平均延迟:     0.00 ms
2026-05-26 09:42:15.762 [INFO] main.cpp:358 -   最大延迟:     0.00 ms
2026-05-26 09:42:15.762 [INFO] main.cpp:359 -   总线争用次数: 0
2026-05-26 09:42:15.762 [INFO] main.cpp:368 - ======== 轮询统计 ========
2026-05-26 09:42:15.762 [INFO] main.cpp:369 -   任务组数:     20
2026-05-26 09:42:15.762 [INFO] main.cpp:370 -   成功事务:     0
2026-05-26 09:42:15.762 [INFO] main.cpp:371 -   失败事务:     180
2026-05-26 09:42:15.762 [INFO] main.cpp:373 -   成功率:       0.0%
2026-05-26 09:42:15.762 [INFO] main.cpp:378 - ======== 命令队列统计 ========
2026-05-26 09:42:15.762 [INFO] main.cpp:379 -   已提交: 0  已执行: 0  成功: 0  失败: 0
2026-05-26 09:42:15.762 [INFO] main.cpp:384 -   队列大小: 0  平均耗时: 0.0ms
2026-05-26 09:42:16.763 [INFO] main.cpp:352 - ======== 总线统计 ========
2026-05-26 09:42:16.764 [INFO] main.cpp:353 -   总事务数:     200
2026-05-26 09:42:16.764 [INFO] main.cpp:354 -   总错误数:     180
2026-05-26 09:42:16.764 [INFO] main.cpp:355 -   发送字节数:   1600
2026-05-26 09:42:16.764 [INFO] main.cpp:356 -   接收字节数:   0
2026-05-26 09:42:16.764 [INFO] main.cpp:357 -   平均延迟:     0.00 ms
2026-05-26 09:42:16.764 [INFO] main.cpp:358 -   最大延迟:     0.00 ms
2026-05-26 09:42:16.764 [INFO] main.cpp:359 -   总线争用次数: 0
2026-05-26 09:42:16.764 [INFO] main.cpp:368 - ======== 轮询统计 ========
2026-05-26 09:42:16.764 [INFO] main.cpp:369 -   任务组数:     20
2026-05-26 09:42:16.764 [INFO] main.cpp:370 -   成功事务:     0
2026-05-26 09:42:16.764 [INFO] main.cpp:371 -   失败事务:     180
2026-05-26 09:42:16.764 [INFO] main.cpp:373 -   成功率:       0.0%
2026-05-26 09:42:16.764 [INFO] main.cpp:378 - ======== 命令队列统计 ========
2026-05-26 09:42:16.764 [INFO] main.cpp:379 -   已提交: 0  已执行: 0  成功: 0  失败: 0
2026-05-26 09:42:16.764 [INFO] main.cpp:384 -   队列大小: 0  平均耗时: 0.0ms
2026-05-26 09:42:17.765 [INFO] main.cpp:352 - ======== 总线统计 ========
2026-05-26 09:42:17.766 [INFO] main.cpp:353 -   总事务数:     200
2026-05-26 09:42:17.767 [INFO] main.cpp:354 -   总错误数:     200
2026-05-26 09:42:17.767 [INFO] main.cpp:355 -   发送字节数:   1600
2026-05-26 09:42:17.767 [INFO] main.cpp:356 -   接收字节数:   0
2026-05-26 09:42:17.767 [INFO] main.cpp:357 -   平均延迟:     0.00 ms
2026-05-26 09:42:17.767 [INFO] main.cpp:358 -   最大延迟:     0.00 ms
2026-05-26 09:42:17.767 [INFO] main.cpp:359 -   总线争用次数: 0
2026-05-26 09:42:17.767 [INFO] main.cpp:368 - ======== 轮询统计 ========
2026-05-26 09:42:17.767 [INFO] main.cpp:369 -   任务组数:     20
2026-05-26 09:42:17.768 [INFO] main.cpp:370 -   成功事务:     0
2026-05-26 09:42:17.768 [INFO] main.cpp:371 -   失败事务:     200
2026-05-26 09:42:17.768 [INFO] main.cpp:373 -   成功率:       0.0%
2026-05-26 09:42:17.768 [INFO] main.cpp:378 - ======== 命令队列统计 ========
2026-05-26 09:42:17.768 [INFO] main.cpp:379 -   已提交: 0  已执行: 0  成功: 0  失败: 0
2026-05-26 09:42:17.768 [INFO] main.cpp:384 -   队列大小: 0  平均耗时: 0.0ms
2026-05-26 09:42:18.769 [INFO] main.cpp:352 - ======== 总线统计 ========
2026-05-26 09:42:18.769 [INFO] main.cpp:353 -   总事务数:     200
2026-05-26 09:42:18.769 [INFO] main.cpp:354 -   总错误数:     200
2026-05-26 09:42:18.769 [INFO] main.cpp:355 -   发送字节数:   1600
2026-05-26 09:42:18.769 [INFO] main.cpp:356 -   接收字节数:   0
2026-05-26 09:42:18.769 [INFO] main.cpp:357 -   平均延迟:     0.00 ms
2026-05-26 09:42:18.769 [INFO] main.cpp:358 -   最大延迟:     0.00 ms
2026-05-26 09:42:18.769 [INFO] main.cpp:359 -   总线争用次数: 0
2026-05-26 09:42:18.769 [INFO] main.cpp:368 - ======== 轮询统计 ========
2026-05-26 09:42:18.769 [INFO] main.cpp:369 -   任务组数:     20
2026-05-26 09:42:18.769 [INFO] main.cpp:370 -   成功事务:     0
2026-05-26 09:42:18.770 [INFO] main.cpp:371 -   失败事务:     200
2026-05-26 09:42:18.770 [INFO] main.cpp:373 -   成功率:       0.0%
2026-05-26 09:42:18.770 [INFO] main.cpp:378 - ======== 命令队列统计 ========
2026-05-26 09:42:18.770 [INFO] main.cpp:379 -   已提交: 0  已执行: 0  成功: 0  失败: 0
2026-05-26 09:42:18.770 [INFO] main.cpp:384 -   队列大小: 0  平均耗时: 0.0ms
2026-05-26 09:42:19.771 [INFO] main.cpp:352 - ======== 总线统计 ========
2026-05-26 09:42:19.771 [INFO] main.cpp:353 -   总事务数:     200
2026-05-26 09:42:19.771 [INFO] main.cpp:354 -   总错误数:     200
2026-05-26 09:42:19.771 [INFO] main.cpp:355 -   发送字节数:   1600
2026-05-26 09:42:19.771 [INFO] main.cpp:356 -   接收字节数:   0
2026-05-26 09:42:19.771 [INFO] main.cpp:357 -   平均延迟:     0.00 ms
2026-05-26 09:42:19.771 [INFO] main.cpp:358 -   最大延迟:     0.00 ms
2026-05-26 09:42:19.771 [INFO] main.cpp:359 -   总线争用次数: 0
2026-05-26 09:42:19.771 [INFO] main.cpp:368 - ======== 轮询统计 ========
2026-05-26 09:42:19.771 [INFO] main.cpp:369 -   任务组数:     20
2026-05-26 09:42:19.772 [INFO] main.cpp:370 -   成功事务:     0
2026-05-26 09:42:19.772 [INFO] main.cpp:371 -   失败事务:     200
2026-05-26 09:42:19.772 [INFO] main.cpp:373 -   成功率:       0.0%
2026-05-26 09:42:19.772 [INFO] main.cpp:378 - ======== 命令队列统计 ========
2026-05-26 09:42:19.772 [INFO] main.cpp:379 -   已提交: 0  已执行: 0  成功: 0  失败: 0
2026-05-26 09:42:19.772 [INFO] main.cpp:384 -   队列大小: 0  平均耗时: 0.0ms
2026-05-26 09:42:20.773 [INFO] main.cpp:352 - ======== 总线统计 ========
2026-05-26 09:42:20.773 [INFO] main.cpp:353 -   总事务数:     220
2026-05-26 09:42:20.773 [INFO] main.cpp:354 -   总错误数:     200
2026-05-26 09:42:20.773 [INFO] main.cpp:355 -   发送字节数:   1600
2026-05-26 09:42:20.773 [INFO] main.cpp:356 -   接收字节数:   0
2026-05-26 09:42:20.773 [INFO] main.cpp:357 -   平均延迟:     0.00 ms
2026-05-26 09:42:20.773 [INFO] main.cpp:358 -   最大延迟:     0.00 ms
2026-05-26 09:42:20.773 [INFO] main.cpp:359 -   总线争用次数: 0
2026-05-26 09:42:20.773 [INFO] main.cpp:368 - ======== 轮询统计 ========
2026-05-26 09:42:20.773 [INFO] main.cpp:369 -   任务组数:     20
2026-05-26 09:42:20.773 [INFO] main.cpp:370 -   成功事务:     0
2026-05-26 09:42:20.773 [INFO] main.cpp:371 -   失败事务:     200
2026-05-26 09:42:20.773 [INFO] main.cpp:373 -   成功率:       0.0%
2026-05-26 09:42:20.774 [INFO] main.cpp:378 - ======== 命令队列统计 ========
2026-05-26 09:42:20.774 [INFO] main.cpp:379 -   已提交: 0  已执行: 0  成功: 0  失败: 0
2026-05-26 09:42:20.774 [INFO] main.cpp:384 -   队列大小: 0  平均耗时: 0.0ms
2026-05-26 09:42:21.775 [INFO] main.cpp:352 - ======== 总线统计 ========
2026-05-26 09:42:21.775 [INFO] main.cpp:353 -   总事务数:     220
2026-05-26 09:42:21.775 [INFO] main.cpp:354 -   总错误数:     204
2026-05-26 09:42:21.775 [INFO] main.cpp:355 -   发送字节数:   1760
2026-05-26 09:42:21.775 [INFO] main.cpp:356 -   接收字节数:   0
2026-05-26 09:42:21.775 [INFO] main.cpp:357 -   平均延迟:     0.00 ms
2026-05-26 09:42:21.775 [INFO] main.cpp:358 -   最大延迟:     0.00 ms
2026-05-26 09:42:21.775 [INFO] main.cpp:359 -   总线争用次数: 0
2026-05-26 09:42:21.775 [INFO] main.cpp:368 - ======== 轮询统计 ========
2026-05-26 09:42:21.775 [INFO] main.cpp:369 -   任务组数:     20
2026-05-26 09:42:21.775 [INFO] main.cpp:370 -   成功事务:     0
2026-05-26 09:42:21.775 [INFO] main.cpp:371 -   失败事务:     204
2026-05-26 09:42:21.776 [INFO] main.cpp:373 -   成功率:       0.0%
2026-05-26 09:42:21.776 [INFO] main.cpp:378 - ======== 命令队列统计 ========
2026-05-26 09:42:21.776 [INFO] main.cpp:379 -   已提交: 0  已执行: 0  成功: 0  失败: 0
2026-05-26 09:42:21.776 [INFO] main.cpp:384 -   队列大小: 0  平均耗时: 0.0ms
2026-05-26 09:42:22.776 [INFO] main.cpp:352 - ======== 总线统计 ========
2026-05-26 09:42:22.776 [INFO] main.cpp:353 -   总事务数:     220
2026-05-26 09:42:22.777 [INFO] main.cpp:354 -   总错误数:     220
2026-05-26 09:42:22.777 [INFO] main.cpp:355 -   发送字节数:   1760
2026-05-26 09:42:22.777 [INFO] main.cpp:356 -   接收字节数:   0
2026-05-26 09:42:22.778 [INFO] main.cpp:357 -   平均延迟:     0.00 ms
2026-05-26 09:42:22.778 [INFO] main.cpp:358 -   最大延迟:     0.00 ms
2026-05-26 09:42:22.778 [INFO] main.cpp:359 -   总线争用次数: 0
2026-05-26 09:42:22.778 [INFO] main.cpp:368 - ======== 轮询统计 ========
2026-05-26 09:42:22.778 [INFO] main.cpp:369 -   任务组数:     20
2026-05-26 09:42:22.778 [INFO] main.cpp:370 -   成功事务:     0
2026-05-26 09:42:22.778 [INFO] main.cpp:371 -   失败事务:     220
2026-05-26 09:42:22.778 [INFO] main.cpp:373 -   成功率:       0.0%
2026-05-26 09:42:22.778 [INFO] main.cpp:378 - ======== 命令队列统计 ========
2026-05-26 09:42:22.778 [INFO] main.cpp:379 -   已提交: 0  已执行: 0  成功: 0  失败: 0
2026-05-26 09:42:22.778 [INFO] main.cpp:384 -   队列大小: 0  平均耗时: 0.0ms
2026-05-26 09:42:23.779 [INFO] main.cpp:352 - ======== 总线统计 ========
2026-05-26 09:42:23.779 [INFO] main.cpp:353 -   总事务数:     220
2026-05-26 09:42:23.779 [INFO] main.cpp:354 -   总错误数:     220
2026-05-26 09:42:23.779 [INFO] main.cpp:355 -   发送字节数:   1760
2026-05-26 09:42:23.779 [INFO] main.cpp:356 -   接收字节数:   0
2026-05-26 09:42:23.779 [INFO] main.cpp:357 -   平均延迟:     0.00 ms
2026-05-26 09:42:23.779 [INFO] main.cpp:358 -   最大延迟:     0.00 ms
2026-05-26 09:42:23.780 [INFO] main.cpp:359 -   总线争用次数: 0
2026-05-26 09:42:23.780 [INFO] main.cpp:368 - ======== 轮询统计 ========
2026-05-26 09:42:23.780 [INFO] main.cpp:369 -   任务组数:     20
2026-05-26 09:42:23.780 [INFO] main.cpp:370 -   成功事务:     0
2026-05-26 09:42:23.780 [INFO] main.cpp:371 -   失败事务:     220
2026-05-26 09:42:23.780 [INFO] main.cpp:373 -   成功率:       0.0%
2026-05-26 09:42:23.780 [INFO] main.cpp:378 - ======== 命令队列统计 ========
2026-05-26 09:42:23.780 [INFO] main.cpp:379 -   已提交: 0  已执行: 0  成功: 0  失败: 0
2026-05-26 09:42:23.780 [INFO] main.cpp:384 -   队列大小: 0  平均耗时: 0.0ms
2026-05-26 09:42:24.781 [INFO] main.cpp:352 - ======== 总线统计 ========
2026-05-26 09:42:24.781 [INFO] main.cpp:353 -   总事务数:     220
2026-05-26 09:42:24.781 [INFO] main.cpp:354 -   总错误数:     220
2026-05-26 09:42:24.781 [INFO] main.cpp:355 -   发送字节数:   1760
2026-05-26 09:42:24.781 [INFO] main.cpp:356 -   接收字节数:   0
2026-05-26 09:42:24.781 [INFO] main.cpp:357 -   平均延迟:     0.00 ms
2026-05-26 09:42:24.781 [INFO] main.cpp:358 -   最大延迟:     0.00 ms
2026-05-26 09:42:24.781 [INFO] main.cpp:359 -   总线争用次数: 0
2026-05-26 09:42:24.782 [INFO] main.cpp:368 - ======== 轮询统计 ========
2026-05-26 09:42:24.782 [INFO] main.cpp:369 -   任务组数:     20
2026-05-26 09:42:24.782 [INFO] main.cpp:370 -   成功事务:     0
2026-05-26 09:42:24.782 [INFO] main.cpp:371 -   失败事务:     220
2026-05-26 09:42:24.782 [INFO] main.cpp:373 -   成功率:       0.0%
2026-05-26 09:42:24.782 [INFO] main.cpp:378 - ======== 命令队列统计 ========
2026-05-26 09:42:24.782 [INFO] main.cpp:379 -   已提交: 0  已执行: 0  成功: 0  失败: 0
2026-05-26 09:42:24.782 [INFO] main.cpp:384 -   队列大小: 0  平均耗时: 0.0ms
2026-05-26 09:42:25.783 [INFO] main.cpp:352 - ======== 总线统计 ========
2026-05-26 09:42:25.783 [INFO] main.cpp:353 -   总事务数:     240
2026-05-26 09:42:25.783 [INFO] main.cpp:354 -   总错误数:     220
2026-05-26 09:42:25.783 [INFO] main.cpp:355 -   发送字节数:   1832
2026-05-26 09:42:25.783 [INFO] main.cpp:356 -   接收字节数:   0
2026-05-26 09:42:25.783 [INFO] main.cpp:357 -   平均延迟:     0.00 ms
2026-05-26 09:42:25.783 [INFO] main.cpp:358 -   最大延迟:     0.00 ms
2026-05-26 09:42:25.783 [INFO] main.cpp:359 -   总线争用次数: 0
2026-05-26 09:42:25.783 [INFO] main.cpp:368 - ======== 轮询统计 ========
2026-05-26 09:42:25.783 [INFO] main.cpp:369 -   任务组数:     20
2026-05-26 09:42:25.783 [INFO] main.cpp:370 -   成功事务:     0
2026-05-26 09:42:25.784 [INFO] main.cpp:371 -   失败事务:     220
2026-05-26 09:42:25.784 [INFO] main.cpp:373 -   成功率:       0.0%
2026-05-26 09:42:25.784 [INFO] main.cpp:378 - ======== 命令队列统计 ========
2026-05-26 09:42:25.784 [INFO] main.cpp:379 -   已提交: 0  已执行: 0  成功: 0  失败: 0
2026-05-26 09:42:25.784 [INFO] main.cpp:384 -   队列大小: 0  平均耗时: 0.0ms
2026-05-26 09:42:26.785 [INFO] main.cpp:352 - ======== 总线统计 ========
2026-05-26 09:42:26.785 [INFO] main.cpp:353 -   总事务数:     240
2026-05-26 09:42:26.785 [INFO] main.cpp:354 -   总错误数:     229
2026-05-26 09:42:26.785 [INFO] main.cpp:355 -   发送字节数:   1920
2026-05-26 09:42:26.785 [INFO] main.cpp:356 -   接收字节数:   0
2026-05-26 09:42:26.785 [INFO] main.cpp:357 -   平均延迟:     0.00 ms
2026-05-26 09:42:26.785 [INFO] main.cpp:358 -   最大延迟:     0.00 ms
2026-05-26 09:42:26.785 [INFO] main.cpp:359 -   总线争用次数: 0
2026-05-26 09:42:26.785 [INFO] main.cpp:368 - ======== 轮询统计 ========
2026-05-26 09:42:26.785 [INFO] main.cpp:369 -   任务组数:     20
2026-05-26 09:42:26.785 [INFO] main.cpp:370 -   成功事务:     0
2026-05-26 09:42:26.785 [INFO] main.cpp:371 -   失败事务:     229
2026-05-26 09:42:26.785 [INFO] main.cpp:373 -   成功率:       0.0%
2026-05-26 09:42:26.785 [INFO] main.cpp:378 - ======== 命令队列统计 ========
2026-05-26 09:42:26.785 [INFO] main.cpp:379 -   已提交: 0  已执行: 0  成功: 0  失败: 0
2026-05-26 09:42:26.785 [INFO] main.cpp:384 -   队列大小: 0  平均耗时: 0.0ms
2026-05-26 09:42:27.786 [INFO] main.cpp:352 - ======== 总线统计 ========
2026-05-26 09:42:27.786 [INFO] main.cpp:353 -   总事务数:     240
2026-05-26 09:42:27.786 [INFO] main.cpp:354 -   总错误数:     240
2026-05-26 09:42:27.786 [INFO] main.cpp:355 -   发送字节数:   1920
2026-05-26 09:42:27.786 [INFO] main.cpp:356 -   接收字节数:   0
2026-05-26 09:42:27.786 [INFO] main.cpp:357 -   平均延迟:     0.00 ms
2026-05-26 09:42:27.786 [INFO] main.cpp:358 -   最大延迟:     0.00 ms
2026-05-26 09:42:27.786 [INFO] main.cpp:359 -   总线争用次数: 0
2026-05-26 09:42:27.786 [INFO] main.cpp:368 - ======== 轮询统计 ========
2026-05-26 09:42:27.786 [INFO] main.cpp:369 -   任务组数:     20
2026-05-26 09:42:27.786 [INFO] main.cpp:370 -   成功事务:     0
2026-05-26 09:42:27.786 [INFO] main.cpp:371 -   失败事务:     240
2026-05-26 09:42:27.786 [INFO] main.cpp:373 -   成功率:       0.0%
2026-05-26 09:42:27.786 [INFO] main.cpp:378 - ======== 命令队列统计 ========
2026-05-26 09:42:27.786 [INFO] main.cpp:379 -   已提交: 0  已执行: 0  成功: 0  失败: 0
2026-05-26 09:42:27.786 [INFO] main.cpp:384 -   队列大小: 0  平均耗时: 0.0ms
2026-05-26 09:42:28.787 [INFO] main.cpp:352 - ======== 总线统计 ========
2026-05-26 09:42:28.788 [INFO] main.cpp:353 -   总事务数:     240
2026-05-26 09:42:28.788 [INFO] main.cpp:354 -   总错误数:     240
2026-05-26 09:42:28.788 [INFO] main.cpp:355 -   发送字节数:   1920
2026-05-26 09:42:28.788 [INFO] main.cpp:356 -   接收字节数:   0
2026-05-26 09:42:28.788 [INFO] main.cpp:357 -   平均延迟:     0.00 ms
2026-05-26 09:42:28.788 [INFO] main.cpp:358 -   最大延迟:     0.00 ms
2026-05-26 09:42:28.788 [INFO] main.cpp:359 -   总线争用次数: 0
2026-05-26 09:42:28.788 [INFO] main.cpp:368 - ======== 轮询统计 ========
2026-05-26 09:42:28.788 [INFO] main.cpp:369 -   任务组数:     20
2026-05-26 09:42:28.788 [INFO] main.cpp:370 -   成功事务:     0
2026-05-26 09:42:28.788 [INFO] main.cpp:371 -   失败事务:     240
2026-05-26 09:42:28.788 [INFO] main.cpp:373 -   成功率:       0.0%
2026-05-26 09:42:28.788 [INFO] main.cpp:378 - ======== 命令队列统计 ========
2026-05-26 09:42:28.788 [INFO] main.cpp:379 -   已提交: 0  已执行: 0  成功: 0  失败: 0
2026-05-26 09:42:28.788 [INFO] main.cpp:384 -   队列大小: 0  平均耗时: 0.0ms
2026-05-26 09:42:29.789 [INFO] main.cpp:352 - ======== 总线统计 ========
2026-05-26 09:42:29.789 [INFO] main.cpp:353 -   总事务数:     240
2026-05-26 09:42:29.789 [INFO] main.cpp:354 -   总错误数:     240
2026-05-26 09:42:29.789 [INFO] main.cpp:355 -   发送字节数:   1920
2026-05-26 09:42:29.789 [INFO] main.cpp:356 -   接收字节数:   0
2026-05-26 09:42:29.789 [INFO] main.cpp:357 -   平均延迟:     0.00 ms
2026-05-26 09:42:29.789 [INFO] main.cpp:358 -   最大延迟:     0.00 ms
2026-05-26 09:42:29.789 [INFO] main.cpp:359 -   总线争用次数: 0
2026-05-26 09:42:29.789 [INFO] main.cpp:368 - ======== 轮询统计 ========
2026-05-26 09:42:29.789 [INFO] main.cpp:369 -   任务组数:     20
2026-05-26 09:42:29.789 [INFO] main.cpp:370 -   成功事务:     0
2026-05-26 09:42:29.790 [INFO] main.cpp:371 -   失败事务:     240
2026-05-26 09:42:29.790 [INFO] main.cpp:373 -   成功率:       0.0%
2026-05-26 09:42:29.790 [INFO] main.cpp:378 - ======== 命令队列统计 ========
2026-05-26 09:42:29.790 [INFO] main.cpp:379 -   已提交: 0  已执行: 0  成功: 0  失败: 0
2026-05-26 09:42:29.790 [INFO] main.cpp:384 -   队列大小: 0  平均耗时: 0.0ms
2026-05-26 09:42:30.791 [INFO] main.cpp:352 - ======== 总线统计 ========
2026-05-26 09:42:30.791 [INFO] main.cpp:353 -   总事务数:     260
2026-05-26 09:42:30.791 [INFO] main.cpp:354 -   总错误数:     240
2026-05-26 09:42:30.791 [INFO] main.cpp:355 -   发送字节数:   2000
2026-05-26 09:42:30.791 [INFO] main.cpp:356 -   接收字节数:   0
2026-05-26 09:42:30.791 [INFO] main.cpp:357 -   平均延迟:     0.00 ms
2026-05-26 09:42:30.791 [INFO] main.cpp:358 -   最大延迟:     0.00 ms
2026-05-26 09:42:30.791 [INFO] main.cpp:359 -   总线争用次数: 0
2026-05-26 09:42:30.791 [INFO] main.cpp:368 - ======== 轮询统计 ========
2026-05-26 09:42:30.791 [INFO] main.cpp:369 -   任务组数:     20
2026-05-26 09:42:30.791 [INFO] main.cpp:370 -   成功事务:     0
2026-05-26 09:42:30.792 [INFO] main.cpp:371 -   失败事务:     240
2026-05-26 09:42:30.792 [INFO] main.cpp:373 -   成功率:       0.0%
2026-05-26 09:42:30.792 [INFO] main.cpp:378 - ======== 命令队列统计 ========
2026-05-26 09:42:30.792 [INFO] main.cpp:379 -   已提交: 0  已执行: 0  成功: 0  失败: 0
2026-05-26 09:42:30.792 [INFO] main.cpp:384 -   队列大小: 0  平均耗时: 0.0ms
2026-05-26 09:42:31.793 [INFO] main.cpp:352 - ======== 总线统计 ========
2026-05-26 09:42:31.793 [INFO] main.cpp:353 -   总事务数:     260
2026-05-26 09:42:31.793 [INFO] main.cpp:354 -   总错误数:     258
2026-05-26 09:42:31.793 [INFO] main.cpp:355 -   发送字节数:   2080
2026-05-26 09:42:31.793 [INFO] main.cpp:356 -   接收字节数:   0
2026-05-26 09:42:31.793 [INFO] main.cpp:357 -   平均延迟:     0.00 ms
2026-05-26 09:42:31.793 [INFO] main.cpp:358 -   最大延迟:     0.00 ms
2026-05-26 09:42:31.793 [INFO] main.cpp:359 -   总线争用次数: 0
2026-05-26 09:42:31.793 [INFO] main.cpp:368 - ======== 轮询统计 ========
2026-05-26 09:42:31.793 [INFO] main.cpp:369 -   任务组数:     20
2026-05-26 09:42:31.793 [INFO] main.cpp:370 -   成功事务:     0
2026-05-26 09:42:31.793 [INFO] main.cpp:371 -   失败事务:     258
2026-05-26 09:42:31.794 [INFO] main.cpp:373 -   成功率:       0.0%
2026-05-26 09:42:31.794 [INFO] main.cpp:378 - ======== 命令队列统计 ========
2026-05-26 09:42:31.794 [INFO] main.cpp:379 -   已提交: 0  已执行: 0  成功: 0  失败: 0
2026-05-26 09:42:31.794 [INFO] main.cpp:384 -   队列大小: 0  平均耗时: 0.0ms
2026-05-26 09:42:32.795 [INFO] main.cpp:352 - ======== 总线统计 ========
2026-05-26 09:42:32.795 [INFO] main.cpp:353 -   总事务数:     260
2026-05-26 09:42:32.795 [INFO] main.cpp:354 -   总错误数:     260
2026-05-26 09:42:32.795 [INFO] main.cpp:355 -   发送字节数:   2080
2026-05-26 09:42:32.795 [INFO] main.cpp:356 -   接收字节数:   0
2026-05-26 09:42:32.795 [INFO] main.cpp:357 -   平均延迟:     0.00 ms
2026-05-26 09:42:32.795 [INFO] main.cpp:358 -   最大延迟:     0.00 ms
2026-05-26 09:42:32.795 [INFO] main.cpp:359 -   总线争用次数: 0
2026-05-26 09:42:32.795 [INFO] main.cpp:368 - ======== 轮询统计 ========
2026-05-26 09:42:32.795 [INFO] main.cpp:369 -   任务组数:     20
2026-05-26 09:42:32.795 [INFO] main.cpp:370 -   成功事务:     0
2026-05-26 09:42:32.795 [INFO] main.cpp:371 -   失败事务:     260
2026-05-26 09:42:32.795 [INFO] main.cpp:373 -   成功率:       0.0%
2026-05-26 09:42:32.795 [INFO] main.cpp:378 - ======== 命令队列统计 ========
2026-05-26 09:42:32.795 [INFO] main.cpp:379 -   已提交: 0  已执行: 0  成功: 0  失败: 0
2026-05-26 09:42:32.795 [INFO] main.cpp:384 -   队列大小: 0  平均耗时: 0.0ms
2026-05-26 09:42:33.796 [INFO] main.cpp:352 - ======== 总线统计 ========
2026-05-26 09:42:33.797 [INFO] main.cpp:353 -   总事务数:     260
2026-05-26 09:42:33.797 [INFO] main.cpp:354 -   总错误数:     260
2026-05-26 09:42:33.797 [INFO] main.cpp:355 -   发送字节数:   2080
2026-05-26 09:42:33.797 [INFO] main.cpp:356 -   接收字节数:   0
2026-05-26 09:42:33.797 [INFO] main.cpp:357 -   平均延迟:     0.00 ms
2026-05-26 09:42:33.797 [INFO] main.cpp:358 -   最大延迟:     0.00 ms
2026-05-26 09:42:33.797 [INFO] main.cpp:359 -   总线争用次数: 0
2026-05-26 09:42:33.797 [INFO] main.cpp:368 - ======== 轮询统计 ========
2026-05-26 09:42:33.797 [INFO] main.cpp:369 -   任务组数:     20
2026-05-26 09:42:33.797 [INFO] main.cpp:370 -   成功事务:     0
2026-05-26 09:42:33.797 [INFO] main.cpp:371 -   失败事务:     260
2026-05-26 09:42:33.797 [INFO] main.cpp:373 -   成功率:       0.0%
2026-05-26 09:42:33.797 [INFO] main.cpp:378 - ======== 命令队列统计 ========
2026-05-26 09:42:33.797 [INFO] main.cpp:379 -   已提交: 0  已执行: 0  成功: 0  失败: 0
2026-05-26 09:42:33.797 [INFO] main.cpp:384 -   队列大小: 0  平均耗时: 0.0ms
2026-05-26 09:42:34.798 [INFO] main.cpp:352 - ======== 总线统计 ========
2026-05-26 09:42:34.798 [INFO] main.cpp:353 -   总事务数:     260
2026-05-26 09:42:34.798 [INFO] main.cpp:354 -   总错误数:     260
2026-05-26 09:42:34.798 [INFO] main.cpp:355 -   发送字节数:   2080
2026-05-26 09:42:34.799 [INFO] main.cpp:356 -   接收字节数:   0
2026-05-26 09:42:34.799 [INFO] main.cpp:357 -   平均延迟:     0.00 ms
2026-05-26 09:42:34.799 [INFO] main.cpp:358 -   最大延迟:     0.00 ms
2026-05-26 09:42:34.799 [INFO] main.cpp:359 -   总线争用次数: 0
2026-05-26 09:42:34.799 [INFO] main.cpp:368 - ======== 轮询统计 ========
2026-05-26 09:42:34.799 [INFO] main.cpp:369 -   任务组数:     20
2026-05-26 09:42:34.799 [INFO] main.cpp:370 -   成功事务:     0
2026-05-26 09:42:34.799 [INFO] main.cpp:371 -   失败事务:     260
2026-05-26 09:42:34.799 [INFO] main.cpp:373 -   成功率:       0.0%
2026-05-26 09:42:34.799 [INFO] main.cpp:378 - ======== 命令队列统计 ========
2026-05-26 09:42:34.799 [INFO] main.cpp:379 -   已提交: 0  已执行: 0  成功: 0  失败: 0
2026-05-26 09:42:34.799 [INFO] main.cpp:384 -   队列大小: 0  平均耗时: 0.0ms
2026-05-26 09:42:35.633 [INFO] main.cpp:392 - 正在停止 Web 服务器...
2026-05-26 09:42:36.626 [INFO] main.cpp:395 - 正在停止所有应用...
2026-05-26 09:42:36.626 [INFO] app_security.cpp:55 - 已停止
2026-05-26 09:42:36.626 [INFO] main.cpp:398 - 正在停止命令队列...
2026-05-26 09:42:36.626 [INFO] command_queue.cpp:307 - 命令处理线程 #0 已退出
2026-05-26 09:42:36.626 [INFO] command_queue.cpp:59 - 命令队列已停止
2026-05-26 09:42:36.626 [INFO] main.cpp:402 - 正在关闭串口...
2026-05-26 09:42:36.626 [INFO] main.cpp:405 - 正在停止轮询...
2026-05-26 09:42:36.728 [INFO] main.cpp:410 - ======== 最终统计 ========
2026-05-26 09:42:36.728 [INFO] main.cpp:411 -   总事务数:     280
2026-05-26 09:42:36.728 [INFO] main.cpp:412 -   总错误数:     280
2026-05-26 09:42:36.728 [INFO] main.cpp:413 -   成功率:       0.0%
2026-05-26 09:42:36.728 [INFO] main.cpp:417 -   平均延迟:     0.00 ms
2026-05-26 09:42:36.728 [INFO] main.cpp:418 -   最大延迟:     0.00 ms
2026-05-26 09:42:36.728 [INFO] main.cpp:419 - === 系统退出 ===

======================================================
  日志系统关闭: 2026-05-26 09:42:36.728
======================================================
