======================================================
  日志系统启动: 2026-05-26 08:37:36.701
  日志文件: ./logs/gateway_20260526_083736.log
  最大文件数: 50
  最低级别: INFO
======================================================
2026-05-26 08:37:36.702 [INFO] main.cpp:171 - === 系统启动 ===
2026-05-26 08:37:36.702 [INFO] main.cpp:172 - 串口: /dev/ttyS9, 波特率: 9600, 工作线程: 4
2026-05-26 08:37:36.702 [INFO] main.cpp:176 - 所有设备已初始化
2026-05-26 08:37:36.702 [INFO] app_security.cpp:39 - [安防应用] 初始化...
2026-05-26 08:37:36.702 [INFO] app_security.cpp:46 - [安防应用] 启动, 路由前缀: /security
2026-05-26 08:37:36.702 [INFO] main.cpp:183 - 应用管理器已启动, 注册了 1 个应用
2026-05-26 08:37:36.702 [INFO] main.cpp:188 - Web 服务器已启动
2026-05-26 08:37:36.702 [INFO] main.cpp:193 - 初始化串口总线: /dev/ttyS9 @ 9600 baud
2026-05-26 08:37:36.702 [INFO] command_queue.cpp:38 - 命令队列启动, 工作线程数: 1
2026-05-26 08:37:36.702 [INFO] main.cpp:211 - 串口总线已就绪, 工作线程数: 4
2026-05-26 08:37:36.702 [INFO] command_queue.cpp:228 - 命令处理线程 #0 已启动
2026-05-26 08:37:36.703 [INFO] main.cpp:310 - 共 20 个轮询任务:
2026-05-26 08:37:36.703 [INFO] main.cpp:313 -   [1] PM2.5传感器 - PM2.5 (间隔: 5000 ms)
2026-05-26 08:37:36.703 [INFO] main.cpp:313 -   [2] PM10传感器 - PM10 (间隔: 5000 ms)
2026-05-26 08:37:36.703 [INFO] main.cpp:313 -   [3] 湿度传感器 - 湿度 (间隔: 5000 ms)
2026-05-26 08:37:36.703 [INFO] main.cpp:313 -   [4] 温度传感器 - 温度 (间隔: 5000 ms)
2026-05-26 08:37:36.703 [INFO] main.cpp:313 -   [5] TVOC传感器 - TVOC (间隔: 5000 ms)
2026-05-26 08:37:36.703 [INFO] main.cpp:313 -   [6] 甲醛传感器 - 甲醛 (间隔: 5000 ms)
2026-05-26 08:37:36.703 [INFO] main.cpp:313 -   [7] 臭氧传感器 - 臭氧 (间隔: 5000 ms)
2026-05-26 08:37:36.703 [INFO] main.cpp:313 -   [8] CO2传感器 - CO2 (间隔: 5000 ms)
2026-05-26 08:37:36.703 [INFO] main.cpp:313 -   [9] 烟雾报警器 - 报警状态 (间隔: 5000 ms)
2026-05-26 08:37:36.703 [INFO] main.cpp:313 -   [10] 恒湿净化一体机 - 环境数据 (间隔: 5000 ms)
2026-05-26 08:37:36.703 [INFO] main.cpp:313 -   [11] 恒湿净化一体机 - 电源状态 (间隔: 5000 ms)
2026-05-26 08:37:36.703 [INFO] main.cpp:313 -   [12] 恒湿净化一体机 - 故障状态 (间隔: 5000 ms)
2026-05-26 08:37:36.703 [INFO] main.cpp:313 -   [13] 报警装置 - 状态 (间隔: 5000 ms)
2026-05-26 08:37:36.703 [INFO] main.cpp:313 -   [14] 水浸传感器 - 浸水状态 (间隔: 5000 ms)
2026-05-26 08:37:36.703 [INFO] main.cpp:313 -   [15] 红外探测器 - 红外状态 (间隔: 5000 ms)
2026-05-26 08:37:36.703 [INFO] main.cpp:313 -   [16] 红外探测器 - 雷达状态 (间隔: 5000 ms)
2026-05-26 08:37:36.703 [INFO] main.cpp:313 -   [17] 霉菌空气净化机 - 环境数据 (间隔: 5000 ms)
2026-05-26 08:37:36.703 [INFO] main.cpp:313 -   [18] 霉菌空气净化机 - 运行模式 (间隔: 5000 ms)
2026-05-26 08:37:36.703 [INFO] main.cpp:313 -   [19] 霉菌空气净化机 - 电源状态 (间隔: 5000 ms)
2026-05-26 08:37:36.703 [INFO] main.cpp:313 -   [20] 弱光检测传感器 - 光照度 (间隔: 5000 ms)
2026-05-26 08:37:36.705 [INFO] main.cpp:330 - 多线程轮询已启动, 按 Ctrl+C 退出
2026-05-26 08:37:46.715 [INFO] main.cpp:347 - ======== 总线统计 ========
2026-05-26 08:37:46.715 [INFO] main.cpp:348 -   总事务数:     10
2026-05-26 08:37:46.715 [INFO] main.cpp:349 -   总错误数:     9
2026-05-26 08:37:46.715 [INFO] main.cpp:350 -   发送字节数:   80
2026-05-26 08:37:46.715 [INFO] main.cpp:351 -   接收字节数:   0
2026-05-26 08:37:46.715 [INFO] main.cpp:352 -   平均延迟:     0.00 ms
2026-05-26 08:37:46.715 [INFO] main.cpp:353 -   最大延迟:     0.00 ms
2026-05-26 08:37:46.715 [INFO] main.cpp:354 -   总线争用次数: 7
2026-05-26 08:37:46.715 [INFO] main.cpp:363 - ======== 轮询统计 ========
2026-05-26 08:37:46.715 [INFO] main.cpp:364 -   任务组数:     20
2026-05-26 08:37:46.715 [INFO] main.cpp:365 -   成功事务:     0
2026-05-26 08:37:46.716 [INFO] main.cpp:366 -   失败事务:     9
2026-05-26 08:37:46.716 [INFO] main.cpp:368 -   成功率:       0.0%
2026-05-26 08:37:46.716 [INFO] main.cpp:373 - ======== 命令队列统计 ========
2026-05-26 08:37:46.716 [INFO] main.cpp:374 -   已提交: 0  已执行: 0  成功: 0  失败: 0
2026-05-26 08:37:46.716 [INFO] main.cpp:379 -   队列大小: 0  平均耗时: 0.0ms
2026-05-26 08:37:51.700 [INFO] main.cpp:387 - 正在停止 Web 服务器...
2026-05-26 08:37:51.898 [INFO] main.cpp:390 - 正在停止所有应用...
2026-05-26 08:37:51.899 [INFO] app_security.cpp:54 - [安防应用] 已停止
2026-05-26 08:37:51.899 [INFO] main.cpp:393 - 正在停止命令队列...
2026-05-26 08:37:51.899 [INFO] command_queue.cpp:307 - 命令处理线程 #0 已退出
2026-05-26 08:37:51.899 [INFO] command_queue.cpp:59 - 命令队列已停止
2026-05-26 08:37:51.899 [INFO] main.cpp:397 - 正在关闭串口...
