======================================================
  日志系统启动: 2026-05-26 08:20:15.493
  日志文件: ./logs/gateway_20260526_082015.log
  最大文件数: 50
  最低级别: INFO
======================================================
2026-05-26 08:20:15.493 [INFO] main.cpp:164 - === 系统启动 ===
2026-05-26 08:20:15.493 [INFO] main.cpp:165 - 串口: /dev/ttyS9, 波特率: 9600, 工作线程: 4
2026-05-26 08:20:15.493 [INFO] main.cpp:169 - 所有设备已初始化
2026-05-26 08:20:15.493 [INFO] app_security.cpp:39 - [安防应用] 初始化...
2026-05-26 08:20:15.493 [INFO] app_security.cpp:46 - [安防应用] 启动, 路由前缀: /security
2026-05-26 08:20:15.493 [INFO] main.cpp:176 - 应用管理器已启动, 注册了 1 个应用
2026-05-26 08:20:15.493 [INFO] main.cpp:181 - Web 服务器已启动
2026-05-26 08:20:15.494 [INFO] main.cpp:186 - 初始化串口总线: /dev/ttyS9 @ 9600 baud
2026-05-26 08:20:15.494 [INFO] command_queue.cpp:38 - 命令队列启动, 工作线程数: 1
2026-05-26 08:20:15.494 [INFO] main.cpp:204 - 串口总线已就绪, 工作线程数: 4
2026-05-26 08:20:15.494 [INFO] command_queue.cpp:228 - 命令处理线程 #0 已启动
2026-05-26 08:20:15.494 [INFO] main.cpp:303 - 共 20 个轮询任务:
2026-05-26 08:20:15.494 [INFO] main.cpp:306 -   [1] PM2.5传感器 - PM2.5 (间隔: 5000 ms)
2026-05-26 08:20:15.494 [INFO] main.cpp:306 -   [2] PM10传感器 - PM10 (间隔: 5000 ms)
2026-05-26 08:20:15.494 [INFO] main.cpp:306 -   [3] 湿度传感器 - 湿度 (间隔: 5000 ms)
2026-05-26 08:20:15.494 [INFO] main.cpp:306 -   [4] 温度传感器 - 温度 (间隔: 5000 ms)
2026-05-26 08:20:15.494 [INFO] main.cpp:306 -   [5] TVOC传感器 - TVOC (间隔: 5000 ms)
2026-05-26 08:20:15.494 [INFO] main.cpp:306 -   [6] 甲醛传感器 - 甲醛 (间隔: 5000 ms)
2026-05-26 08:20:15.494 [INFO] main.cpp:306 -   [7] 臭氧传感器 - 臭氧 (间隔: 5000 ms)
2026-05-26 08:20:15.494 [INFO] main.cpp:306 -   [8] CO2传感器 - CO2 (间隔: 5000 ms)
2026-05-26 08:20:15.494 [INFO] main.cpp:306 -   [9] 烟雾报警器 - 报警状态 (间隔: 5000 ms)
2026-05-26 08:20:15.494 [INFO] main.cpp:306 -   [10] 恒湿净化一体机 - 环境数据 (间隔: 5000 ms)
2026-05-26 08:20:15.494 [INFO] main.cpp:306 -   [11] 恒湿净化一体机 - 电源状态 (间隔: 5000 ms)
2026-05-26 08:20:15.494 [INFO] main.cpp:306 -   [12] 恒湿净化一体机 - 故障状态 (间隔: 5000 ms)
2026-05-26 08:20:15.494 [INFO] main.cpp:306 -   [13] 报警装置 - 状态 (间隔: 5000 ms)
2026-05-26 08:20:15.495 [INFO] main.cpp:306 -   [14] 水浸传感器 - 浸水状态 (间隔: 5000 ms)
2026-05-26 08:20:15.495 [INFO] main.cpp:306 -   [15] 红外探测器 - 红外状态 (间隔: 5000 ms)
2026-05-26 08:20:15.495 [INFO] main.cpp:306 -   [16] 红外探测器 - 雷达状态 (间隔: 5000 ms)
2026-05-26 08:20:15.495 [INFO] main.cpp:306 -   [17] 霉菌空气净化机 - 环境数据 (间隔: 5000 ms)
2026-05-26 08:20:15.495 [INFO] main.cpp:306 -   [18] 霉菌空气净化机 - 运行模式 (间隔: 5000 ms)
2026-05-26 08:20:15.495 [INFO] main.cpp:306 -   [19] 霉菌空气净化机 - 电源状态 (间隔: 5000 ms)
2026-05-26 08:20:15.495 [INFO] main.cpp:306 -   [20] 弱光检测传感器 - 光照度 (间隔: 5000 ms)
2026-05-26 08:20:15.496 [INFO] main.cpp:322 - 多线程轮询已启动, 按 Ctrl+C 退出
2026-05-26 08:20:20.491 [INFO] main.cpp:379 - 正在停止 Web 服务器...
2026-05-26 08:20:20.565 [INFO] main.cpp:382 - 正在停止所有应用...
2026-05-26 08:20:20.565 [INFO] app_security.cpp:54 - [安防应用] 已停止
2026-05-26 08:20:20.565 [INFO] main.cpp:385 - 正在停止命令队列...
2026-05-26 08:20:20.565 [INFO] command_queue.cpp:307 - 命令处理线程 #0 已退出
2026-05-26 08:20:20.565 [INFO] command_queue.cpp:59 - 命令队列已停止
2026-05-26 08:20:20.566 [INFO] main.cpp:389 - 正在关闭串口...
