======================================================
  日志系统启动: 2026-05-26 11:35:52.438
  日志文件: ./logs/gateway_20260526_113552.log
  最大文件数: 50
  最低级别: INFO
======================================================
2026-05-26 11:35:52.438 [INFO] main.cpp:171 - === 系统启动 ===
2026-05-26 11:35:52.438 [INFO] main.cpp:172 - 串口: /dev/ttyS9, 波特率: 9600, 工作线程: 4
2026-05-26 11:35:52.438 [INFO] main.cpp:176 - 所有设备已初始化
2026-05-26 11:35:52.439 [INFO] main.cpp:183 - 应用管理器已启动, 注册了 1 个应用
2026-05-26 11:35:52.439 [INFO] main.cpp:188 - Web 服务器已启动
2026-05-26 11:35:52.439 [INFO] main.cpp:193 - 初始化串口总线: /dev/ttyS9 @ 9600 baud
2026-05-26 11:35:52.439 [INFO] command_queue.cpp:38 - 命令队列启动, 工作线程数: 1
2026-05-26 11:35:52.439 [INFO] main.cpp:211 - 串口总线已就绪, 工作线程数: 4
2026-05-26 11:35:52.439 [INFO] command_queue.cpp:228 - 命令处理线程 #0 已启动
2026-05-26 11:35:52.439 [INFO] main.cpp:310 - 共 20 个轮询任务:
2026-05-26 11:35:52.440 [INFO] main.cpp:313 -   [1] PM2.5传感器 - PM2.5 (间隔: 5000 ms)
2026-05-26 11:35:52.440 [INFO] main.cpp:313 -   [2] PM10传感器 - PM10 (间隔: 5000 ms)
2026-05-26 11:35:52.440 [INFO] main.cpp:313 -   [3] 湿度传感器 - 湿度 (间隔: 5000 ms)
2026-05-26 11:35:52.440 [INFO] main.cpp:313 -   [4] 温度传感器 - 温度 (间隔: 5000 ms)
2026-05-26 11:35:52.440 [INFO] main.cpp:313 -   [5] TVOC传感器 - TVOC (间隔: 5000 ms)
2026-05-26 11:35:52.440 [INFO] main.cpp:313 -   [6] 甲醛传感器 - 甲醛 (间隔: 5000 ms)
2026-05-26 11:35:52.440 [INFO] main.cpp:313 -   [7] 臭氧传感器 - 臭氧 (间隔: 5000 ms)
2026-05-26 11:35:52.440 [INFO] main.cpp:313 -   [8] CO2传感器 - CO2 (间隔: 5000 ms)
2026-05-26 11:35:52.440 [INFO] main.cpp:313 -   [9] 烟雾报警器 - 报警状态 (间隔: 5000 ms)
2026-05-26 11:35:52.440 [INFO] main.cpp:313 -   [10] 恒湿净化一体机 - 环境数据 (间隔: 5000 ms)
2026-05-26 11:35:52.440 [INFO] main.cpp:313 -   [11] 恒湿净化一体机 - 电源状态 (间隔: 5000 ms)
2026-05-26 11:35:52.440 [INFO] main.cpp:313 -   [12] 恒湿净化一体机 - 故障状态 (间隔: 5000 ms)
2026-05-26 11:35:52.440 [INFO] main.cpp:313 -   [13] 报警装置 - 状态 (间隔: 5000 ms)
2026-05-26 11:35:52.440 [INFO] main.cpp:313 -   [14] 水浸传感器 - 浸水状态 (间隔: 5000 ms)
2026-05-26 11:35:52.440 [INFO] main.cpp:313 -   [15] 红外探测器 - 红外状态 (间隔: 5000 ms)
2026-05-26 11:35:52.440 [INFO] main.cpp:313 -   [16] 红外探测器 - 雷达状态 (间隔: 5000 ms)
2026-05-26 11:35:52.440 [INFO] main.cpp:313 -   [17] 霉菌空气净化机 - 环境数据 (间隔: 5000 ms)
2026-05-26 11:35:52.440 [INFO] main.cpp:313 -   [18] 霉菌空气净化机 - 运行模式 (间隔: 5000 ms)
2026-05-26 11:35:52.440 [INFO] main.cpp:313 -   [19] 霉菌空气净化机 - 电源状态 (间隔: 5000 ms)
2026-05-26 11:35:52.440 [INFO] main.cpp:313 -   [20] 弱光检测传感器 - 光照度 (间隔: 5000 ms)
2026-05-26 11:35:52.442 [INFO] main.cpp:330 - 多线程轮询已启动, 按 Ctrl+C 退出
2026-05-26 11:35:53.444 [INFO] main.cpp:352 - ======== 总线统计 ========
2026-05-26 11:35:53.444 [INFO] main.cpp:353 -   总事务数:     20
2026-05-26 11:35:53.444 [INFO] main.cpp:354 -   总错误数:     0
2026-05-26 11:35:53.444 [INFO] main.cpp:355 -   发送字节数:   160
2026-05-26 11:35:53.444 [INFO] main.cpp:356 -   接收字节数:   0
2026-05-26 11:35:53.444 [INFO] main.cpp:357 -   平均延迟:     0.00 ms
2026-05-26 11:35:53.444 [INFO] main.cpp:358 -   最大延迟:     0.00 ms
2026-05-26 11:35:53.444 [INFO] main.cpp:359 -   总线争用次数: 0
2026-05-26 11:35:53.444 [INFO] main.cpp:368 - ======== 轮询统计 ========
2026-05-26 11:35:53.444 [INFO] main.cpp:369 -   任务组数:     20
2026-05-26 11:35:53.444 [INFO] main.cpp:370 -   成功事务:     0
2026-05-26 11:35:53.444 [INFO] main.cpp:371 -   失败事务:     0
2026-05-26 11:35:53.444 [INFO] main.cpp:378 - ======== 命令队列统计 ========
2026-05-26 11:35:53.444 [INFO] main.cpp:379 -   已提交: 0  已执行: 0  成功: 0  失败: 0
2026-05-26 11:35:53.444 [INFO] main.cpp:384 -   队列大小: 0  平均耗时: 0.0ms
2026-05-26 11:35:54.445 [INFO] main.cpp:352 - ======== 总线统计 ========
2026-05-26 11:35:54.446 [INFO] main.cpp:353 -   总事务数:     20
2026-05-26 11:35:54.446 [INFO] main.cpp:354 -   总错误数:     20
2026-05-26 11:35:54.446 [INFO] main.cpp:355 -   发送字节数:   160
2026-05-26 11:35:54.446 [INFO] main.cpp:356 -   接收字节数:   0
2026-05-26 11:35:54.446 [INFO] main.cpp:357 -   平均延迟:     0.00 ms
2026-05-26 11:35:54.446 [INFO] main.cpp:358 -   最大延迟:     0.00 ms
2026-05-26 11:35:54.446 [INFO] main.cpp:359 -   总线争用次数: 0
2026-05-26 11:35:54.446 [INFO] main.cpp:368 - ======== 轮询统计 ========
2026-05-26 11:35:54.446 [INFO] main.cpp:369 -   任务组数:     20
2026-05-26 11:35:54.446 [INFO] main.cpp:370 -   成功事务:     0
2026-05-26 11:35:54.446 [INFO] main.cpp:371 -   失败事务:     20
2026-05-26 11:35:54.446 [INFO] main.cpp:373 -   成功率:       0.0%
2026-05-26 11:35:54.446 [INFO] main.cpp:378 - ======== 命令队列统计 ========
2026-05-26 11:35:54.446 [INFO] main.cpp:379 -   已提交: 0  已执行: 0  成功: 0  失败: 0
2026-05-26 11:35:54.446 [INFO] main.cpp:384 -   队列大小: 0  平均耗时: 0.0ms
2026-05-26 11:35:55.447 [INFO] main.cpp:352 - ======== 总线统计 ========
2026-05-26 11:35:55.448 [INFO] main.cpp:353 -   总事务数:     20
2026-05-26 11:35:55.448 [INFO] main.cpp:354 -   总错误数:     20
2026-05-26 11:35:55.448 [INFO] main.cpp:355 -   发送字节数:   160
2026-05-26 11:35:55.448 [INFO] main.cpp:356 -   接收字节数:   0
2026-05-26 11:35:55.448 [INFO] main.cpp:357 -   平均延迟:     0.00 ms
2026-05-26 11:35:55.448 [INFO] main.cpp:358 -   最大延迟:     0.00 ms
2026-05-26 11:35:55.448 [INFO] main.cpp:359 -   总线争用次数: 0
2026-05-26 11:35:55.448 [INFO] main.cpp:368 - ======== 轮询统计 ========
2026-05-26 11:35:55.448 [INFO] main.cpp:369 -   任务组数:     20
2026-05-26 11:35:55.448 [INFO] main.cpp:370 -   成功事务:     0
2026-05-26 11:35:55.448 [INFO] main.cpp:371 -   失败事务:     20
2026-05-26 11:35:55.448 [INFO] main.cpp:373 -   成功率:       0.0%
2026-05-26 11:35:55.448 [INFO] main.cpp:378 - ======== 命令队列统计 ========
2026-05-26 11:35:55.448 [INFO] main.cpp:379 -   已提交: 0  已执行: 0  成功: 0  失败: 0
2026-05-26 11:35:55.448 [INFO] main.cpp:384 -   队列大小: 0  平均耗时: 0.0ms
2026-05-26 11:35:56.449 [INFO] main.cpp:352 - ======== 总线统计 ========
2026-05-26 11:35:56.450 [INFO] main.cpp:353 -   总事务数:     20
2026-05-26 11:35:56.450 [INFO] main.cpp:354 -   总错误数:     20
2026-05-26 11:35:56.450 [INFO] main.cpp:355 -   发送字节数:   160
2026-05-26 11:35:56.450 [INFO] main.cpp:356 -   接收字节数:   0
2026-05-26 11:35:56.450 [INFO] main.cpp:357 -   平均延迟:     0.00 ms
2026-05-26 11:35:56.450 [INFO] main.cpp:358 -   最大延迟:     0.00 ms
2026-05-26 11:35:56.450 [INFO] main.cpp:359 -   总线争用次数: 0
2026-05-26 11:35:56.450 [INFO] main.cpp:368 - ======== 轮询统计 ========
2026-05-26 11:35:56.450 [INFO] main.cpp:369 -   任务组数:     20
2026-05-26 11:35:56.450 [INFO] main.cpp:370 -   成功事务:     0
2026-05-26 11:35:56.450 [INFO] main.cpp:371 -   失败事务:     20
2026-05-26 11:35:56.450 [INFO] main.cpp:373 -   成功率:       0.0%
2026-05-26 11:35:56.450 [INFO] main.cpp:378 - ======== 命令队列统计 ========
2026-05-26 11:35:56.450 [INFO] main.cpp:379 -   已提交: 0  已执行: 0  成功: 0  失败: 0
2026-05-26 11:35:56.450 [INFO] main.cpp:384 -   队列大小: 0  平均耗时: 0.0ms
2026-05-26 11:35:57.451 [INFO] main.cpp:352 - ======== 总线统计 ========
2026-05-26 11:35:57.451 [INFO] main.cpp:353 -   总事务数:     40
2026-05-26 11:35:57.451 [INFO] main.cpp:354 -   总错误数:     20
2026-05-26 11:35:57.452 [INFO] main.cpp:355 -   发送字节数:   160
2026-05-26 11:35:57.452 [INFO] main.cpp:356 -   接收字节数:   0
2026-05-26 11:35:57.452 [INFO] main.cpp:357 -   平均延迟:     0.00 ms
2026-05-26 11:35:57.452 [INFO] main.cpp:358 -   最大延迟:     0.00 ms
2026-05-26 11:35:57.452 [INFO] main.cpp:359 -   总线争用次数: 0
2026-05-26 11:35:57.452 [INFO] main.cpp:368 - ======== 轮询统计 ========
2026-05-26 11:35:57.452 [INFO] main.cpp:369 -   任务组数:     20
2026-05-26 11:35:57.452 [INFO] main.cpp:370 -   成功事务:     0
2026-05-26 11:35:57.452 [INFO] main.cpp:371 -   失败事务:     20
2026-05-26 11:35:57.452 [INFO] main.cpp:373 -   成功率:       0.0%
2026-05-26 11:35:57.452 [INFO] main.cpp:378 - ======== 命令队列统计 ========
2026-05-26 11:35:57.452 [INFO] main.cpp:379 -   已提交: 0  已执行: 0  成功: 0  失败: 0
2026-05-26 11:35:57.452 [INFO] main.cpp:384 -   队列大小: 0  平均耗时: 0.0ms
2026-05-26 11:35:58.453 [INFO] main.cpp:352 - ======== 总线统计 ========
2026-05-26 11:35:58.453 [INFO] main.cpp:353 -   总事务数:     40
2026-05-26 11:35:58.454 [INFO] main.cpp:354 -   总错误数:     20
2026-05-26 11:35:58.454 [INFO] main.cpp:355 -   发送字节数:   320
2026-05-26 11:35:58.454 [INFO] main.cpp:356 -   接收字节数:   0
2026-05-26 11:35:58.454 [INFO] main.cpp:357 -   平均延迟:     0.00 ms
2026-05-26 11:35:58.454 [INFO] main.cpp:358 -   最大延迟:     0.00 ms
2026-05-26 11:35:58.454 [INFO] main.cpp:359 -   总线争用次数: 0
2026-05-26 11:35:58.454 [INFO] main.cpp:368 - ======== 轮询统计 ========
2026-05-26 11:35:58.454 [INFO] main.cpp:369 -   任务组数:     20
2026-05-26 11:35:58.454 [INFO] main.cpp:370 -   成功事务:     0
2026-05-26 11:35:58.454 [INFO] main.cpp:371 -   失败事务:     20
2026-05-26 11:35:58.454 [INFO] main.cpp:373 -   成功率:       0.0%
2026-05-26 11:35:58.454 [INFO] main.cpp:378 - ======== 命令队列统计 ========
2026-05-26 11:35:58.454 [INFO] main.cpp:379 -   已提交: 0  已执行: 0  成功: 0  失败: 0
2026-05-26 11:35:58.454 [INFO] main.cpp:384 -   队列大小: 0  平均耗时: 0.0ms
2026-05-26 11:35:59.455 [INFO] main.cpp:352 - ======== 总线统计 ========
2026-05-26 11:35:59.455 [INFO] main.cpp:353 -   总事务数:     40
2026-05-26 11:35:59.455 [INFO] main.cpp:354 -   总错误数:     40
2026-05-26 11:35:59.455 [INFO] main.cpp:355 -   发送字节数:   320
2026-05-26 11:35:59.456 [INFO] main.cpp:356 -   接收字节数:   0
2026-05-26 11:35:59.456 [INFO] main.cpp:357 -   平均延迟:     0.00 ms
2026-05-26 11:35:59.456 [INFO] main.cpp:358 -   最大延迟:     0.00 ms
2026-05-26 11:35:59.456 [INFO] main.cpp:359 -   总线争用次数: 0
2026-05-26 11:35:59.456 [INFO] main.cpp:368 - ======== 轮询统计 ========
2026-05-26 11:35:59.456 [INFO] main.cpp:369 -   任务组数:     20
2026-05-26 11:35:59.456 [INFO] main.cpp:370 -   成功事务:     0
2026-05-26 11:35:59.456 [INFO] main.cpp:371 -   失败事务:     40
2026-05-26 11:35:59.456 [INFO] main.cpp:373 -   成功率:       0.0%
2026-05-26 11:35:59.456 [INFO] main.cpp:378 - ======== 命令队列统计 ========
2026-05-26 11:35:59.456 [INFO] main.cpp:379 -   已提交: 0  已执行: 0  成功: 0  失败: 0
2026-05-26 11:35:59.456 [INFO] main.cpp:384 -   队列大小: 0  平均耗时: 0.0ms
2026-05-26 11:36:00.457 [INFO] main.cpp:352 - ======== 总线统计 ========
2026-05-26 11:36:00.457 [INFO] main.cpp:353 -   总事务数:     40
2026-05-26 11:36:00.457 [INFO] main.cpp:354 -   总错误数:     40
2026-05-26 11:36:00.457 [INFO] main.cpp:355 -   发送字节数:   320
2026-05-26 11:36:00.457 [INFO] main.cpp:356 -   接收字节数:   0
2026-05-26 11:36:00.457 [INFO] main.cpp:357 -   平均延迟:     0.00 ms
2026-05-26 11:36:00.457 [INFO] main.cpp:358 -   最大延迟:     0.00 ms
2026-05-26 11:36:00.457 [INFO] main.cpp:359 -   总线争用次数: 0
2026-05-26 11:36:00.458 [INFO] main.cpp:368 - ======== 轮询统计 ========
2026-05-26 11:36:00.458 [INFO] main.cpp:369 -   任务组数:     20
2026-05-26 11:36:00.458 [INFO] main.cpp:370 -   成功事务:     0
2026-05-26 11:36:00.458 [INFO] main.cpp:371 -   失败事务:     40
2026-05-26 11:36:00.458 [INFO] main.cpp:373 -   成功率:       0.0%
2026-05-26 11:36:00.458 [INFO] main.cpp:378 - ======== 命令队列统计 ========
2026-05-26 11:36:00.458 [INFO] main.cpp:379 -   已提交: 0  已执行: 0  成功: 0  失败: 0
2026-05-26 11:36:00.458 [INFO] main.cpp:384 -   队列大小: 0  平均耗时: 0.0ms
2026-05-26 11:36:01.459 [INFO] main.cpp:352 - ======== 总线统计 ========
2026-05-26 11:36:01.459 [INFO] main.cpp:353 -   总事务数:     40
2026-05-26 11:36:01.459 [INFO] main.cpp:354 -   总错误数:     40
2026-05-26 11:36:01.459 [INFO] main.cpp:355 -   发送字节数:   320
2026-05-26 11:36:01.459 [INFO] main.cpp:356 -   接收字节数:   0
2026-05-26 11:36:01.459 [INFO] main.cpp:357 -   平均延迟:     0.00 ms
2026-05-26 11:36:01.459 [INFO] main.cpp:358 -   最大延迟:     0.00 ms
2026-05-26 11:36:01.459 [INFO] main.cpp:359 -   总线争用次数: 0
2026-05-26 11:36:01.460 [INFO] main.cpp:368 - ======== 轮询统计 ========
2026-05-26 11:36:01.460 [INFO] main.cpp:369 -   任务组数:     20
2026-05-26 11:36:01.460 [INFO] main.cpp:370 -   成功事务:     0
2026-05-26 11:36:01.460 [INFO] main.cpp:371 -   失败事务:     40
2026-05-26 11:36:01.460 [INFO] main.cpp:373 -   成功率:       0.0%
2026-05-26 11:36:01.460 [INFO] main.cpp:378 - ======== 命令队列统计 ========
2026-05-26 11:36:01.460 [INFO] main.cpp:379 -   已提交: 0  已执行: 0  成功: 0  失败: 0
2026-05-26 11:36:01.460 [INFO] main.cpp:384 -   队列大小: 0  平均耗时: 0.0ms
2026-05-26 11:36:02.461 [INFO] main.cpp:352 - ======== 总线统计 ========
2026-05-26 11:36:02.461 [INFO] main.cpp:353 -   总事务数:     60
2026-05-26 11:36:02.461 [INFO] main.cpp:354 -   总错误数:     40
2026-05-26 11:36:02.461 [INFO] main.cpp:355 -   发送字节数:   320
2026-05-26 11:36:02.461 [INFO] main.cpp:356 -   接收字节数:   0
2026-05-26 11:36:02.461 [INFO] main.cpp:357 -   平均延迟:     0.00 ms
2026-05-26 11:36:02.461 [INFO] main.cpp:358 -   最大延迟:     0.00 ms
2026-05-26 11:36:02.461 [INFO] main.cpp:359 -   总线争用次数: 0
2026-05-26 11:36:02.461 [INFO] main.cpp:368 - ======== 轮询统计 ========
2026-05-26 11:36:02.461 [INFO] main.cpp:369 -   任务组数:     20
2026-05-26 11:36:02.461 [INFO] main.cpp:370 -   成功事务:     0
2026-05-26 11:36:02.461 [INFO] main.cpp:371 -   失败事务:     40
2026-05-26 11:36:02.461 [INFO] main.cpp:373 -   成功率:       0.0%
2026-05-26 11:36:02.461 [INFO] main.cpp:378 - ======== 命令队列统计 ========
2026-05-26 11:36:02.461 [INFO] main.cpp:379 -   已提交: 0  已执行: 0  成功: 0  失败: 0
2026-05-26 11:36:02.461 [INFO] main.cpp:384 -   队列大小: 0  平均耗时: 0.0ms
2026-05-26 11:36:03.462 [INFO] main.cpp:352 - ======== 总线统计 ========
2026-05-26 11:36:03.463 [INFO] main.cpp:353 -   总事务数:     60
2026-05-26 11:36:03.463 [INFO] main.cpp:354 -   总错误数:     40
2026-05-26 11:36:03.463 [INFO] main.cpp:355 -   发送字节数:   480
2026-05-26 11:36:03.463 [INFO] main.cpp:356 -   接收字节数:   0
2026-05-26 11:36:03.463 [INFO] main.cpp:357 -   平均延迟:     0.00 ms
2026-05-26 11:36:03.463 [INFO] main.cpp:358 -   最大延迟:     0.00 ms
2026-05-26 11:36:03.463 [INFO] main.cpp:359 -   总线争用次数: 0
2026-05-26 11:36:03.463 [INFO] main.cpp:368 - ======== 轮询统计 ========
2026-05-26 11:36:03.463 [INFO] main.cpp:369 -   任务组数:     20
2026-05-26 11:36:03.463 [INFO] main.cpp:370 -   成功事务:     0
2026-05-26 11:36:03.463 [INFO] main.cpp:371 -   失败事务:     40
2026-05-26 11:36:03.463 [INFO] main.cpp:373 -   成功率:       0.0%
2026-05-26 11:36:03.463 [INFO] main.cpp:378 - ======== 命令队列统计 ========
2026-05-26 11:36:03.463 [INFO] main.cpp:379 -   已提交: 0  已执行: 0  成功: 0  失败: 0
2026-05-26 11:36:03.463 [INFO] main.cpp:384 -   队列大小: 0  平均耗时: 0.0ms
2026-05-26 11:36:04.464 [INFO] main.cpp:352 - ======== 总线统计 ========
2026-05-26 11:36:04.464 [INFO] main.cpp:353 -   总事务数:     60
2026-05-26 11:36:04.464 [INFO] main.cpp:354 -   总错误数:     60
2026-05-26 11:36:04.464 [INFO] main.cpp:355 -   发送字节数:   480
2026-05-26 11:36:04.464 [INFO] main.cpp:356 -   接收字节数:   0
2026-05-26 11:36:04.464 [INFO] main.cpp:357 -   平均延迟:     0.00 ms
2026-05-26 11:36:04.464 [INFO] main.cpp:358 -   最大延迟:     0.00 ms
2026-05-26 11:36:04.464 [INFO] main.cpp:359 -   总线争用次数: 0
2026-05-26 11:36:04.464 [INFO] main.cpp:368 - ======== 轮询统计 ========
2026-05-26 11:36:04.464 [INFO] main.cpp:369 -   任务组数:     20
2026-05-26 11:36:04.464 [INFO] main.cpp:370 -   成功事务:     0
2026-05-26 11:36:04.465 [INFO] main.cpp:371 -   失败事务:     60
2026-05-26 11:36:04.465 [INFO] main.cpp:373 -   成功率:       0.0%
2026-05-26 11:36:04.465 [INFO] main.cpp:378 - ======== 命令队列统计 ========
2026-05-26 11:36:04.465 [INFO] main.cpp:379 -   已提交: 0  已执行: 0  成功: 0  失败: 0
2026-05-26 11:36:04.465 [INFO] main.cpp:384 -   队列大小: 0  平均耗时: 0.0ms
2026-05-26 11:36:05.466 [INFO] main.cpp:352 - ======== 总线统计 ========
2026-05-26 11:36:05.466 [INFO] main.cpp:353 -   总事务数:     60
2026-05-26 11:36:05.466 [INFO] main.cpp:354 -   总错误数:     60
2026-05-26 11:36:05.466 [INFO] main.cpp:355 -   发送字节数:   480
2026-05-26 11:36:05.466 [INFO] main.cpp:356 -   接收字节数:   0
2026-05-26 11:36:05.466 [INFO] main.cpp:357 -   平均延迟:     0.00 ms
2026-05-26 11:36:05.466 [INFO] main.cpp:358 -   最大延迟:     0.00 ms
2026-05-26 11:36:05.466 [INFO] main.cpp:359 -   总线争用次数: 0
2026-05-26 11:36:05.466 [INFO] main.cpp:368 - ======== 轮询统计 ========
2026-05-26 11:36:05.466 [INFO] main.cpp:369 -   任务组数:     20
2026-05-26 11:36:05.466 [INFO] main.cpp:370 -   成功事务:     0
2026-05-26 11:36:05.466 [INFO] main.cpp:371 -   失败事务:     60
2026-05-26 11:36:05.467 [INFO] main.cpp:373 -   成功率:       0.0%
2026-05-26 11:36:05.467 [INFO] main.cpp:378 - ======== 命令队列统计 ========
2026-05-26 11:36:05.467 [INFO] main.cpp:379 -   已提交: 0  已执行: 0  成功: 0  失败: 0
2026-05-26 11:36:05.467 [INFO] main.cpp:384 -   队列大小: 0  平均耗时: 0.0ms
2026-05-26 11:36:06.467 [INFO] main.cpp:352 - ======== 总线统计 ========
2026-05-26 11:36:06.468 [INFO] main.cpp:353 -   总事务数:     60
2026-05-26 11:36:06.468 [INFO] main.cpp:354 -   总错误数:     60
2026-05-26 11:36:06.468 [INFO] main.cpp:355 -   发送字节数:   480
2026-05-26 11:36:06.468 [INFO] main.cpp:356 -   接收字节数:   0
2026-05-26 11:36:06.468 [INFO] main.cpp:357 -   平均延迟:     0.00 ms
2026-05-26 11:36:06.468 [INFO] main.cpp:358 -   最大延迟:     0.00 ms
2026-05-26 11:36:06.468 [INFO] main.cpp:359 -   总线争用次数: 0
2026-05-26 11:36:06.468 [INFO] main.cpp:368 - ======== 轮询统计 ========
2026-05-26 11:36:06.468 [INFO] main.cpp:369 -   任务组数:     20
2026-05-26 11:36:06.468 [INFO] main.cpp:370 -   成功事务:     0
2026-05-26 11:36:06.468 [INFO] main.cpp:371 -   失败事务:     60
2026-05-26 11:36:06.468 [INFO] main.cpp:373 -   成功率:       0.0%
2026-05-26 11:36:06.468 [INFO] main.cpp:378 - ======== 命令队列统计 ========
2026-05-26 11:36:06.468 [INFO] main.cpp:379 -   已提交: 0  已执行: 0  成功: 0  失败: 0
2026-05-26 11:36:06.468 [INFO] main.cpp:384 -   队列大小: 0  平均耗时: 0.0ms
2026-05-26 11:36:07.469 [INFO] main.cpp:352 - ======== 总线统计 ========
2026-05-26 11:36:07.470 [INFO] main.cpp:353 -   总事务数:     80
2026-05-26 11:36:07.470 [INFO] main.cpp:354 -   总错误数:     60
2026-05-26 11:36:07.470 [INFO] main.cpp:355 -   发送字节数:   488
2026-05-26 11:36:07.470 [INFO] main.cpp:356 -   接收字节数:   0
2026-05-26 11:36:07.470 [INFO] main.cpp:357 -   平均延迟:     0.00 ms
2026-05-26 11:36:07.470 [INFO] main.cpp:358 -   最大延迟:     0.00 ms
2026-05-26 11:36:07.470 [INFO] main.cpp:359 -   总线争用次数: 0
2026-05-26 11:36:07.470 [INFO] main.cpp:368 - ======== 轮询统计 ========
2026-05-26 11:36:07.470 [INFO] main.cpp:369 -   任务组数:     20
2026-05-26 11:36:07.470 [INFO] main.cpp:370 -   成功事务:     0
2026-05-26 11:36:07.470 [INFO] main.cpp:371 -   失败事务:     60
2026-05-26 11:36:07.470 [INFO] main.cpp:373 -   成功率:       0.0%
2026-05-26 11:36:07.470 [INFO] main.cpp:378 - ======== 命令队列统计 ========
2026-05-26 11:36:07.470 [INFO] main.cpp:379 -   已提交: 0  已执行: 0  成功: 0  失败: 0
2026-05-26 11:36:07.470 [INFO] main.cpp:384 -   队列大小: 0  平均耗时: 0.0ms
2026-05-26 11:36:08.471 [INFO] main.cpp:352 - ======== 总线统计 ========
2026-05-26 11:36:08.471 [INFO] main.cpp:353 -   总事务数:     80
2026-05-26 11:36:08.471 [INFO] main.cpp:354 -   总错误数:     61
2026-05-26 11:36:08.471 [INFO] main.cpp:355 -   发送字节数:   640
2026-05-26 11:36:08.471 [INFO] main.cpp:356 -   接收字节数:   0
2026-05-26 11:36:08.471 [INFO] main.cpp:357 -   平均延迟:     0.00 ms
2026-05-26 11:36:08.471 [INFO] main.cpp:358 -   最大延迟:     0.00 ms
2026-05-26 11:36:08.471 [INFO] main.cpp:359 -   总线争用次数: 0
2026-05-26 11:36:08.471 [INFO] main.cpp:368 - ======== 轮询统计 ========
2026-05-26 11:36:08.471 [INFO] main.cpp:369 -   任务组数:     20
2026-05-26 11:36:08.471 [INFO] main.cpp:370 -   成功事务:     0
2026-05-26 11:36:08.471 [INFO] main.cpp:371 -   失败事务:     61
2026-05-26 11:36:08.471 [INFO] main.cpp:373 -   成功率:       0.0%
2026-05-26 11:36:08.471 [INFO] main.cpp:378 - ======== 命令队列统计 ========
2026-05-26 11:36:08.471 [INFO] main.cpp:379 -   已提交: 0  已执行: 0  成功: 0  失败: 0
2026-05-26 11:36:08.471 [INFO] main.cpp:384 -   队列大小: 0  平均耗时: 0.0ms
2026-05-26 11:36:09.473 [INFO] main.cpp:352 - ======== 总线统计 ========
2026-05-26 11:36:09.473 [INFO] main.cpp:353 -   总事务数:     80
2026-05-26 11:36:09.473 [INFO] main.cpp:354 -   总错误数:     80
2026-05-26 11:36:09.473 [INFO] main.cpp:355 -   发送字节数:   640
2026-05-26 11:36:09.473 [INFO] main.cpp:356 -   接收字节数:   0
2026-05-26 11:36:09.473 [INFO] main.cpp:357 -   平均延迟:     0.00 ms
2026-05-26 11:36:09.473 [INFO] main.cpp:358 -   最大延迟:     0.00 ms
2026-05-26 11:36:09.473 [INFO] main.cpp:359 -   总线争用次数: 0
2026-05-26 11:36:09.473 [INFO] main.cpp:368 - ======== 轮询统计 ========
2026-05-26 11:36:09.473 [INFO] main.cpp:369 -   任务组数:     20
2026-05-26 11:36:09.473 [INFO] main.cpp:370 -   成功事务:     0
2026-05-26 11:36:09.473 [INFO] main.cpp:371 -   失败事务:     80
2026-05-26 11:36:09.473 [INFO] main.cpp:373 -   成功率:       0.0%
2026-05-26 11:36:09.473 [INFO] main.cpp:378 - ======== 命令队列统计 ========
2026-05-26 11:36:09.473 [INFO] main.cpp:379 -   已提交: 0  已执行: 0  成功: 0  失败: 0
2026-05-26 11:36:09.473 [INFO] main.cpp:384 -   队列大小: 0  平均耗时: 0.0ms
2026-05-26 11:36:10.474 [INFO] main.cpp:352 - ======== 总线统计 ========
2026-05-26 11:36:10.475 [INFO] main.cpp:353 -   总事务数:     80
2026-05-26 11:36:10.475 [INFO] main.cpp:354 -   总错误数:     80
2026-05-26 11:36:10.475 [INFO] main.cpp:355 -   发送字节数:   640
2026-05-26 11:36:10.475 [INFO] main.cpp:356 -   接收字节数:   0
2026-05-26 11:36:10.475 [INFO] main.cpp:357 -   平均延迟:     0.00 ms
2026-05-26 11:36:10.475 [INFO] main.cpp:358 -   最大延迟:     0.00 ms
2026-05-26 11:36:10.475 [INFO] main.cpp:359 -   总线争用次数: 0
2026-05-26 11:36:10.475 [INFO] main.cpp:368 - ======== 轮询统计 ========
2026-05-26 11:36:10.475 [INFO] main.cpp:369 -   任务组数:     20
2026-05-26 11:36:10.475 [INFO] main.cpp:370 -   成功事务:     0
2026-05-26 11:36:10.475 [INFO] main.cpp:371 -   失败事务:     80
2026-05-26 11:36:10.475 [INFO] main.cpp:373 -   成功率:       0.0%
2026-05-26 11:36:10.475 [INFO] main.cpp:378 - ======== 命令队列统计 ========
2026-05-26 11:36:10.475 [INFO] main.cpp:379 -   已提交: 0  已执行: 0  成功: 0  失败: 0
2026-05-26 11:36:10.475 [INFO] main.cpp:384 -   队列大小: 0  平均耗时: 0.0ms
2026-05-26 11:36:11.476 [INFO] main.cpp:352 - ======== 总线统计 ========
2026-05-26 11:36:11.477 [INFO] main.cpp:353 -   总事务数:     80
2026-05-26 11:36:11.477 [INFO] main.cpp:354 -   总错误数:     80
2026-05-26 11:36:11.477 [INFO] main.cpp:355 -   发送字节数:   640
2026-05-26 11:36:11.477 [INFO] main.cpp:356 -   接收字节数:   0
2026-05-26 11:36:11.477 [INFO] main.cpp:357 -   平均延迟:     0.00 ms
2026-05-26 11:36:11.477 [INFO] main.cpp:358 -   最大延迟:     0.00 ms
2026-05-26 11:36:11.477 [INFO] main.cpp:359 -   总线争用次数: 0
2026-05-26 11:36:11.477 [INFO] main.cpp:368 - ======== 轮询统计 ========
2026-05-26 11:36:11.477 [INFO] main.cpp:369 -   任务组数:     20
2026-05-26 11:36:11.477 [INFO] main.cpp:370 -   成功事务:     0
2026-05-26 11:36:11.477 [INFO] main.cpp:371 -   失败事务:     80
2026-05-26 11:36:11.477 [INFO] main.cpp:373 -   成功率:       0.0%
2026-05-26 11:36:11.477 [INFO] main.cpp:378 - ======== 命令队列统计 ========
2026-05-26 11:36:11.477 [INFO] main.cpp:379 -   已提交: 0  已执行: 0  成功: 0  失败: 0
2026-05-26 11:36:11.477 [INFO] main.cpp:384 -   队列大小: 0  平均耗时: 0.0ms
2026-05-26 11:36:12.477 [INFO] main.cpp:352 - ======== 总线统计 ========
2026-05-26 11:36:12.477 [INFO] main.cpp:353 -   总事务数:     100
2026-05-26 11:36:12.478 [INFO] main.cpp:354 -   总错误数:     80
2026-05-26 11:36:12.478 [INFO] main.cpp:355 -   发送字节数:   640
2026-05-26 11:36:12.478 [INFO] main.cpp:356 -   接收字节数:   0
2026-05-26 11:36:12.478 [INFO] main.cpp:357 -   平均延迟:     0.00 ms
2026-05-26 11:36:12.478 [INFO] main.cpp:358 -   最大延迟:     0.00 ms
2026-05-26 11:36:12.478 [INFO] main.cpp:359 -   总线争用次数: 0
2026-05-26 11:36:12.478 [INFO] main.cpp:368 - ======== 轮询统计 ========
2026-05-26 11:36:12.478 [INFO] main.cpp:369 -   任务组数:     20
2026-05-26 11:36:12.478 [INFO] main.cpp:370 -   成功事务:     0
2026-05-26 11:36:12.478 [INFO] main.cpp:371 -   失败事务:     80
2026-05-26 11:36:12.478 [INFO] main.cpp:373 -   成功率:       0.0%
2026-05-26 11:36:12.478 [INFO] main.cpp:378 - ======== 命令队列统计 ========
2026-05-26 11:36:12.478 [INFO] main.cpp:379 -   已提交: 0  已执行: 0  成功: 0  失败: 0
2026-05-26 11:36:12.478 [INFO] main.cpp:384 -   队列大小: 0  平均耗时: 0.0ms
2026-05-26 11:36:13.479 [INFO] main.cpp:352 - ======== 总线统计 ========
2026-05-26 11:36:13.479 [INFO] main.cpp:353 -   总事务数:     100
2026-05-26 11:36:13.479 [INFO] main.cpp:354 -   总错误数:     80
2026-05-26 11:36:13.480 [INFO] main.cpp:355 -   发送字节数:   800
2026-05-26 11:36:13.480 [INFO] main.cpp:356 -   接收字节数:   0
2026-05-26 11:36:13.480 [INFO] main.cpp:357 -   平均延迟:     0.00 ms
2026-05-26 11:36:13.480 [INFO] main.cpp:358 -   最大延迟:     0.00 ms
2026-05-26 11:36:13.480 [INFO] main.cpp:359 -   总线争用次数: 0
2026-05-26 11:36:13.480 [INFO] main.cpp:368 - ======== 轮询统计 ========
2026-05-26 11:36:13.480 [INFO] main.cpp:369 -   任务组数:     20
2026-05-26 11:36:13.480 [INFO] main.cpp:370 -   成功事务:     0
2026-05-26 11:36:13.480 [INFO] main.cpp:371 -   失败事务:     80
2026-05-26 11:36:13.480 [INFO] main.cpp:373 -   成功率:       0.0%
2026-05-26 11:36:13.480 [INFO] main.cpp:378 - ======== 命令队列统计 ========
2026-05-26 11:36:13.480 [INFO] main.cpp:379 -   已提交: 0  已执行: 0  成功: 0  失败: 0
2026-05-26 11:36:13.480 [INFO] main.cpp:384 -   队列大小: 0  平均耗时: 0.0ms
2026-05-26 11:36:14.481 [INFO] main.cpp:352 - ======== 总线统计 ========
2026-05-26 11:36:14.481 [INFO] main.cpp:353 -   总事务数:     100
2026-05-26 11:36:14.481 [INFO] main.cpp:354 -   总错误数:     100
2026-05-26 11:36:14.481 [INFO] main.cpp:355 -   发送字节数:   800
2026-05-26 11:36:14.481 [INFO] main.cpp:356 -   接收字节数:   0
2026-05-26 11:36:14.481 [INFO] main.cpp:357 -   平均延迟:     0.00 ms
2026-05-26 11:36:14.481 [INFO] main.cpp:358 -   最大延迟:     0.00 ms
2026-05-26 11:36:14.481 [INFO] main.cpp:359 -   总线争用次数: 0
2026-05-26 11:36:14.481 [INFO] main.cpp:368 - ======== 轮询统计 ========
2026-05-26 11:36:14.481 [INFO] main.cpp:369 -   任务组数:     20
2026-05-26 11:36:14.481 [INFO] main.cpp:370 -   成功事务:     0
2026-05-26 11:36:14.481 [INFO] main.cpp:371 -   失败事务:     100
2026-05-26 11:36:14.481 [INFO] main.cpp:373 -   成功率:       0.0%
2026-05-26 11:36:14.481 [INFO] main.cpp:378 - ======== 命令队列统计 ========
2026-05-26 11:36:14.482 [INFO] main.cpp:379 -   已提交: 0  已执行: 0  成功: 0  失败: 0
2026-05-26 11:36:14.482 [INFO] main.cpp:384 -   队列大小: 0  平均耗时: 0.0ms
2026-05-26 11:36:15.483 [INFO] main.cpp:352 - ======== 总线统计 ========
2026-05-26 11:36:15.483 [INFO] main.cpp:353 -   总事务数:     100
2026-05-26 11:36:15.483 [INFO] main.cpp:354 -   总错误数:     100
2026-05-26 11:36:15.483 [INFO] main.cpp:355 -   发送字节数:   800
2026-05-26 11:36:15.483 [INFO] main.cpp:356 -   接收字节数:   0
2026-05-26 11:36:15.483 [INFO] main.cpp:357 -   平均延迟:     0.00 ms
2026-05-26 11:36:15.483 [INFO] main.cpp:358 -   最大延迟:     0.00 ms
2026-05-26 11:36:15.483 [INFO] main.cpp:359 -   总线争用次数: 0
2026-05-26 11:36:15.483 [INFO] main.cpp:368 - ======== 轮询统计 ========
2026-05-26 11:36:15.483 [INFO] main.cpp:369 -   任务组数:     20
2026-05-26 11:36:15.483 [INFO] main.cpp:370 -   成功事务:     0
2026-05-26 11:36:15.483 [INFO] main.cpp:371 -   失败事务:     100
2026-05-26 11:36:15.483 [INFO] main.cpp:373 -   成功率:       0.0%
2026-05-26 11:36:15.483 [INFO] main.cpp:378 - ======== 命令队列统计 ========
2026-05-26 11:36:15.484 [INFO] main.cpp:379 -   已提交: 0  已执行: 0  成功: 0  失败: 0
2026-05-26 11:36:15.484 [INFO] main.cpp:384 -   队列大小: 0  平均耗时: 0.0ms
2026-05-26 11:36:16.485 [INFO] main.cpp:352 - ======== 总线统计 ========
2026-05-26 11:36:16.485 [INFO] main.cpp:353 -   总事务数:     100
2026-05-26 11:36:16.485 [INFO] main.cpp:354 -   总错误数:     100
2026-05-26 11:36:16.485 [INFO] main.cpp:355 -   发送字节数:   800
2026-05-26 11:36:16.485 [INFO] main.cpp:356 -   接收字节数:   0
2026-05-26 11:36:16.485 [INFO] main.cpp:357 -   平均延迟:     0.00 ms
2026-05-26 11:36:16.485 [INFO] main.cpp:358 -   最大延迟:     0.00 ms
2026-05-26 11:36:16.485 [INFO] main.cpp:359 -   总线争用次数: 0
2026-05-26 11:36:16.485 [INFO] main.cpp:368 - ======== 轮询统计 ========
2026-05-26 11:36:16.485 [INFO] main.cpp:369 -   任务组数:     20
2026-05-26 11:36:16.485 [INFO] main.cpp:370 -   成功事务:     0
2026-05-26 11:36:16.485 [INFO] main.cpp:371 -   失败事务:     100
2026-05-26 11:36:16.485 [INFO] main.cpp:373 -   成功率:       0.0%
2026-05-26 11:36:16.485 [INFO] main.cpp:378 - ======== 命令队列统计 ========
2026-05-26 11:36:16.486 [INFO] main.cpp:379 -   已提交: 0  已执行: 0  成功: 0  失败: 0
2026-05-26 11:36:16.486 [INFO] main.cpp:384 -   队列大小: 0  平均耗时: 0.0ms
2026-05-26 11:36:17.487 [INFO] main.cpp:352 - ======== 总线统计 ========
2026-05-26 11:36:17.487 [INFO] main.cpp:353 -   总事务数:     120
2026-05-26 11:36:17.487 [INFO] main.cpp:354 -   总错误数:     100
2026-05-26 11:36:17.487 [INFO] main.cpp:355 -   发送字节数:   800
2026-05-26 11:36:17.487 [INFO] main.cpp:356 -   接收字节数:   0
2026-05-26 11:36:17.487 [INFO] main.cpp:357 -   平均延迟:     0.00 ms
2026-05-26 11:36:17.487 [INFO] main.cpp:358 -   最大延迟:     0.00 ms
2026-05-26 11:36:17.487 [INFO] main.cpp:359 -   总线争用次数: 0
2026-05-26 11:36:17.487 [INFO] main.cpp:368 - ======== 轮询统计 ========
2026-05-26 11:36:17.487 [INFO] main.cpp:369 -   任务组数:     20
2026-05-26 11:36:17.487 [INFO] main.cpp:370 -   成功事务:     0
2026-05-26 11:36:17.487 [INFO] main.cpp:371 -   失败事务:     100
2026-05-26 11:36:17.487 [INFO] main.cpp:373 -   成功率:       0.0%
2026-05-26 11:36:17.487 [INFO] main.cpp:378 - ======== 命令队列统计 ========
2026-05-26 11:36:17.487 [INFO] main.cpp:379 -   已提交: 0  已执行: 0  成功: 0  失败: 0
2026-05-26 11:36:17.488 [INFO] main.cpp:384 -   队列大小: 0  平均耗时: 0.0ms
2026-05-26 11:36:18.489 [INFO] main.cpp:352 - ======== 总线统计 ========
2026-05-26 11:36:18.489 [INFO] main.cpp:353 -   总事务数:     120
2026-05-26 11:36:18.489 [INFO] main.cpp:354 -   总错误数:     100
2026-05-26 11:36:18.489 [INFO] main.cpp:355 -   发送字节数:   960
2026-05-26 11:36:18.489 [INFO] main.cpp:356 -   接收字节数:   0
2026-05-26 11:36:18.489 [INFO] main.cpp:357 -   平均延迟:     0.00 ms
2026-05-26 11:36:18.489 [INFO] main.cpp:358 -   最大延迟:     0.00 ms
2026-05-26 11:36:18.489 [INFO] main.cpp:359 -   总线争用次数: 0
2026-05-26 11:36:18.489 [INFO] main.cpp:368 - ======== 轮询统计 ========
2026-05-26 11:36:18.489 [INFO] main.cpp:369 -   任务组数:     20
2026-05-26 11:36:18.489 [INFO] main.cpp:370 -   成功事务:     0
2026-05-26 11:36:18.489 [INFO] main.cpp:371 -   失败事务:     100
2026-05-26 11:36:18.489 [INFO] main.cpp:373 -   成功率:       0.0%
2026-05-26 11:36:18.489 [INFO] main.cpp:378 - ======== 命令队列统计 ========
2026-05-26 11:36:18.490 [INFO] main.cpp:379 -   已提交: 0  已执行: 0  成功: 0  失败: 0
2026-05-26 11:36:18.490 [INFO] main.cpp:384 -   队列大小: 0  平均耗时: 0.0ms
2026-05-26 11:36:19.491 [INFO] main.cpp:352 - ======== 总线统计 ========
2026-05-26 11:36:19.491 [INFO] main.cpp:353 -   总事务数:     120
2026-05-26 11:36:19.491 [INFO] main.cpp:354 -   总错误数:     120
2026-05-26 11:36:19.491 [INFO] main.cpp:355 -   发送字节数:   960
2026-05-26 11:36:19.491 [INFO] main.cpp:356 -   接收字节数:   0
2026-05-26 11:36:19.491 [INFO] main.cpp:357 -   平均延迟:     0.00 ms
2026-05-26 11:36:19.491 [INFO] main.cpp:358 -   最大延迟:     0.00 ms
2026-05-26 11:36:19.491 [INFO] main.cpp:359 -   总线争用次数: 0
2026-05-26 11:36:19.491 [INFO] main.cpp:368 - ======== 轮询统计 ========
2026-05-26 11:36:19.491 [INFO] main.cpp:369 -   任务组数:     20
2026-05-26 11:36:19.491 [INFO] main.cpp:370 -   成功事务:     0
2026-05-26 11:36:19.491 [INFO] main.cpp:371 -   失败事务:     120
2026-05-26 11:36:19.491 [INFO] main.cpp:373 -   成功率:       0.0%
2026-05-26 11:36:19.491 [INFO] main.cpp:378 - ======== 命令队列统计 ========
2026-05-26 11:36:19.491 [INFO] main.cpp:379 -   已提交: 0  已执行: 0  成功: 0  失败: 0
2026-05-26 11:36:19.491 [INFO] main.cpp:384 -   队列大小: 0  平均耗时: 0.0ms
2026-05-26 11:36:20.493 [INFO] main.cpp:352 - ======== 总线统计 ========
2026-05-26 11:36:20.493 [INFO] main.cpp:353 -   总事务数:     120
2026-05-26 11:36:20.493 [INFO] main.cpp:354 -   总错误数:     120
2026-05-26 11:36:20.493 [INFO] main.cpp:355 -   发送字节数:   960
2026-05-26 11:36:20.493 [INFO] main.cpp:356 -   接收字节数:   0
2026-05-26 11:36:20.493 [INFO] main.cpp:357 -   平均延迟:     0.00 ms
2026-05-26 11:36:20.493 [INFO] main.cpp:358 -   最大延迟:     0.00 ms
2026-05-26 11:36:20.493 [INFO] main.cpp:359 -   总线争用次数: 0
2026-05-26 11:36:20.493 [INFO] main.cpp:368 - ======== 轮询统计 ========
2026-05-26 11:36:20.493 [INFO] main.cpp:369 -   任务组数:     20
2026-05-26 11:36:20.493 [INFO] main.cpp:370 -   成功事务:     0
2026-05-26 11:36:20.493 [INFO] main.cpp:371 -   失败事务:     120
2026-05-26 11:36:20.493 [INFO] main.cpp:373 -   成功率:       0.0%
2026-05-26 11:36:20.493 [INFO] main.cpp:378 - ======== 命令队列统计 ========
2026-05-26 11:36:20.493 [INFO] main.cpp:379 -   已提交: 0  已执行: 0  成功: 0  失败: 0
2026-05-26 11:36:20.493 [INFO] main.cpp:384 -   队列大小: 0  平均耗时: 0.0ms
2026-05-26 11:36:21.494 [INFO] main.cpp:352 - ======== 总线统计 ========
2026-05-26 11:36:21.494 [INFO] main.cpp:353 -   总事务数:     120
2026-05-26 11:36:21.494 [INFO] main.cpp:354 -   总错误数:     120
2026-05-26 11:36:21.494 [INFO] main.cpp:355 -   发送字节数:   960
2026-05-26 11:36:21.494 [INFO] main.cpp:356 -   接收字节数:   0
2026-05-26 11:36:21.494 [INFO] main.cpp:357 -   平均延迟:     0.00 ms
2026-05-26 11:36:21.494 [INFO] main.cpp:358 -   最大延迟:     0.00 ms
2026-05-26 11:36:21.494 [INFO] main.cpp:359 -   总线争用次数: 0
2026-05-26 11:36:21.494 [INFO] main.cpp:368 - ======== 轮询统计 ========
2026-05-26 11:36:21.495 [INFO] main.cpp:369 -   任务组数:     20
2026-05-26 11:36:21.495 [INFO] main.cpp:370 -   成功事务:     0
2026-05-26 11:36:21.495 [INFO] main.cpp:371 -   失败事务:     120
2026-05-26 11:36:21.495 [INFO] main.cpp:373 -   成功率:       0.0%
2026-05-26 11:36:21.495 [INFO] main.cpp:378 - ======== 命令队列统计 ========
2026-05-26 11:36:21.495 [INFO] main.cpp:379 -   已提交: 0  已执行: 0  成功: 0  失败: 0
2026-05-26 11:36:21.495 [INFO] main.cpp:384 -   队列大小: 0  平均耗时: 0.0ms
2026-05-26 11:36:22.496 [INFO] main.cpp:352 - ======== 总线统计 ========
2026-05-26 11:36:22.496 [INFO] main.cpp:353 -   总事务数:     140
2026-05-26 11:36:22.496 [INFO] main.cpp:354 -   总错误数:     120
2026-05-26 11:36:22.496 [INFO] main.cpp:355 -   发送字节数:   960
2026-05-26 11:36:22.496 [INFO] main.cpp:356 -   接收字节数:   0
2026-05-26 11:36:22.496 [INFO] main.cpp:357 -   平均延迟:     0.00 ms
2026-05-26 11:36:22.496 [INFO] main.cpp:358 -   最大延迟:     0.00 ms
2026-05-26 11:36:22.496 [INFO] main.cpp:359 -   总线争用次数: 0
2026-05-26 11:36:22.496 [INFO] main.cpp:368 - ======== 轮询统计 ========
2026-05-26 11:36:22.496 [INFO] main.cpp:369 -   任务组数:     20
2026-05-26 11:36:22.496 [INFO] main.cpp:370 -   成功事务:     0
2026-05-26 11:36:22.496 [INFO] main.cpp:371 -   失败事务:     120
2026-05-26 11:36:22.496 [INFO] main.cpp:373 -   成功率:       0.0%
2026-05-26 11:36:22.497 [INFO] main.cpp:378 - ======== 命令队列统计 ========
2026-05-26 11:36:22.497 [INFO] main.cpp:379 -   已提交: 0  已执行: 0  成功: 0  失败: 0
2026-05-26 11:36:22.497 [INFO] main.cpp:384 -   队列大小: 0  平均耗时: 0.0ms
2026-05-26 11:36:23.497 [INFO] main.cpp:352 - ======== 总线统计 ========
2026-05-26 11:36:23.497 [INFO] main.cpp:353 -   总事务数:     140
2026-05-26 11:36:23.497 [INFO] main.cpp:354 -   总错误数:     120
2026-05-26 11:36:23.498 [INFO] main.cpp:355 -   发送字节数:   1120
2026-05-26 11:36:23.498 [INFO] main.cpp:356 -   接收字节数:   0
2026-05-26 11:36:23.498 [INFO] main.cpp:357 -   平均延迟:     0.00 ms
2026-05-26 11:36:23.498 [INFO] main.cpp:358 -   最大延迟:     0.00 ms
2026-05-26 11:36:23.498 [INFO] main.cpp:359 -   总线争用次数: 0
2026-05-26 11:36:23.498 [INFO] main.cpp:368 - ======== 轮询统计 ========
2026-05-26 11:36:23.498 [INFO] main.cpp:369 -   任务组数:     20
2026-05-26 11:36:23.498 [INFO] main.cpp:370 -   成功事务:     0
2026-05-26 11:36:23.498 [INFO] main.cpp:371 -   失败事务:     120
2026-05-26 11:36:23.498 [INFO] main.cpp:373 -   成功率:       0.0%
2026-05-26 11:36:23.498 [INFO] main.cpp:378 - ======== 命令队列统计 ========
2026-05-26 11:36:23.498 [INFO] main.cpp:379 -   已提交: 0  已执行: 0  成功: 0  失败: 0
2026-05-26 11:36:23.498 [INFO] main.cpp:384 -   队列大小: 0  平均耗时: 0.0ms
2026-05-26 11:36:24.499 [INFO] main.cpp:352 - ======== 总线统计 ========
2026-05-26 11:36:24.499 [INFO] main.cpp:353 -   总事务数:     140
2026-05-26 11:36:24.499 [INFO] main.cpp:354 -   总错误数:     140
2026-05-26 11:36:24.499 [INFO] main.cpp:355 -   发送字节数:   1120
2026-05-26 11:36:24.499 [INFO] main.cpp:356 -   接收字节数:   0
2026-05-26 11:36:24.500 [INFO] main.cpp:357 -   平均延迟:     0.00 ms
2026-05-26 11:36:24.500 [INFO] main.cpp:358 -   最大延迟:     0.00 ms
2026-05-26 11:36:24.500 [INFO] main.cpp:359 -   总线争用次数: 0
2026-05-26 11:36:24.500 [INFO] main.cpp:368 - ======== 轮询统计 ========
2026-05-26 11:36:24.500 [INFO] main.cpp:369 -   任务组数:     20
2026-05-26 11:36:24.500 [INFO] main.cpp:370 -   成功事务:     0
2026-05-26 11:36:24.500 [INFO] main.cpp:371 -   失败事务:     140
2026-05-26 11:36:24.500 [INFO] main.cpp:373 -   成功率:       0.0%
2026-05-26 11:36:24.500 [INFO] main.cpp:378 - ======== 命令队列统计 ========
2026-05-26 11:36:24.500 [INFO] main.cpp:379 -   已提交: 0  已执行: 0  成功: 0  失败: 0
2026-05-26 11:36:24.500 [INFO] main.cpp:384 -   队列大小: 0  平均耗时: 0.0ms
2026-05-26 11:36:25.501 [INFO] main.cpp:352 - ======== 总线统计 ========
2026-05-26 11:36:25.501 [INFO] main.cpp:353 -   总事务数:     140
2026-05-26 11:36:25.501 [INFO] main.cpp:354 -   总错误数:     140
2026-05-26 11:36:25.501 [INFO] main.cpp:355 -   发送字节数:   1120
2026-05-26 11:36:25.501 [INFO] main.cpp:356 -   接收字节数:   0
2026-05-26 11:36:25.501 [INFO] main.cpp:357 -   平均延迟:     0.00 ms
2026-05-26 11:36:25.501 [INFO] main.cpp:358 -   最大延迟:     0.00 ms
2026-05-26 11:36:25.501 [INFO] main.cpp:359 -   总线争用次数: 0
2026-05-26 11:36:25.501 [INFO] main.cpp:368 - ======== 轮询统计 ========
2026-05-26 11:36:25.501 [INFO] main.cpp:369 -   任务组数:     20
2026-05-26 11:36:25.501 [INFO] main.cpp:370 -   成功事务:     0
2026-05-26 11:36:25.501 [INFO] main.cpp:371 -   失败事务:     140
2026-05-26 11:36:25.502 [INFO] main.cpp:373 -   成功率:       0.0%
2026-05-26 11:36:25.502 [INFO] main.cpp:378 - ======== 命令队列统计 ========
2026-05-26 11:36:25.502 [INFO] main.cpp:379 -   已提交: 0  已执行: 0  成功: 0  失败: 0
2026-05-26 11:36:25.502 [INFO] main.cpp:384 -   队列大小: 0  平均耗时: 0.0ms
2026-05-26 11:36:26.503 [INFO] main.cpp:352 - ======== 总线统计 ========
2026-05-26 11:36:26.503 [INFO] main.cpp:353 -   总事务数:     140
2026-05-26 11:36:26.503 [INFO] main.cpp:354 -   总错误数:     140
2026-05-26 11:36:26.503 [INFO] main.cpp:355 -   发送字节数:   1120
2026-05-26 11:36:26.503 [INFO] main.cpp:356 -   接收字节数:   0
2026-05-26 11:36:26.503 [INFO] main.cpp:357 -   平均延迟:     0.00 ms
2026-05-26 11:36:26.503 [INFO] main.cpp:358 -   最大延迟:     0.00 ms
2026-05-26 11:36:26.503 [INFO] main.cpp:359 -   总线争用次数: 0
2026-05-26 11:36:26.503 [INFO] main.cpp:368 - ======== 轮询统计 ========
2026-05-26 11:36:26.503 [INFO] main.cpp:369 -   任务组数:     20
2026-05-26 11:36:26.503 [INFO] main.cpp:370 -   成功事务:     0
2026-05-26 11:36:26.503 [INFO] main.cpp:371 -   失败事务:     140
2026-05-26 11:36:26.503 [INFO] main.cpp:373 -   成功率:       0.0%
2026-05-26 11:36:26.503 [INFO] main.cpp:378 - ======== 命令队列统计 ========
2026-05-26 11:36:26.504 [INFO] main.cpp:379 -   已提交: 0  已执行: 0  成功: 0  失败: 0
2026-05-26 11:36:26.504 [INFO] main.cpp:384 -   队列大小: 0  平均耗时: 0.0ms
2026-05-26 11:36:27.504 [INFO] main.cpp:352 - ======== 总线统计 ========
2026-05-26 11:36:27.505 [INFO] main.cpp:353 -   总事务数:     160
2026-05-26 11:36:27.505 [INFO] main.cpp:354 -   总错误数:     140
2026-05-26 11:36:27.505 [INFO] main.cpp:355 -   发送字节数:   1120
2026-05-26 11:36:27.505 [INFO] main.cpp:356 -   接收字节数:   0
2026-05-26 11:36:27.505 [INFO] main.cpp:357 -   平均延迟:     0.00 ms
2026-05-26 11:36:27.505 [INFO] main.cpp:358 -   最大延迟:     0.00 ms
2026-05-26 11:36:27.505 [INFO] main.cpp:359 -   总线争用次数: 0
2026-05-26 11:36:27.505 [INFO] main.cpp:368 - ======== 轮询统计 ========
2026-05-26 11:36:27.505 [INFO] main.cpp:369 -   任务组数:     20
2026-05-26 11:36:27.505 [INFO] main.cpp:370 -   成功事务:     0
2026-05-26 11:36:27.505 [INFO] main.cpp:371 -   失败事务:     140
2026-05-26 11:36:27.505 [INFO] main.cpp:373 -   成功率:       0.0%
2026-05-26 11:36:27.505 [INFO] main.cpp:378 - ======== 命令队列统计 ========
2026-05-26 11:36:27.505 [INFO] main.cpp:379 -   已提交: 0  已执行: 0  成功: 0  失败: 0
2026-05-26 11:36:27.505 [INFO] main.cpp:384 -   队列大小: 0  平均耗时: 0.0ms
2026-05-26 11:36:28.506 [INFO] main.cpp:352 - ======== 总线统计 ========
2026-05-26 11:36:28.506 [INFO] main.cpp:353 -   总事务数:     160
2026-05-26 11:36:28.507 [INFO] main.cpp:354 -   总错误数:     140
2026-05-26 11:36:28.507 [INFO] main.cpp:355 -   发送字节数:   1280
2026-05-26 11:36:28.507 [INFO] main.cpp:356 -   接收字节数:   0
2026-05-26 11:36:28.507 [INFO] main.cpp:357 -   平均延迟:     0.00 ms
2026-05-26 11:36:28.507 [INFO] main.cpp:358 -   最大延迟:     0.00 ms
2026-05-26 11:36:28.507 [INFO] main.cpp:359 -   总线争用次数: 0
2026-05-26 11:36:28.507 [INFO] main.cpp:368 - ======== 轮询统计 ========
2026-05-26 11:36:28.507 [INFO] main.cpp:369 -   任务组数:     20
2026-05-26 11:36:28.507 [INFO] main.cpp:370 -   成功事务:     0
2026-05-26 11:36:28.507 [INFO] main.cpp:371 -   失败事务:     140
2026-05-26 11:36:28.507 [INFO] main.cpp:373 -   成功率:       0.0%
2026-05-26 11:36:28.507 [INFO] main.cpp:378 - ======== 命令队列统计 ========
2026-05-26 11:36:28.507 [INFO] main.cpp:379 -   已提交: 0  已执行: 0  成功: 0  失败: 0
2026-05-26 11:36:28.507 [INFO] main.cpp:384 -   队列大小: 0  平均耗时: 0.0ms
2026-05-26 11:36:29.508 [INFO] main.cpp:352 - ======== 总线统计 ========
2026-05-26 11:36:29.509 [INFO] main.cpp:353 -   总事务数:     160
2026-05-26 11:36:29.509 [INFO] main.cpp:354 -   总错误数:     160
2026-05-26 11:36:29.509 [INFO] main.cpp:355 -   发送字节数:   1280
2026-05-26 11:36:29.509 [INFO] main.cpp:356 -   接收字节数:   0
2026-05-26 11:36:29.509 [INFO] main.cpp:357 -   平均延迟:     0.00 ms
2026-05-26 11:36:29.509 [INFO] main.cpp:358 -   最大延迟:     0.00 ms
2026-05-26 11:36:29.509 [INFO] main.cpp:359 -   总线争用次数: 0
2026-05-26 11:36:29.509 [INFO] main.cpp:368 - ======== 轮询统计 ========
2026-05-26 11:36:29.509 [INFO] main.cpp:369 -   任务组数:     20
2026-05-26 11:36:29.509 [INFO] main.cpp:370 -   成功事务:     0
2026-05-26 11:36:29.509 [INFO] main.cpp:371 -   失败事务:     160
2026-05-26 11:36:29.509 [INFO] main.cpp:373 -   成功率:       0.0%
2026-05-26 11:36:29.509 [INFO] main.cpp:378 - ======== 命令队列统计 ========
2026-05-26 11:36:29.509 [INFO] main.cpp:379 -   已提交: 0  已执行: 0  成功: 0  失败: 0
2026-05-26 11:36:29.509 [INFO] main.cpp:384 -   队列大小: 0  平均耗时: 0.0ms
2026-05-26 11:36:30.510 [INFO] main.cpp:352 - ======== 总线统计 ========
2026-05-26 11:36:30.510 [INFO] main.cpp:353 -   总事务数:     160
2026-05-26 11:36:30.511 [INFO] main.cpp:354 -   总错误数:     160
2026-05-26 11:36:30.511 [INFO] main.cpp:355 -   发送字节数:   1280
2026-05-26 11:36:30.511 [INFO] main.cpp:356 -   接收字节数:   0
2026-05-26 11:36:30.511 [INFO] main.cpp:357 -   平均延迟:     0.00 ms
2026-05-26 11:36:30.511 [INFO] main.cpp:358 -   最大延迟:     0.00 ms
2026-05-26 11:36:30.511 [INFO] main.cpp:359 -   总线争用次数: 0
2026-05-26 11:36:30.511 [INFO] main.cpp:368 - ======== 轮询统计 ========
2026-05-26 11:36:30.511 [INFO] main.cpp:369 -   任务组数:     20
2026-05-26 11:36:30.511 [INFO] main.cpp:370 -   成功事务:     0
2026-05-26 11:36:30.511 [INFO] main.cpp:371 -   失败事务:     160
2026-05-26 11:36:30.511 [INFO] main.cpp:373 -   成功率:       0.0%
2026-05-26 11:36:30.511 [INFO] main.cpp:378 - ======== 命令队列统计 ========
2026-05-26 11:36:30.511 [INFO] main.cpp:379 -   已提交: 0  已执行: 0  成功: 0  失败: 0
2026-05-26 11:36:30.511 [INFO] main.cpp:384 -   队列大小: 0  平均耗时: 0.0ms
2026-05-26 11:36:31.512 [INFO] main.cpp:352 - ======== 总线统计 ========
2026-05-26 11:36:31.513 [INFO] main.cpp:353 -   总事务数:     160
2026-05-26 11:36:31.513 [INFO] main.cpp:354 -   总错误数:     160
2026-05-26 11:36:31.513 [INFO] main.cpp:355 -   发送字节数:   1280
2026-05-26 11:36:31.513 [INFO] main.cpp:356 -   接收字节数:   0
2026-05-26 11:36:31.513 [INFO] main.cpp:357 -   平均延迟:     0.00 ms
2026-05-26 11:36:31.513 [INFO] main.cpp:358 -   最大延迟:     0.00 ms
2026-05-26 11:36:31.513 [INFO] main.cpp:359 -   总线争用次数: 0
2026-05-26 11:36:31.513 [INFO] main.cpp:368 - ======== 轮询统计 ========
2026-05-26 11:36:31.513 [INFO] main.cpp:369 -   任务组数:     20
2026-05-26 11:36:31.513 [INFO] main.cpp:370 -   成功事务:     0
2026-05-26 11:36:31.513 [INFO] main.cpp:371 -   失败事务:     160
2026-05-26 11:36:31.513 [INFO] main.cpp:373 -   成功率:       0.0%
2026-05-26 11:36:31.513 [INFO] main.cpp:378 - ======== 命令队列统计 ========
2026-05-26 11:36:31.513 [INFO] main.cpp:379 -   已提交: 0  已执行: 0  成功: 0  失败: 0
2026-05-26 11:36:31.513 [INFO] main.cpp:384 -   队列大小: 0  平均耗时: 0.0ms
2026-05-26 11:36:32.514 [INFO] main.cpp:352 - ======== 总线统计 ========
2026-05-26 11:36:32.515 [INFO] main.cpp:353 -   总事务数:     180
2026-05-26 11:36:32.515 [INFO] main.cpp:354 -   总错误数:     160
2026-05-26 11:36:32.515 [INFO] main.cpp:355 -   发送字节数:   1280
2026-05-26 11:36:32.515 [INFO] main.cpp:356 -   接收字节数:   0
2026-05-26 11:36:32.515 [INFO] main.cpp:357 -   平均延迟:     0.00 ms
2026-05-26 11:36:32.515 [INFO] main.cpp:358 -   最大延迟:     0.00 ms
2026-05-26 11:36:32.515 [INFO] main.cpp:359 -   总线争用次数: 0
2026-05-26 11:36:32.515 [INFO] main.cpp:368 - ======== 轮询统计 ========
2026-05-26 11:36:32.515 [INFO] main.cpp:369 -   任务组数:     20
2026-05-26 11:36:32.515 [INFO] main.cpp:370 -   成功事务:     0
2026-05-26 11:36:32.515 [INFO] main.cpp:371 -   失败事务:     160
2026-05-26 11:36:32.515 [INFO] main.cpp:373 -   成功率:       0.0%
2026-05-26 11:36:32.515 [INFO] main.cpp:378 - ======== 命令队列统计 ========
2026-05-26 11:36:32.515 [INFO] main.cpp:379 -   已提交: 0  已执行: 0  成功: 0  失败: 0
2026-05-26 11:36:32.515 [INFO] main.cpp:384 -   队列大小: 0  平均耗时: 0.0ms
2026-05-26 11:36:33.516 [INFO] main.cpp:352 - ======== 总线统计 ========
2026-05-26 11:36:33.516 [INFO] main.cpp:353 -   总事务数:     180
2026-05-26 11:36:33.517 [INFO] main.cpp:354 -   总错误数:     160
2026-05-26 11:36:33.517 [INFO] main.cpp:355 -   发送字节数:   1440
2026-05-26 11:36:33.517 [INFO] main.cpp:356 -   接收字节数:   0
2026-05-26 11:36:33.517 [INFO] main.cpp:357 -   平均延迟:     0.00 ms
2026-05-26 11:36:33.517 [INFO] main.cpp:358 -   最大延迟:     0.00 ms
2026-05-26 11:36:33.517 [INFO] main.cpp:359 -   总线争用次数: 0
2026-05-26 11:36:33.517 [INFO] main.cpp:368 - ======== 轮询统计 ========
2026-05-26 11:36:33.517 [INFO] main.cpp:369 -   任务组数:     20
2026-05-26 11:36:33.517 [INFO] main.cpp:370 -   成功事务:     0
2026-05-26 11:36:33.517 [INFO] main.cpp:371 -   失败事务:     160
2026-05-26 11:36:33.517 [INFO] main.cpp:373 -   成功率:       0.0%
2026-05-26 11:36:33.517 [INFO] main.cpp:378 - ======== 命令队列统计 ========
2026-05-26 11:36:33.517 [INFO] main.cpp:379 -   已提交: 0  已执行: 0  成功: 0  失败: 0
2026-05-26 11:36:33.517 [INFO] main.cpp:384 -   队列大小: 0  平均耗时: 0.0ms
2026-05-26 11:36:34.518 [INFO] main.cpp:352 - ======== 总线统计 ========
2026-05-26 11:36:34.519 [INFO] main.cpp:353 -   总事务数:     180
2026-05-26 11:36:34.519 [INFO] main.cpp:354 -   总错误数:     180
2026-05-26 11:36:34.519 [INFO] main.cpp:355 -   发送字节数:   1440
2026-05-26 11:36:34.519 [INFO] main.cpp:356 -   接收字节数:   0
2026-05-26 11:36:34.519 [INFO] main.cpp:357 -   平均延迟:     0.00 ms
2026-05-26 11:36:34.519 [INFO] main.cpp:358 -   最大延迟:     0.00 ms
2026-05-26 11:36:34.519 [INFO] main.cpp:359 -   总线争用次数: 0
2026-05-26 11:36:34.519 [INFO] main.cpp:368 - ======== 轮询统计 ========
2026-05-26 11:36:34.519 [INFO] main.cpp:369 -   任务组数:     20
2026-05-26 11:36:34.519 [INFO] main.cpp:370 -   成功事务:     0
2026-05-26 11:36:34.519 [INFO] main.cpp:371 -   失败事务:     180
2026-05-26 11:36:34.519 [INFO] main.cpp:373 -   成功率:       0.0%
2026-05-26 11:36:34.519 [INFO] main.cpp:378 - ======== 命令队列统计 ========
2026-05-26 11:36:34.519 [INFO] main.cpp:379 -   已提交: 0  已执行: 0  成功: 0  失败: 0
2026-05-26 11:36:34.519 [INFO] main.cpp:384 -   队列大小: 0  平均耗时: 0.0ms
2026-05-26 11:36:35.520 [INFO] main.cpp:352 - ======== 总线统计 ========
2026-05-26 11:36:35.521 [INFO] main.cpp:353 -   总事务数:     180
2026-05-26 11:36:35.521 [INFO] main.cpp:354 -   总错误数:     180
2026-05-26 11:36:35.521 [INFO] main.cpp:355 -   发送字节数:   1440
2026-05-26 11:36:35.521 [INFO] main.cpp:356 -   接收字节数:   0
2026-05-26 11:36:35.521 [INFO] main.cpp:357 -   平均延迟:     0.00 ms
2026-05-26 11:36:35.521 [INFO] main.cpp:358 -   最大延迟:     0.00 ms
2026-05-26 11:36:35.521 [INFO] main.cpp:359 -   总线争用次数: 0
2026-05-26 11:36:35.521 [INFO] main.cpp:368 - ======== 轮询统计 ========
2026-05-26 11:36:35.521 [INFO] main.cpp:369 -   任务组数:     20
2026-05-26 11:36:35.521 [INFO] main.cpp:370 -   成功事务:     0
2026-05-26 11:36:35.521 [INFO] main.cpp:371 -   失败事务:     180
2026-05-26 11:36:35.521 [INFO] main.cpp:373 -   成功率:       0.0%
2026-05-26 11:36:35.521 [INFO] main.cpp:378 - ======== 命令队列统计 ========
2026-05-26 11:36:35.521 [INFO] main.cpp:379 -   已提交: 0  已执行: 0  成功: 0  失败: 0
2026-05-26 11:36:35.521 [INFO] main.cpp:384 -   队列大小: 0  平均耗时: 0.0ms
2026-05-26 11:36:36.522 [INFO] main.cpp:352 - ======== 总线统计 ========
2026-05-26 11:36:36.522 [INFO] main.cpp:353 -   总事务数:     180
2026-05-26 11:36:36.522 [INFO] main.cpp:354 -   总错误数:     180
2026-05-26 11:36:36.523 [INFO] main.cpp:355 -   发送字节数:   1440
2026-05-26 11:36:36.523 [INFO] main.cpp:356 -   接收字节数:   0
2026-05-26 11:36:36.523 [INFO] main.cpp:357 -   平均延迟:     0.00 ms
2026-05-26 11:36:36.523 [INFO] main.cpp:358 -   最大延迟:     0.00 ms
2026-05-26 11:36:36.523 [INFO] main.cpp:359 -   总线争用次数: 0
2026-05-26 11:36:36.523 [INFO] main.cpp:368 - ======== 轮询统计 ========
2026-05-26 11:36:36.523 [INFO] main.cpp:369 -   任务组数:     20
2026-05-26 11:36:36.523 [INFO] main.cpp:370 -   成功事务:     0
2026-05-26 11:36:36.523 [INFO] main.cpp:371 -   失败事务:     180
2026-05-26 11:36:36.523 [INFO] main.cpp:373 -   成功率:       0.0%
2026-05-26 11:36:36.523 [INFO] main.cpp:378 - ======== 命令队列统计 ========
2026-05-26 11:36:36.523 [INFO] main.cpp:379 -   已提交: 0  已执行: 0  成功: 0  失败: 0
2026-05-26 11:36:36.523 [INFO] main.cpp:384 -   队列大小: 0  平均耗时: 0.0ms
2026-05-26 11:36:37.524 [INFO] main.cpp:352 - ======== 总线统计 ========
2026-05-26 11:36:37.524 [INFO] main.cpp:353 -   总事务数:     200
2026-05-26 11:36:37.524 [INFO] main.cpp:354 -   总错误数:     180
2026-05-26 11:36:37.524 [INFO] main.cpp:355 -   发送字节数:   1440
2026-05-26 11:36:37.524 [INFO] main.cpp:356 -   接收字节数:   0
2026-05-26 11:36:37.524 [INFO] main.cpp:357 -   平均延迟:     0.00 ms
2026-05-26 11:36:37.524 [INFO] main.cpp:358 -   最大延迟:     0.00 ms
2026-05-26 11:36:37.524 [INFO] main.cpp:359 -   总线争用次数: 0
2026-05-26 11:36:37.524 [INFO] main.cpp:368 - ======== 轮询统计 ========
2026-05-26 11:36:37.525 [INFO] main.cpp:369 -   任务组数:     20
2026-05-26 11:36:37.525 [INFO] main.cpp:370 -   成功事务:     0
2026-05-26 11:36:37.525 [INFO] main.cpp:371 -   失败事务:     180
2026-05-26 11:36:37.525 [INFO] main.cpp:373 -   成功率:       0.0%
2026-05-26 11:36:37.525 [INFO] main.cpp:378 - ======== 命令队列统计 ========
2026-05-26 11:36:37.525 [INFO] main.cpp:379 -   已提交: 0  已执行: 0  成功: 0  失败: 0
2026-05-26 11:36:37.525 [INFO] main.cpp:384 -   队列大小: 0  平均耗时: 0.0ms
2026-05-26 11:36:38.526 [INFO] main.cpp:352 - ======== 总线统计 ========
2026-05-26 11:36:38.526 [INFO] main.cpp:353 -   总事务数:     200
2026-05-26 11:36:38.526 [INFO] main.cpp:354 -   总错误数:     180
2026-05-26 11:36:38.526 [INFO] main.cpp:355 -   发送字节数:   1600
2026-05-26 11:36:38.526 [INFO] main.cpp:356 -   接收字节数:   0
2026-05-26 11:36:38.526 [INFO] main.cpp:357 -   平均延迟:     0.00 ms
2026-05-26 11:36:38.526 [INFO] main.cpp:358 -   最大延迟:     0.00 ms
2026-05-26 11:36:38.526 [INFO] main.cpp:359 -   总线争用次数: 0
2026-05-26 11:36:38.526 [INFO] main.cpp:368 - ======== 轮询统计 ========
2026-05-26 11:36:38.526 [INFO] main.cpp:369 -   任务组数:     20
2026-05-26 11:36:38.526 [INFO] main.cpp:370 -   成功事务:     0
2026-05-26 11:36:38.527 [INFO] main.cpp:371 -   失败事务:     180
2026-05-26 11:36:38.527 [INFO] main.cpp:373 -   成功率:       0.0%
2026-05-26 11:36:38.527 [INFO] main.cpp:378 - ======== 命令队列统计 ========
2026-05-26 11:36:38.527 [INFO] main.cpp:379 -   已提交: 0  已执行: 0  成功: 0  失败: 0
2026-05-26 11:36:38.527 [INFO] main.cpp:384 -   队列大小: 0  平均耗时: 0.0ms
2026-05-26 11:36:39.527 [INFO] main.cpp:352 - ======== 总线统计 ========
2026-05-26 11:36:39.527 [INFO] main.cpp:353 -   总事务数:     200
2026-05-26 11:36:39.527 [INFO] main.cpp:354 -   总错误数:     200
2026-05-26 11:36:39.527 [INFO] main.cpp:355 -   发送字节数:   1600
2026-05-26 11:36:39.528 [INFO] main.cpp:356 -   接收字节数:   0
2026-05-26 11:36:39.528 [INFO] main.cpp:357 -   平均延迟:     0.00 ms
2026-05-26 11:36:39.528 [INFO] main.cpp:358 -   最大延迟:     0.00 ms
2026-05-26 11:36:39.528 [INFO] main.cpp:359 -   总线争用次数: 0
2026-05-26 11:36:39.528 [INFO] main.cpp:368 - ======== 轮询统计 ========
2026-05-26 11:36:39.528 [INFO] main.cpp:369 -   任务组数:     20
2026-05-26 11:36:39.528 [INFO] main.cpp:370 -   成功事务:     0
2026-05-26 11:36:39.528 [INFO] main.cpp:371 -   失败事务:     200
2026-05-26 11:36:39.528 [INFO] main.cpp:373 -   成功率:       0.0%
2026-05-26 11:36:39.528 [INFO] main.cpp:378 - ======== 命令队列统计 ========
2026-05-26 11:36:39.528 [INFO] main.cpp:379 -   已提交: 0  已执行: 0  成功: 0  失败: 0
2026-05-26 11:36:39.528 [INFO] main.cpp:384 -   队列大小: 0  平均耗时: 0.0ms
2026-05-26 11:36:40.529 [INFO] main.cpp:352 - ======== 总线统计 ========
2026-05-26 11:36:40.529 [INFO] main.cpp:353 -   总事务数:     200
2026-05-26 11:36:40.529 [INFO] main.cpp:354 -   总错误数:     200
2026-05-26 11:36:40.529 [INFO] main.cpp:355 -   发送字节数:   1600
2026-05-26 11:36:40.529 [INFO] main.cpp:356 -   接收字节数:   0
2026-05-26 11:36:40.529 [INFO] main.cpp:357 -   平均延迟:     0.00 ms
2026-05-26 11:36:40.529 [INFO] main.cpp:358 -   最大延迟:     0.00 ms
2026-05-26 11:36:40.530 [INFO] main.cpp:359 -   总线争用次数: 0
2026-05-26 11:36:40.530 [INFO] main.cpp:368 - ======== 轮询统计 ========
2026-05-26 11:36:40.530 [INFO] main.cpp:369 -   任务组数:     20
2026-05-26 11:36:40.530 [INFO] main.cpp:370 -   成功事务:     0
2026-05-26 11:36:40.530 [INFO] main.cpp:371 -   失败事务:     200
2026-05-26 11:36:40.530 [INFO] main.cpp:373 -   成功率:       0.0%
2026-05-26 11:36:40.530 [INFO] main.cpp:378 - ======== 命令队列统计 ========
2026-05-26 11:36:40.530 [INFO] main.cpp:379 -   已提交: 0  已执行: 0  成功: 0  失败: 0
2026-05-26 11:36:40.530 [INFO] main.cpp:384 -   队列大小: 0  平均耗时: 0.0ms
2026-05-26 11:36:41.531 [INFO] main.cpp:352 - ======== 总线统计 ========
2026-05-26 11:36:41.531 [INFO] main.cpp:353 -   总事务数:     200
2026-05-26 11:36:41.531 [INFO] main.cpp:354 -   总错误数:     200
2026-05-26 11:36:41.531 [INFO] main.cpp:355 -   发送字节数:   1600
2026-05-26 11:36:41.531 [INFO] main.cpp:356 -   接收字节数:   0
2026-05-26 11:36:41.531 [INFO] main.cpp:357 -   平均延迟:     0.00 ms
2026-05-26 11:36:41.531 [INFO] main.cpp:358 -   最大延迟:     0.00 ms
2026-05-26 11:36:41.531 [INFO] main.cpp:359 -   总线争用次数: 0
2026-05-26 11:36:41.531 [INFO] main.cpp:368 - ======== 轮询统计 ========
2026-05-26 11:36:41.531 [INFO] main.cpp:369 -   任务组数:     20
2026-05-26 11:36:41.531 [INFO] main.cpp:370 -   成功事务:     0
2026-05-26 11:36:41.531 [INFO] main.cpp:371 -   失败事务:     200
2026-05-26 11:36:41.531 [INFO] main.cpp:373 -   成功率:       0.0%
2026-05-26 11:36:41.531 [INFO] main.cpp:378 - ======== 命令队列统计 ========
2026-05-26 11:36:41.531 [INFO] main.cpp:379 -   已提交: 0  已执行: 0  成功: 0  失败: 0
2026-05-26 11:36:41.531 [INFO] main.cpp:384 -   队列大小: 0  平均耗时: 0.0ms
2026-05-26 11:36:42.532 [INFO] main.cpp:352 - ======== 总线统计 ========
2026-05-26 11:36:42.532 [INFO] main.cpp:353 -   总事务数:     220
2026-05-26 11:36:42.532 [INFO] main.cpp:354 -   总错误数:     200
2026-05-26 11:36:42.532 [INFO] main.cpp:355 -   发送字节数:   1600
2026-05-26 11:36:42.532 [INFO] main.cpp:356 -   接收字节数:   0
2026-05-26 11:36:42.532 [INFO] main.cpp:357 -   平均延迟:     0.00 ms
2026-05-26 11:36:42.532 [INFO] main.cpp:358 -   最大延迟:     0.00 ms
2026-05-26 11:36:42.532 [INFO] main.cpp:359 -   总线争用次数: 0
2026-05-26 11:36:42.532 [INFO] main.cpp:368 - ======== 轮询统计 ========
2026-05-26 11:36:42.532 [INFO] main.cpp:369 -   任务组数:     20
2026-05-26 11:36:42.533 [INFO] main.cpp:370 -   成功事务:     0
2026-05-26 11:36:42.533 [INFO] main.cpp:371 -   失败事务:     200
2026-05-26 11:36:42.533 [INFO] main.cpp:373 -   成功率:       0.0%
2026-05-26 11:36:42.533 [INFO] main.cpp:378 - ======== 命令队列统计 ========
2026-05-26 11:36:42.533 [INFO] main.cpp:379 -   已提交: 0  已执行: 0  成功: 0  失败: 0
2026-05-26 11:36:42.533 [INFO] main.cpp:384 -   队列大小: 0  平均耗时: 0.0ms
2026-05-26 11:36:43.534 [INFO] main.cpp:352 - ======== 总线统计 ========
2026-05-26 11:36:43.534 [INFO] main.cpp:353 -   总事务数:     220
2026-05-26 11:36:43.534 [INFO] main.cpp:354 -   总错误数:     200
2026-05-26 11:36:43.534 [INFO] main.cpp:355 -   发送字节数:   1760
2026-05-26 11:36:43.534 [INFO] main.cpp:356 -   接收字节数:   0
2026-05-26 11:36:43.534 [INFO] main.cpp:357 -   平均延迟:     0.00 ms
2026-05-26 11:36:43.534 [INFO] main.cpp:358 -   最大延迟:     0.00 ms
2026-05-26 11:36:43.534 [INFO] main.cpp:359 -   总线争用次数: 0
2026-05-26 11:36:43.534 [INFO] main.cpp:368 - ======== 轮询统计 ========
2026-05-26 11:36:43.535 [INFO] main.cpp:369 -   任务组数:     20
2026-05-26 11:36:43.535 [INFO] main.cpp:370 -   成功事务:     0
2026-05-26 11:36:43.535 [INFO] main.cpp:371 -   失败事务:     200
2026-05-26 11:36:43.535 [INFO] main.cpp:373 -   成功率:       0.0%
2026-05-26 11:36:43.535 [INFO] main.cpp:378 - ======== 命令队列统计 ========
2026-05-26 11:36:43.535 [INFO] main.cpp:379 -   已提交: 0  已执行: 0  成功: 0  失败: 0
2026-05-26 11:36:43.535 [INFO] main.cpp:384 -   队列大小: 0  平均耗时: 0.0ms
2026-05-26 11:36:44.535 [INFO] main.cpp:352 - ======== 总线统计 ========
2026-05-26 11:36:44.536 [INFO] main.cpp:353 -   总事务数:     220
2026-05-26 11:36:44.536 [INFO] main.cpp:354 -   总错误数:     220
2026-05-26 11:36:44.536 [INFO] main.cpp:355 -   发送字节数:   1760
2026-05-26 11:36:44.536 [INFO] main.cpp:356 -   接收字节数:   0
2026-05-26 11:36:44.536 [INFO] main.cpp:357 -   平均延迟:     0.00 ms
2026-05-26 11:36:44.536 [INFO] main.cpp:358 -   最大延迟:     0.00 ms
2026-05-26 11:36:44.536 [INFO] main.cpp:359 -   总线争用次数: 0
2026-05-26 11:36:44.536 [INFO] main.cpp:368 - ======== 轮询统计 ========
2026-05-26 11:36:44.536 [INFO] main.cpp:369 -   任务组数:     20
2026-05-26 11:36:44.536 [INFO] main.cpp:370 -   成功事务:     0
2026-05-26 11:36:44.536 [INFO] main.cpp:371 -   失败事务:     220
2026-05-26 11:36:44.536 [INFO] main.cpp:373 -   成功率:       0.0%
2026-05-26 11:36:44.536 [INFO] main.cpp:378 - ======== 命令队列统计 ========
2026-05-26 11:36:44.536 [INFO] main.cpp:379 -   已提交: 0  已执行: 0  成功: 0  失败: 0
2026-05-26 11:36:44.536 [INFO] main.cpp:384 -   队列大小: 0  平均耗时: 0.0ms
2026-05-26 11:36:45.537 [INFO] main.cpp:352 - ======== 总线统计 ========
2026-05-26 11:36:45.537 [INFO] main.cpp:353 -   总事务数:     220
2026-05-26 11:36:45.537 [INFO] main.cpp:354 -   总错误数:     220
2026-05-26 11:36:45.537 [INFO] main.cpp:355 -   发送字节数:   1760
2026-05-26 11:36:45.537 [INFO] main.cpp:356 -   接收字节数:   0
2026-05-26 11:36:45.537 [INFO] main.cpp:357 -   平均延迟:     0.00 ms
2026-05-26 11:36:45.538 [INFO] main.cpp:358 -   最大延迟:     0.00 ms
2026-05-26 11:36:45.538 [INFO] main.cpp:359 -   总线争用次数: 0
2026-05-26 11:36:45.538 [INFO] main.cpp:368 - ======== 轮询统计 ========
2026-05-26 11:36:45.538 [INFO] main.cpp:369 -   任务组数:     20
2026-05-26 11:36:45.538 [INFO] main.cpp:370 -   成功事务:     0
2026-05-26 11:36:45.538 [INFO] main.cpp:371 -   失败事务:     220
2026-05-26 11:36:45.538 [INFO] main.cpp:373 -   成功率:       0.0%
2026-05-26 11:36:45.538 [INFO] main.cpp:378 - ======== 命令队列统计 ========
2026-05-26 11:36:45.538 [INFO] main.cpp:379 -   已提交: 0  已执行: 0  成功: 0  失败: 0
2026-05-26 11:36:45.538 [INFO] main.cpp:384 -   队列大小: 0  平均耗时: 0.0ms
2026-05-26 11:36:46.539 [INFO] main.cpp:352 - ======== 总线统计 ========
2026-05-26 11:36:46.539 [INFO] main.cpp:353 -   总事务数:     220
2026-05-26 11:36:46.539 [INFO] main.cpp:354 -   总错误数:     220
2026-05-26 11:36:46.539 [INFO] main.cpp:355 -   发送字节数:   1760
2026-05-26 11:36:46.539 [INFO] main.cpp:356 -   接收字节数:   0
2026-05-26 11:36:46.539 [INFO] main.cpp:357 -   平均延迟:     0.00 ms
2026-05-26 11:36:46.540 [INFO] main.cpp:358 -   最大延迟:     0.00 ms
2026-05-26 11:36:46.540 [INFO] main.cpp:359 -   总线争用次数: 0
2026-05-26 11:36:46.540 [INFO] main.cpp:368 - ======== 轮询统计 ========
2026-05-26 11:36:46.540 [INFO] main.cpp:369 -   任务组数:     20
2026-05-26 11:36:46.540 [INFO] main.cpp:370 -   成功事务:     0
2026-05-26 11:36:46.540 [INFO] main.cpp:371 -   失败事务:     220
2026-05-26 11:36:46.540 [INFO] main.cpp:373 -   成功率:       0.0%
2026-05-26 11:36:46.540 [INFO] main.cpp:378 - ======== 命令队列统计 ========
2026-05-26 11:36:46.540 [INFO] main.cpp:379 -   已提交: 0  已执行: 0  成功: 0  失败: 0
2026-05-26 11:36:46.540 [INFO] main.cpp:384 -   队列大小: 0  平均耗时: 0.0ms
2026-05-26 11:36:47.541 [INFO] main.cpp:352 - ======== 总线统计 ========
2026-05-26 11:36:47.541 [INFO] main.cpp:353 -   总事务数:     240
2026-05-26 11:36:47.541 [INFO] main.cpp:354 -   总错误数:     220
2026-05-26 11:36:47.541 [INFO] main.cpp:355 -   发送字节数:   1792
2026-05-26 11:36:47.541 [INFO] main.cpp:356 -   接收字节数:   0
2026-05-26 11:36:47.541 [INFO] main.cpp:357 -   平均延迟:     0.00 ms
2026-05-26 11:36:47.541 [INFO] main.cpp:358 -   最大延迟:     0.00 ms
2026-05-26 11:36:47.541 [INFO] main.cpp:359 -   总线争用次数: 0
2026-05-26 11:36:47.541 [INFO] main.cpp:368 - ======== 轮询统计 ========
2026-05-26 11:36:47.541 [INFO] main.cpp:369 -   任务组数:     20
2026-05-26 11:36:47.541 [INFO] main.cpp:370 -   成功事务:     0
2026-05-26 11:36:47.541 [INFO] main.cpp:371 -   失败事务:     220
2026-05-26 11:36:47.541 [INFO] main.cpp:373 -   成功率:       0.0%
2026-05-26 11:36:47.541 [INFO] main.cpp:378 - ======== 命令队列统计 ========
2026-05-26 11:36:47.541 [INFO] main.cpp:379 -   已提交: 0  已执行: 0  成功: 0  失败: 0
2026-05-26 11:36:47.541 [INFO] main.cpp:384 -   队列大小: 0  平均耗时: 0.0ms
2026-05-26 11:36:48.542 [INFO] main.cpp:352 - ======== 总线统计 ========
2026-05-26 11:36:48.542 [INFO] main.cpp:353 -   总事务数:     240
2026-05-26 11:36:48.542 [INFO] main.cpp:354 -   总错误数:     224
2026-05-26 11:36:48.542 [INFO] main.cpp:355 -   发送字节数:   1920
2026-05-26 11:36:48.542 [INFO] main.cpp:356 -   接收字节数:   0
2026-05-26 11:36:48.542 [INFO] main.cpp:357 -   平均延迟:     0.00 ms
2026-05-26 11:36:48.542 [INFO] main.cpp:358 -   最大延迟:     0.00 ms
2026-05-26 11:36:48.542 [INFO] main.cpp:359 -   总线争用次数: 0
2026-05-26 11:36:48.543 [INFO] main.cpp:368 - ======== 轮询统计 ========
2026-05-26 11:36:48.543 [INFO] main.cpp:369 -   任务组数:     20
2026-05-26 11:36:48.543 [INFO] main.cpp:370 -   成功事务:     0
2026-05-26 11:36:48.543 [INFO] main.cpp:371 -   失败事务:     224
2026-05-26 11:36:48.543 [INFO] main.cpp:373 -   成功率:       0.0%
2026-05-26 11:36:48.543 [INFO] main.cpp:378 - ======== 命令队列统计 ========
2026-05-26 11:36:48.543 [INFO] main.cpp:379 -   已提交: 0  已执行: 0  成功: 0  失败: 0
2026-05-26 11:36:48.543 [INFO] main.cpp:384 -   队列大小: 0  平均耗时: 0.0ms
2026-05-26 11:36:49.544 [INFO] main.cpp:352 - ======== 总线统计 ========
2026-05-26 11:36:49.544 [INFO] main.cpp:353 -   总事务数:     240
2026-05-26 11:36:49.544 [INFO] main.cpp:354 -   总错误数:     240
2026-05-26 11:36:49.544 [INFO] main.cpp:355 -   发送字节数:   1920
2026-05-26 11:36:49.544 [INFO] main.cpp:356 -   接收字节数:   0
2026-05-26 11:36:49.544 [INFO] main.cpp:357 -   平均延迟:     0.00 ms
2026-05-26 11:36:49.544 [INFO] main.cpp:358 -   最大延迟:     0.00 ms
2026-05-26 11:36:49.544 [INFO] main.cpp:359 -   总线争用次数: 0
2026-05-26 11:36:49.544 [INFO] main.cpp:368 - ======== 轮询统计 ========
2026-05-26 11:36:49.544 [INFO] main.cpp:369 -   任务组数:     20
2026-05-26 11:36:49.544 [INFO] main.cpp:370 -   成功事务:     0
2026-05-26 11:36:49.545 [INFO] main.cpp:371 -   失败事务:     240
2026-05-26 11:36:49.545 [INFO] main.cpp:373 -   成功率:       0.0%
2026-05-26 11:36:49.545 [INFO] main.cpp:378 - ======== 命令队列统计 ========
2026-05-26 11:36:49.545 [INFO] main.cpp:379 -   已提交: 0  已执行: 0  成功: 0  失败: 0
2026-05-26 11:36:49.545 [INFO] main.cpp:384 -   队列大小: 0  平均耗时: 0.0ms
2026-05-26 11:36:50.545 [INFO] main.cpp:352 - ======== 总线统计 ========
2026-05-26 11:36:50.545 [INFO] main.cpp:353 -   总事务数:     240
2026-05-26 11:36:50.545 [INFO] main.cpp:354 -   总错误数:     240
2026-05-26 11:36:50.546 [INFO] main.cpp:355 -   发送字节数:   1920
2026-05-26 11:36:50.546 [INFO] main.cpp:356 -   接收字节数:   0
2026-05-26 11:36:50.546 [INFO] main.cpp:357 -   平均延迟:     0.00 ms
2026-05-26 11:36:50.546 [INFO] main.cpp:358 -   最大延迟:     0.00 ms
2026-05-26 11:36:50.546 [INFO] main.cpp:359 -   总线争用次数: 0
2026-05-26 11:36:50.546 [INFO] main.cpp:368 - ======== 轮询统计 ========
2026-05-26 11:36:50.546 [INFO] main.cpp:369 -   任务组数:     20
2026-05-26 11:36:50.546 [INFO] main.cpp:370 -   成功事务:     0
2026-05-26 11:36:50.546 [INFO] main.cpp:371 -   失败事务:     240
2026-05-26 11:36:50.546 [INFO] main.cpp:373 -   成功率:       0.0%
2026-05-26 11:36:50.546 [INFO] main.cpp:378 - ======== 命令队列统计 ========
2026-05-26 11:36:50.546 [INFO] main.cpp:379 -   已提交: 0  已执行: 0  成功: 0  失败: 0
2026-05-26 11:36:50.546 [INFO] main.cpp:384 -   队列大小: 0  平均耗时: 0.0ms
2026-05-26 11:36:51.547 [INFO] main.cpp:352 - ======== 总线统计 ========
2026-05-26 11:36:51.547 [INFO] main.cpp:353 -   总事务数:     240
2026-05-26 11:36:51.547 [INFO] main.cpp:354 -   总错误数:     240
2026-05-26 11:36:51.547 [INFO] main.cpp:355 -   发送字节数:   1920
2026-05-26 11:36:51.547 [INFO] main.cpp:356 -   接收字节数:   0
2026-05-26 11:36:51.548 [INFO] main.cpp:357 -   平均延迟:     0.00 ms
2026-05-26 11:36:51.548 [INFO] main.cpp:358 -   最大延迟:     0.00 ms
2026-05-26 11:36:51.548 [INFO] main.cpp:359 -   总线争用次数: 0
2026-05-26 11:36:51.548 [INFO] main.cpp:368 - ======== 轮询统计 ========
2026-05-26 11:36:51.548 [INFO] main.cpp:369 -   任务组数:     20
2026-05-26 11:36:51.548 [INFO] main.cpp:370 -   成功事务:     0
2026-05-26 11:36:51.548 [INFO] main.cpp:371 -   失败事务:     240
2026-05-26 11:36:51.548 [INFO] main.cpp:373 -   成功率:       0.0%
2026-05-26 11:36:51.548 [INFO] main.cpp:378 - ======== 命令队列统计 ========
2026-05-26 11:36:51.548 [INFO] main.cpp:379 -   已提交: 0  已执行: 0  成功: 0  失败: 0
2026-05-26 11:36:51.548 [INFO] main.cpp:384 -   队列大小: 0  平均耗时: 0.0ms
2026-05-26 11:36:52.549 [INFO] main.cpp:352 - ======== 总线统计 ========
2026-05-26 11:36:52.549 [INFO] main.cpp:353 -   总事务数:     260
2026-05-26 11:36:52.549 [INFO] main.cpp:354 -   总错误数:     240
2026-05-26 11:36:52.549 [INFO] main.cpp:355 -   发送字节数:   1928
2026-05-26 11:36:52.549 [INFO] main.cpp:356 -   接收字节数:   0
2026-05-26 11:36:52.549 [INFO] main.cpp:357 -   平均延迟:     0.00 ms
2026-05-26 11:36:52.550 [INFO] main.cpp:358 -   最大延迟:     0.00 ms
2026-05-26 11:36:52.550 [INFO] main.cpp:359 -   总线争用次数: 0
2026-05-26 11:36:52.550 [INFO] main.cpp:368 - ======== 轮询统计 ========
2026-05-26 11:36:52.550 [INFO] main.cpp:369 -   任务组数:     20
2026-05-26 11:36:52.550 [INFO] main.cpp:370 -   成功事务:     0
2026-05-26 11:36:52.550 [INFO] main.cpp:371 -   失败事务:     240
2026-05-26 11:36:52.550 [INFO] main.cpp:373 -   成功率:       0.0%
2026-05-26 11:36:52.550 [INFO] main.cpp:378 - ======== 命令队列统计 ========
2026-05-26 11:36:52.550 [INFO] main.cpp:379 -   已提交: 0  已执行: 0  成功: 0  失败: 0
2026-05-26 11:36:52.550 [INFO] main.cpp:384 -   队列大小: 0  平均耗时: 0.0ms
2026-05-26 11:36:53.551 [INFO] main.cpp:352 - ======== 总线统计 ========
2026-05-26 11:36:53.551 [INFO] main.cpp:353 -   总事务数:     260
2026-05-26 11:36:53.551 [INFO] main.cpp:354 -   总错误数:     241
2026-05-26 11:36:53.551 [INFO] main.cpp:355 -   发送字节数:   2080
2026-05-26 11:36:53.551 [INFO] main.cpp:356 -   接收字节数:   0
2026-05-26 11:36:53.551 [INFO] main.cpp:357 -   平均延迟:     0.00 ms
2026-05-26 11:36:53.551 [INFO] main.cpp:358 -   最大延迟:     0.00 ms
2026-05-26 11:36:53.551 [INFO] main.cpp:359 -   总线争用次数: 0
2026-05-26 11:36:53.551 [INFO] main.cpp:368 - ======== 轮询统计 ========
2026-05-26 11:36:53.551 [INFO] main.cpp:369 -   任务组数:     20
2026-05-26 11:36:53.551 [INFO] main.cpp:370 -   成功事务:     0
2026-05-26 11:36:53.551 [INFO] main.cpp:371 -   失败事务:     241
2026-05-26 11:36:53.551 [INFO] main.cpp:373 -   成功率:       0.0%
2026-05-26 11:36:53.551 [INFO] main.cpp:378 - ======== 命令队列统计 ========
2026-05-26 11:36:53.551 [INFO] main.cpp:379 -   已提交: 0  已执行: 0  成功: 0  失败: 0
2026-05-26 11:36:53.551 [INFO] main.cpp:384 -   队列大小: 0  平均耗时: 0.0ms
2026-05-26 11:36:54.552 [INFO] main.cpp:352 - ======== 总线统计 ========
2026-05-26 11:36:54.553 [INFO] main.cpp:353 -   总事务数:     260
2026-05-26 11:36:54.553 [INFO] main.cpp:354 -   总错误数:     260
2026-05-26 11:36:54.553 [INFO] main.cpp:355 -   发送字节数:   2080
2026-05-26 11:36:54.553 [INFO] main.cpp:356 -   接收字节数:   0
2026-05-26 11:36:54.553 [INFO] main.cpp:357 -   平均延迟:     0.00 ms
2026-05-26 11:36:54.553 [INFO] main.cpp:358 -   最大延迟:     0.00 ms
2026-05-26 11:36:54.553 [INFO] main.cpp:359 -   总线争用次数: 0
2026-05-26 11:36:54.553 [INFO] main.cpp:368 - ======== 轮询统计 ========
2026-05-26 11:36:54.553 [INFO] main.cpp:369 -   任务组数:     20
2026-05-26 11:36:54.553 [INFO] main.cpp:370 -   成功事务:     0
2026-05-26 11:36:54.553 [INFO] main.cpp:371 -   失败事务:     260
2026-05-26 11:36:54.553 [INFO] main.cpp:373 -   成功率:       0.0%
2026-05-26 11:36:54.553 [INFO] main.cpp:378 - ======== 命令队列统计 ========
2026-05-26 11:36:54.553 [INFO] main.cpp:379 -   已提交: 0  已执行: 0  成功: 0  失败: 0
2026-05-26 11:36:54.553 [INFO] main.cpp:384 -   队列大小: 0  平均耗时: 0.0ms
2026-05-26 11:36:55.554 [INFO] main.cpp:352 - ======== 总线统计 ========
2026-05-26 11:36:55.555 [INFO] main.cpp:353 -   总事务数:     260
2026-05-26 11:36:55.555 [INFO] main.cpp:354 -   总错误数:     260
2026-05-26 11:36:55.555 [INFO] main.cpp:355 -   发送字节数:   2080
2026-05-26 11:36:55.555 [INFO] main.cpp:356 -   接收字节数:   0
2026-05-26 11:36:55.555 [INFO] main.cpp:357 -   平均延迟:     0.00 ms
2026-05-26 11:36:55.555 [INFO] main.cpp:358 -   最大延迟:     0.00 ms
2026-05-26 11:36:55.555 [INFO] main.cpp:359 -   总线争用次数: 0
2026-05-26 11:36:55.555 [INFO] main.cpp:368 - ======== 轮询统计 ========
2026-05-26 11:36:55.555 [INFO] main.cpp:369 -   任务组数:     20
2026-05-26 11:36:55.555 [INFO] main.cpp:370 -   成功事务:     0
2026-05-26 11:36:55.555 [INFO] main.cpp:371 -   失败事务:     260
2026-05-26 11:36:55.555 [INFO] main.cpp:373 -   成功率:       0.0%
2026-05-26 11:36:55.555 [INFO] main.cpp:378 - ======== 命令队列统计 ========
2026-05-26 11:36:55.555 [INFO] main.cpp:379 -   已提交: 0  已执行: 0  成功: 0  失败: 0
2026-05-26 11:36:55.555 [INFO] main.cpp:384 -   队列大小: 0  平均耗时: 0.0ms
2026-05-26 11:36:56.556 [INFO] main.cpp:352 - ======== 总线统计 ========
2026-05-26 11:36:56.556 [INFO] main.cpp:353 -   总事务数:     260
2026-05-26 11:36:56.557 [INFO] main.cpp:354 -   总错误数:     260
2026-05-26 11:36:56.557 [INFO] main.cpp:355 -   发送字节数:   2080
2026-05-26 11:36:56.557 [INFO] main.cpp:356 -   接收字节数:   0
2026-05-26 11:36:56.557 [INFO] main.cpp:357 -   平均延迟:     0.00 ms
2026-05-26 11:36:56.557 [INFO] main.cpp:358 -   最大延迟:     0.00 ms
2026-05-26 11:36:56.557 [INFO] main.cpp:359 -   总线争用次数: 0
2026-05-26 11:36:56.557 [INFO] main.cpp:368 - ======== 轮询统计 ========
2026-05-26 11:36:56.557 [INFO] main.cpp:369 -   任务组数:     20
2026-05-26 11:36:56.557 [INFO] main.cpp:370 -   成功事务:     0
2026-05-26 11:36:56.557 [INFO] main.cpp:371 -   失败事务:     260
2026-05-26 11:36:56.557 [INFO] main.cpp:373 -   成功率:       0.0%
2026-05-26 11:36:56.557 [INFO] main.cpp:378 - ======== 命令队列统计 ========
2026-05-26 11:36:56.557 [INFO] main.cpp:379 -   已提交: 0  已执行: 0  成功: 0  失败: 0
2026-05-26 11:36:56.557 [INFO] main.cpp:384 -   队列大小: 0  平均耗时: 0.0ms
2026-05-26 11:36:57.558 [INFO] main.cpp:352 - ======== 总线统计 ========
2026-05-26 11:36:57.558 [INFO] main.cpp:353 -   总事务数:     280
2026-05-26 11:36:57.558 [INFO] main.cpp:354 -   总错误数:     260
2026-05-26 11:36:57.559 [INFO] main.cpp:355 -   发送字节数:   2184
2026-05-26 11:36:57.559 [INFO] main.cpp:356 -   接收字节数:   0
2026-05-26 11:36:57.559 [INFO] main.cpp:357 -   平均延迟:     0.00 ms
2026-05-26 11:36:57.559 [INFO] main.cpp:358 -   最大延迟:     0.00 ms
2026-05-26 11:36:57.559 [INFO] main.cpp:359 -   总线争用次数: 0
2026-05-26 11:36:57.559 [INFO] main.cpp:368 - ======== 轮询统计 ========
2026-05-26 11:36:57.559 [INFO] main.cpp:369 -   任务组数:     20
2026-05-26 11:36:57.559 [INFO] main.cpp:370 -   成功事务:     0
2026-05-26 11:36:57.559 [INFO] main.cpp:371 -   失败事务:     260
2026-05-26 11:36:57.559 [INFO] main.cpp:373 -   成功率:       0.0%
2026-05-26 11:36:57.559 [INFO] main.cpp:378 - ======== 命令队列统计 ========
2026-05-26 11:36:57.559 [INFO] main.cpp:379 -   已提交: 0  已执行: 0  成功: 0  失败: 0
2026-05-26 11:36:57.559 [INFO] main.cpp:384 -   队列大小: 0  平均耗时: 0.0ms
2026-05-26 11:36:58.560 [INFO] main.cpp:352 - ======== 总线统计 ========
2026-05-26 11:36:58.560 [INFO] main.cpp:353 -   总事务数:     280
2026-05-26 11:36:58.560 [INFO] main.cpp:354 -   总错误数:     273
2026-05-26 11:36:58.560 [INFO] main.cpp:355 -   发送字节数:   2240
2026-05-26 11:36:58.560 [INFO] main.cpp:356 -   接收字节数:   0
2026-05-26 11:36:58.560 [INFO] main.cpp:357 -   平均延迟:     0.00 ms
2026-05-26 11:36:58.560 [INFO] main.cpp:358 -   最大延迟:     0.00 ms
2026-05-26 11:36:58.560 [INFO] main.cpp:359 -   总线争用次数: 0
2026-05-26 11:36:58.560 [INFO] main.cpp:368 - ======== 轮询统计 ========
2026-05-26 11:36:58.560 [INFO] main.cpp:369 -   任务组数:     20
2026-05-26 11:36:58.560 [INFO] main.cpp:370 -   成功事务:     0
2026-05-26 11:36:58.560 [INFO] main.cpp:371 -   失败事务:     273
2026-05-26 11:36:58.561 [INFO] main.cpp:373 -   成功率:       0.0%
2026-05-26 11:36:58.561 [INFO] main.cpp:378 - ======== 命令队列统计 ========
2026-05-26 11:36:58.561 [INFO] main.cpp:379 -   已提交: 0  已执行: 0  成功: 0  失败: 0
2026-05-26 11:36:58.561 [INFO] main.cpp:384 -   队列大小: 0  平均耗时: 0.0ms
2026-05-26 11:36:59.562 [INFO] main.cpp:352 - ======== 总线统计 ========
2026-05-26 11:36:59.562 [INFO] main.cpp:353 -   总事务数:     280
2026-05-26 11:36:59.562 [INFO] main.cpp:354 -   总错误数:     280
2026-05-26 11:36:59.562 [INFO] main.cpp:355 -   发送字节数:   2240
2026-05-26 11:36:59.562 [INFO] main.cpp:356 -   接收字节数:   0
2026-05-26 11:36:59.562 [INFO] main.cpp:357 -   平均延迟:     0.00 ms
2026-05-26 11:36:59.562 [INFO] main.cpp:358 -   最大延迟:     0.00 ms
2026-05-26 11:36:59.562 [INFO] main.cpp:359 -   总线争用次数: 0
2026-05-26 11:36:59.562 [INFO] main.cpp:368 - ======== 轮询统计 ========
2026-05-26 11:36:59.562 [INFO] main.cpp:369 -   任务组数:     20
2026-05-26 11:36:59.562 [INFO] main.cpp:370 -   成功事务:     0
2026-05-26 11:36:59.562 [INFO] main.cpp:371 -   失败事务:     280
2026-05-26 11:36:59.563 [INFO] main.cpp:373 -   成功率:       0.0%
2026-05-26 11:36:59.563 [INFO] main.cpp:378 - ======== 命令队列统计 ========
2026-05-26 11:36:59.563 [INFO] main.cpp:379 -   已提交: 0  已执行: 0  成功: 0  失败: 0
2026-05-26 11:36:59.563 [INFO] main.cpp:384 -   队列大小: 0  平均耗时: 0.0ms
2026-05-26 11:37:00.564 [INFO] main.cpp:352 - ======== 总线统计 ========
2026-05-26 11:37:00.564 [INFO] main.cpp:353 -   总事务数:     280
2026-05-26 11:37:00.564 [INFO] main.cpp:354 -   总错误数:     280
2026-05-26 11:37:00.564 [INFO] main.cpp:355 -   发送字节数:   2240
2026-05-26 11:37:00.564 [INFO] main.cpp:356 -   接收字节数:   0
2026-05-26 11:37:00.564 [INFO] main.cpp:357 -   平均延迟:     0.00 ms
2026-05-26 11:37:00.564 [INFO] main.cpp:358 -   最大延迟:     0.00 ms
2026-05-26 11:37:00.564 [INFO] main.cpp:359 -   总线争用次数: 0
2026-05-26 11:37:00.564 [INFO] main.cpp:368 - ======== 轮询统计 ========
2026-05-26 11:37:00.564 [INFO] main.cpp:369 -   任务组数:     20
2026-05-26 11:37:00.564 [INFO] main.cpp:370 -   成功事务:     0
2026-05-26 11:37:00.564 [INFO] main.cpp:371 -   失败事务:     280
2026-05-26 11:37:00.564 [INFO] main.cpp:373 -   成功率:       0.0%
2026-05-26 11:37:00.565 [INFO] main.cpp:378 - ======== 命令队列统计 ========
2026-05-26 11:37:00.565 [INFO] main.cpp:379 -   已提交: 0  已执行: 0  成功: 0  失败: 0
2026-05-26 11:37:00.565 [INFO] main.cpp:384 -   队列大小: 0  平均耗时: 0.0ms
2026-05-26 11:37:01.566 [INFO] main.cpp:352 - ======== 总线统计 ========
2026-05-26 11:37:01.566 [INFO] main.cpp:353 -   总事务数:     280
2026-05-26 11:37:01.566 [INFO] main.cpp:354 -   总错误数:     280
2026-05-26 11:37:01.566 [INFO] main.cpp:355 -   发送字节数:   2240
2026-05-26 11:37:01.566 [INFO] main.cpp:356 -   接收字节数:   0
2026-05-26 11:37:01.566 [INFO] main.cpp:357 -   平均延迟:     0.00 ms
2026-05-26 11:37:01.566 [INFO] main.cpp:358 -   最大延迟:     0.00 ms
2026-05-26 11:37:01.566 [INFO] main.cpp:359 -   总线争用次数: 0
2026-05-26 11:37:01.566 [INFO] main.cpp:368 - ======== 轮询统计 ========
2026-05-26 11:37:01.566 [INFO] main.cpp:369 -   任务组数:     20
2026-05-26 11:37:01.566 [INFO] main.cpp:370 -   成功事务:     0
2026-05-26 11:37:01.566 [INFO] main.cpp:371 -   失败事务:     280
2026-05-26 11:37:01.566 [INFO] main.cpp:373 -   成功率:       0.0%
2026-05-26 11:37:01.567 [INFO] main.cpp:378 - ======== 命令队列统计 ========
2026-05-26 11:37:01.567 [INFO] main.cpp:379 -   已提交: 0  已执行: 0  成功: 0  失败: 0
2026-05-26 11:37:01.567 [INFO] main.cpp:384 -   队列大小: 0  平均耗时: 0.0ms
2026-05-26 11:37:02.567 [INFO] main.cpp:352 - ======== 总线统计 ========
2026-05-26 11:37:02.567 [INFO] main.cpp:353 -   总事务数:     300
2026-05-26 11:37:02.567 [INFO] main.cpp:354 -   总错误数:     280
2026-05-26 11:37:02.567 [INFO] main.cpp:355 -   发送字节数:   2400
2026-05-26 11:37:02.568 [INFO] main.cpp:356 -   接收字节数:   0
2026-05-26 11:37:02.568 [INFO] main.cpp:357 -   平均延迟:     0.00 ms
2026-05-26 11:37:02.568 [INFO] main.cpp:358 -   最大延迟:     0.00 ms
2026-05-26 11:37:02.568 [INFO] main.cpp:359 -   总线争用次数: 0
2026-05-26 11:37:02.568 [INFO] main.cpp:368 - ======== 轮询统计 ========
2026-05-26 11:37:02.568 [INFO] main.cpp:369 -   任务组数:     20
2026-05-26 11:37:02.568 [INFO] main.cpp:370 -   成功事务:     0
2026-05-26 11:37:02.568 [INFO] main.cpp:371 -   失败事务:     280
2026-05-26 11:37:02.568 [INFO] main.cpp:373 -   成功率:       0.0%
2026-05-26 11:37:02.568 [INFO] main.cpp:378 - ======== 命令队列统计 ========
2026-05-26 11:37:02.568 [INFO] main.cpp:379 -   已提交: 0  已执行: 0  成功: 0  失败: 0
2026-05-26 11:37:02.568 [INFO] main.cpp:384 -   队列大小: 0  平均耗时: 0.0ms
2026-05-26 11:37:03.569 [INFO] main.cpp:352 - ======== 总线统计 ========
2026-05-26 11:37:03.569 [INFO] main.cpp:353 -   总事务数:     300
2026-05-26 11:37:03.569 [INFO] main.cpp:354 -   总错误数:     300
2026-05-26 11:37:03.569 [INFO] main.cpp:355 -   发送字节数:   2400
2026-05-26 11:37:03.570 [INFO] main.cpp:356 -   接收字节数:   0
2026-05-26 11:37:03.570 [INFO] main.cpp:357 -   平均延迟:     0.00 ms
2026-05-26 11:37:03.570 [INFO] main.cpp:358 -   最大延迟:     0.00 ms
2026-05-26 11:37:03.570 [INFO] main.cpp:359 -   总线争用次数: 0
2026-05-26 11:37:03.570 [INFO] main.cpp:368 - ======== 轮询统计 ========
2026-05-26 11:37:03.570 [INFO] main.cpp:369 -   任务组数:     20
2026-05-26 11:37:03.570 [INFO] main.cpp:370 -   成功事务:     0
2026-05-26 11:37:03.570 [INFO] main.cpp:371 -   失败事务:     300
2026-05-26 11:37:03.570 [INFO] main.cpp:373 -   成功率:       0.0%
2026-05-26 11:37:03.570 [INFO] main.cpp:378 - ======== 命令队列统计 ========
2026-05-26 11:37:03.570 [INFO] main.cpp:379 -   已提交: 0  已执行: 0  成功: 0  失败: 0
2026-05-26 11:37:03.570 [INFO] main.cpp:384 -   队列大小: 0  平均耗时: 0.0ms
2026-05-26 11:37:04.571 [INFO] main.cpp:352 - ======== 总线统计 ========
2026-05-26 11:37:04.571 [INFO] main.cpp:353 -   总事务数:     300
2026-05-26 11:37:04.571 [INFO] main.cpp:354 -   总错误数:     300
2026-05-26 11:37:04.571 [INFO] main.cpp:355 -   发送字节数:   2400
2026-05-26 11:37:04.571 [INFO] main.cpp:356 -   接收字节数:   0
2026-05-26 11:37:04.571 [INFO] main.cpp:357 -   平均延迟:     0.00 ms
2026-05-26 11:37:04.571 [INFO] main.cpp:358 -   最大延迟:     0.00 ms
2026-05-26 11:37:04.571 [INFO] main.cpp:359 -   总线争用次数: 0
2026-05-26 11:37:04.571 [INFO] main.cpp:368 - ======== 轮询统计 ========
2026-05-26 11:37:04.571 [INFO] main.cpp:369 -   任务组数:     20
2026-05-26 11:37:04.572 [INFO] main.cpp:370 -   成功事务:     0
2026-05-26 11:37:04.572 [INFO] main.cpp:371 -   失败事务:     300
2026-05-26 11:37:04.572 [INFO] main.cpp:373 -   成功率:       0.0%
2026-05-26 11:37:04.572 [INFO] main.cpp:378 - ======== 命令队列统计 ========
2026-05-26 11:37:04.572 [INFO] main.cpp:379 -   已提交: 0  已执行: 0  成功: 0  失败: 0
2026-05-26 11:37:04.572 [INFO] main.cpp:384 -   队列大小: 0  平均耗时: 0.0ms
2026-05-26 11:37:05.573 [INFO] main.cpp:352 - ======== 总线统计 ========
2026-05-26 11:37:05.573 [INFO] main.cpp:353 -   总事务数:     300
2026-05-26 11:37:05.573 [INFO] main.cpp:354 -   总错误数:     300
2026-05-26 11:37:05.573 [INFO] main.cpp:355 -   发送字节数:   2400
2026-05-26 11:37:05.573 [INFO] main.cpp:356 -   接收字节数:   0
2026-05-26 11:37:05.573 [INFO] main.cpp:357 -   平均延迟:     0.00 ms
2026-05-26 11:37:05.573 [INFO] main.cpp:358 -   最大延迟:     0.00 ms
2026-05-26 11:37:05.573 [INFO] main.cpp:359 -   总线争用次数: 0
2026-05-26 11:37:05.573 [INFO] main.cpp:368 - ======== 轮询统计 ========
2026-05-26 11:37:05.573 [INFO] main.cpp:369 -   任务组数:     20
2026-05-26 11:37:05.573 [INFO] main.cpp:370 -   成功事务:     0
2026-05-26 11:37:05.573 [INFO] main.cpp:371 -   失败事务:     300
2026-05-26 11:37:05.573 [INFO] main.cpp:373 -   成功率:       0.0%
2026-05-26 11:37:05.573 [INFO] main.cpp:378 - ======== 命令队列统计 ========
2026-05-26 11:37:05.573 [INFO] main.cpp:379 -   已提交: 0  已执行: 0  成功: 0  失败: 0
2026-05-26 11:37:05.574 [INFO] main.cpp:384 -   队列大小: 0  平均耗时: 0.0ms
2026-05-26 11:37:06.574 [INFO] main.cpp:352 - ======== 总线统计 ========
2026-05-26 11:37:06.574 [INFO] main.cpp:353 -   总事务数:     300
2026-05-26 11:37:06.574 [INFO] main.cpp:354 -   总错误数:     300
2026-05-26 11:37:06.574 [INFO] main.cpp:355 -   发送字节数:   2400
2026-05-26 11:37:06.574 [INFO] main.cpp:356 -   接收字节数:   0
2026-05-26 11:37:06.574 [INFO] main.cpp:357 -   平均延迟:     0.00 ms
2026-05-26 11:37:06.574 [INFO] main.cpp:358 -   最大延迟:     0.00 ms
2026-05-26 11:37:06.574 [INFO] main.cpp:359 -   总线争用次数: 0
2026-05-26 11:37:06.574 [INFO] main.cpp:368 - ======== 轮询统计 ========
2026-05-26 11:37:06.575 [INFO] main.cpp:369 -   任务组数:     20
2026-05-26 11:37:06.575 [INFO] main.cpp:370 -   成功事务:     0
2026-05-26 11:37:06.575 [INFO] main.cpp:371 -   失败事务:     300
2026-05-26 11:37:06.575 [INFO] main.cpp:373 -   成功率:       0.0%
2026-05-26 11:37:06.575 [INFO] main.cpp:378 - ======== 命令队列统计 ========
2026-05-26 11:37:06.575 [INFO] main.cpp:379 -   已提交: 0  已执行: 0  成功: 0  失败: 0
2026-05-26 11:37:06.575 [INFO] main.cpp:384 -   队列大小: 0  平均耗时: 0.0ms
2026-05-26 11:37:07.576 [INFO] main.cpp:352 - ======== 总线统计 ========
2026-05-26 11:37:07.576 [INFO] main.cpp:353 -   总事务数:     320
2026-05-26 11:37:07.576 [INFO] main.cpp:354 -   总错误数:     300
2026-05-26 11:37:07.576 [INFO] main.cpp:355 -   发送字节数:   2560
2026-05-26 11:37:07.576 [INFO] main.cpp:356 -   接收字节数:   0
2026-05-26 11:37:07.576 [INFO] main.cpp:357 -   平均延迟:     0.00 ms
2026-05-26 11:37:07.576 [INFO] main.cpp:358 -   最大延迟:     0.00 ms
2026-05-26 11:37:07.576 [INFO] main.cpp:359 -   总线争用次数: 0
2026-05-26 11:37:07.576 [INFO] main.cpp:368 - ======== 轮询统计 ========
2026-05-26 11:37:07.577 [INFO] main.cpp:369 -   任务组数:     20
2026-05-26 11:37:07.577 [INFO] main.cpp:370 -   成功事务:     0
2026-05-26 11:37:07.577 [INFO] main.cpp:371 -   失败事务:     300
2026-05-26 11:37:07.577 [INFO] main.cpp:373 -   成功率:       0.0%
2026-05-26 11:37:07.577 [INFO] main.cpp:378 - ======== 命令队列统计 ========
2026-05-26 11:37:07.577 [INFO] main.cpp:379 -   已提交: 0  已执行: 0  成功: 0  失败: 0
2026-05-26 11:37:07.577 [INFO] main.cpp:384 -   队列大小: 0  平均耗时: 0.0ms
2026-05-26 11:37:08.577 [INFO] main.cpp:352 - ======== 总线统计 ========
2026-05-26 11:37:08.577 [INFO] main.cpp:353 -   总事务数:     320
2026-05-26 11:37:08.577 [INFO] main.cpp:354 -   总错误数:     320
2026-05-26 11:37:08.577 [INFO] main.cpp:355 -   发送字节数:   2560
2026-05-26 11:37:08.577 [INFO] main.cpp:356 -   接收字节数:   0
2026-05-26 11:37:08.578 [INFO] main.cpp:357 -   平均延迟:     0.00 ms
2026-05-26 11:37:08.578 [INFO] main.cpp:358 -   最大延迟:     0.00 ms
2026-05-26 11:37:08.578 [INFO] main.cpp:359 -   总线争用次数: 0
2026-05-26 11:37:08.578 [INFO] main.cpp:368 - ======== 轮询统计 ========
2026-05-26 11:37:08.578 [INFO] main.cpp:369 -   任务组数:     20
2026-05-26 11:37:08.578 [INFO] main.cpp:370 -   成功事务:     0
2026-05-26 11:37:08.578 [INFO] main.cpp:371 -   失败事务:     320
2026-05-26 11:37:08.578 [INFO] main.cpp:373 -   成功率:       0.0%
2026-05-26 11:37:08.578 [INFO] main.cpp:378 - ======== 命令队列统计 ========
2026-05-26 11:37:08.578 [INFO] main.cpp:379 -   已提交: 0  已执行: 0  成功: 0  失败: 0
2026-05-26 11:37:08.578 [INFO] main.cpp:384 -   队列大小: 0  平均耗时: 0.0ms
2026-05-26 11:37:09.579 [INFO] main.cpp:352 - ======== 总线统计 ========
2026-05-26 11:37:09.579 [INFO] main.cpp:353 -   总事务数:     320
2026-05-26 11:37:09.579 [INFO] main.cpp:354 -   总错误数:     320
2026-05-26 11:37:09.579 [INFO] main.cpp:355 -   发送字节数:   2560
2026-05-26 11:37:09.579 [INFO] main.cpp:356 -   接收字节数:   0
2026-05-26 11:37:09.579 [INFO] main.cpp:357 -   平均延迟:     0.00 ms
2026-05-26 11:37:09.579 [INFO] main.cpp:358 -   最大延迟:     0.00 ms
2026-05-26 11:37:09.580 [INFO] main.cpp:359 -   总线争用次数: 0
2026-05-26 11:37:09.580 [INFO] main.cpp:368 - ======== 轮询统计 ========
2026-05-26 11:37:09.580 [INFO] main.cpp:369 -   任务组数:     20
2026-05-26 11:37:09.580 [INFO] main.cpp:370 -   成功事务:     0
2026-05-26 11:37:09.580 [INFO] main.cpp:371 -   失败事务:     320
2026-05-26 11:37:09.580 [INFO] main.cpp:373 -   成功率:       0.0%
2026-05-26 11:37:09.580 [INFO] main.cpp:378 - ======== 命令队列统计 ========
2026-05-26 11:37:09.580 [INFO] main.cpp:379 -   已提交: 0  已执行: 0  成功: 0  失败: 0
2026-05-26 11:37:09.580 [INFO] main.cpp:384 -   队列大小: 0  平均耗时: 0.0ms
2026-05-26 11:37:10.581 [INFO] main.cpp:352 - ======== 总线统计 ========
2026-05-26 11:37:10.581 [INFO] main.cpp:353 -   总事务数:     320
2026-05-26 11:37:10.581 [INFO] main.cpp:354 -   总错误数:     320
2026-05-26 11:37:10.581 [INFO] main.cpp:355 -   发送字节数:   2560
2026-05-26 11:37:10.581 [INFO] main.cpp:356 -   接收字节数:   0
2026-05-26 11:37:10.581 [INFO] main.cpp:357 -   平均延迟:     0.00 ms
2026-05-26 11:37:10.581 [INFO] main.cpp:358 -   最大延迟:     0.00 ms
2026-05-26 11:37:10.581 [INFO] main.cpp:359 -   总线争用次数: 0
2026-05-26 11:37:10.581 [INFO] main.cpp:368 - ======== 轮询统计 ========
2026-05-26 11:37:10.581 [INFO] main.cpp:369 -   任务组数:     20
2026-05-26 11:37:10.581 [INFO] main.cpp:370 -   成功事务:     0
2026-05-26 11:37:10.581 [INFO] main.cpp:371 -   失败事务:     320
2026-05-26 11:37:10.581 [INFO] main.cpp:373 -   成功率:       0.0%
2026-05-26 11:37:10.581 [INFO] main.cpp:378 - ======== 命令队列统计 ========
2026-05-26 11:37:10.581 [INFO] main.cpp:379 -   已提交: 0  已执行: 0  成功: 0  失败: 0
2026-05-26 11:37:10.581 [INFO] main.cpp:384 -   队列大小: 0  平均耗时: 0.0ms
2026-05-26 11:37:11.583 [INFO] main.cpp:352 - ======== 总线统计 ========
2026-05-26 11:37:11.583 [INFO] main.cpp:353 -   总事务数:     320
2026-05-26 11:37:11.583 [INFO] main.cpp:354 -   总错误数:     320
2026-05-26 11:37:11.583 [INFO] main.cpp:355 -   发送字节数:   2560
2026-05-26 11:37:11.583 [INFO] main.cpp:356 -   接收字节数:   0
2026-05-26 11:37:11.583 [INFO] main.cpp:357 -   平均延迟:     0.00 ms
2026-05-26 11:37:11.583 [INFO] main.cpp:358 -   最大延迟:     0.00 ms
2026-05-26 11:37:11.583 [INFO] main.cpp:359 -   总线争用次数: 0
2026-05-26 11:37:11.583 [INFO] main.cpp:368 - ======== 轮询统计 ========
2026-05-26 11:37:11.583 [INFO] main.cpp:369 -   任务组数:     20
2026-05-26 11:37:11.583 [INFO] main.cpp:370 -   成功事务:     0
2026-05-26 11:37:11.583 [INFO] main.cpp:371 -   失败事务:     320
2026-05-26 11:37:11.583 [INFO] main.cpp:373 -   成功率:       0.0%
2026-05-26 11:37:11.583 [INFO] main.cpp:378 - ======== 命令队列统计 ========
2026-05-26 11:37:11.583 [INFO] main.cpp:379 -   已提交: 0  已执行: 0  成功: 0  失败: 0
2026-05-26 11:37:11.584 [INFO] main.cpp:384 -   队列大小: 0  平均耗时: 0.0ms
2026-05-26 11:37:12.584 [INFO] main.cpp:352 - ======== 总线统计 ========
2026-05-26 11:37:12.584 [INFO] main.cpp:353 -   总事务数:     340
2026-05-26 11:37:12.584 [INFO] main.cpp:354 -   总错误数:     320
2026-05-26 11:37:12.584 [INFO] main.cpp:355 -   发送字节数:   2720
2026-05-26 11:37:12.584 [INFO] main.cpp:356 -   接收字节数:   0
2026-05-26 11:37:12.584 [INFO] main.cpp:357 -   平均延迟:     0.00 ms
2026-05-26 11:37:12.584 [INFO] main.cpp:358 -   最大延迟:     0.00 ms
2026-05-26 11:37:12.584 [INFO] main.cpp:359 -   总线争用次数: 0
2026-05-26 11:37:12.585 [INFO] main.cpp:368 - ======== 轮询统计 ========
2026-05-26 11:37:12.585 [INFO] main.cpp:369 -   任务组数:     20
2026-05-26 11:37:12.585 [INFO] main.cpp:370 -   成功事务:     0
2026-05-26 11:37:12.585 [INFO] main.cpp:371 -   失败事务:     320
2026-05-26 11:37:12.585 [INFO] main.cpp:373 -   成功率:       0.0%
2026-05-26 11:37:12.585 [INFO] main.cpp:378 - ======== 命令队列统计 ========
2026-05-26 11:37:12.585 [INFO] main.cpp:379 -   已提交: 0  已执行: 0  成功: 0  失败: 0
2026-05-26 11:37:12.585 [INFO] main.cpp:384 -   队列大小: 0  平均耗时: 0.0ms
2026-05-26 11:37:13.585 [INFO] main.cpp:352 - ======== 总线统计 ========
2026-05-26 11:37:13.585 [INFO] main.cpp:353 -   总事务数:     340
2026-05-26 11:37:13.585 [INFO] main.cpp:354 -   总错误数:     340
2026-05-26 11:37:13.585 [INFO] main.cpp:355 -   发送字节数:   2720
2026-05-26 11:37:13.585 [INFO] main.cpp:356 -   接收字节数:   0
2026-05-26 11:37:13.585 [INFO] main.cpp:357 -   平均延迟:     0.00 ms
2026-05-26 11:37:13.585 [INFO] main.cpp:358 -   最大延迟:     0.00 ms
2026-05-26 11:37:13.585 [INFO] main.cpp:359 -   总线争用次数: 0
2026-05-26 11:37:13.585 [INFO] main.cpp:368 - ======== 轮询统计 ========
2026-05-26 11:37:13.585 [INFO] main.cpp:369 -   任务组数:     20
2026-05-26 11:37:13.585 [INFO] main.cpp:370 -   成功事务:     0
2026-05-26 11:37:13.586 [INFO] main.cpp:371 -   失败事务:     340
2026-05-26 11:37:13.586 [INFO] main.cpp:373 -   成功率:       0.0%
2026-05-26 11:37:13.586 [INFO] main.cpp:378 - ======== 命令队列统计 ========
2026-05-26 11:37:13.586 [INFO] main.cpp:379 -   已提交: 0  已执行: 0  成功: 0  失败: 0
2026-05-26 11:37:13.586 [INFO] main.cpp:384 -   队列大小: 0  平均耗时: 0.0ms
2026-05-26 11:37:14.587 [INFO] main.cpp:352 - ======== 总线统计 ========
2026-05-26 11:37:14.587 [INFO] main.cpp:353 -   总事务数:     340
2026-05-26 11:37:14.587 [INFO] main.cpp:354 -   总错误数:     340
2026-05-26 11:37:14.587 [INFO] main.cpp:355 -   发送字节数:   2720
2026-05-26 11:37:14.587 [INFO] main.cpp:356 -   接收字节数:   0
2026-05-26 11:37:14.587 [INFO] main.cpp:357 -   平均延迟:     0.00 ms
2026-05-26 11:37:14.587 [INFO] main.cpp:358 -   最大延迟:     0.00 ms
2026-05-26 11:37:14.587 [INFO] main.cpp:359 -   总线争用次数: 0
2026-05-26 11:37:14.587 [INFO] main.cpp:368 - ======== 轮询统计 ========
2026-05-26 11:37:14.587 [INFO] main.cpp:369 -   任务组数:     20
2026-05-26 11:37:14.587 [INFO] main.cpp:370 -   成功事务:     0
2026-05-26 11:37:14.587 [INFO] main.cpp:371 -   失败事务:     340
2026-05-26 11:37:14.587 [INFO] main.cpp:373 -   成功率:       0.0%
2026-05-26 11:37:14.587 [INFO] main.cpp:378 - ======== 命令队列统计 ========
2026-05-26 11:37:14.588 [INFO] main.cpp:379 -   已提交: 0  已执行: 0  成功: 0  失败: 0
2026-05-26 11:37:14.588 [INFO] main.cpp:384 -   队列大小: 0  平均耗时: 0.0ms
2026-05-26 11:37:15.589 [INFO] main.cpp:352 - ======== 总线统计 ========
2026-05-26 11:37:15.589 [INFO] main.cpp:353 -   总事务数:     340
2026-05-26 11:37:15.589 [INFO] main.cpp:354 -   总错误数:     340
2026-05-26 11:37:15.589 [INFO] main.cpp:355 -   发送字节数:   2720
2026-05-26 11:37:15.589 [INFO] main.cpp:356 -   接收字节数:   0
2026-05-26 11:37:15.589 [INFO] main.cpp:357 -   平均延迟:     0.00 ms
2026-05-26 11:37:15.589 [INFO] main.cpp:358 -   最大延迟:     0.00 ms
2026-05-26 11:37:15.589 [INFO] main.cpp:359 -   总线争用次数: 0
2026-05-26 11:37:15.589 [INFO] main.cpp:368 - ======== 轮询统计 ========
2026-05-26 11:37:15.589 [INFO] main.cpp:369 -   任务组数:     20
2026-05-26 11:37:15.589 [INFO] main.cpp:370 -   成功事务:     0
2026-05-26 11:37:15.589 [INFO] main.cpp:371 -   失败事务:     340
2026-05-26 11:37:15.589 [INFO] main.cpp:373 -   成功率:       0.0%
2026-05-26 11:37:15.589 [INFO] main.cpp:378 - ======== 命令队列统计 ========
2026-05-26 11:37:15.589 [INFO] main.cpp:379 -   已提交: 0  已执行: 0  成功: 0  失败: 0
2026-05-26 11:37:15.589 [INFO] main.cpp:384 -   队列大小: 0  平均耗时: 0.0ms
2026-05-26 11:37:16.590 [INFO] main.cpp:352 - ======== 总线统计 ========
2026-05-26 11:37:16.590 [INFO] main.cpp:353 -   总事务数:     340
2026-05-26 11:37:16.590 [INFO] main.cpp:354 -   总错误数:     340
2026-05-26 11:37:16.590 [INFO] main.cpp:355 -   发送字节数:   2720
2026-05-26 11:37:16.590 [INFO] main.cpp:356 -   接收字节数:   0
2026-05-26 11:37:16.590 [INFO] main.cpp:357 -   平均延迟:     0.00 ms
2026-05-26 11:37:16.590 [INFO] main.cpp:358 -   最大延迟:     0.00 ms
2026-05-26 11:37:16.590 [INFO] main.cpp:359 -   总线争用次数: 0
2026-05-26 11:37:16.590 [INFO] main.cpp:368 - ======== 轮询统计 ========
2026-05-26 11:37:16.590 [INFO] main.cpp:369 -   任务组数:     20
2026-05-26 11:37:16.590 [INFO] main.cpp:370 -   成功事务:     0
2026-05-26 11:37:16.590 [INFO] main.cpp:371 -   失败事务:     340
2026-05-26 11:37:16.590 [INFO] main.cpp:373 -   成功率:       0.0%
2026-05-26 11:37:16.590 [INFO] main.cpp:378 - ======== 命令队列统计 ========
2026-05-26 11:37:16.590 [INFO] main.cpp:379 -   已提交: 0  已执行: 0  成功: 0  失败: 0
2026-05-26 11:37:16.590 [INFO] main.cpp:384 -   队列大小: 0  平均耗时: 0.0ms
2026-05-26 11:37:17.591 [INFO] main.cpp:352 - ======== 总线统计 ========
2026-05-26 11:37:17.591 [INFO] main.cpp:353 -   总事务数:     360
2026-05-26 11:37:17.591 [INFO] main.cpp:354 -   总错误数:     340
2026-05-26 11:37:17.591 [INFO] main.cpp:355 -   发送字节数:   2864
2026-05-26 11:37:17.591 [INFO] main.cpp:356 -   接收字节数:   0
2026-05-26 11:37:17.591 [INFO] main.cpp:357 -   平均延迟:     0.00 ms
2026-05-26 11:37:17.591 [INFO] main.cpp:358 -   最大延迟:     0.00 ms
2026-05-26 11:37:17.591 [INFO] main.cpp:359 -   总线争用次数: 0
2026-05-26 11:37:17.591 [INFO] main.cpp:368 - ======== 轮询统计 ========
2026-05-26 11:37:17.591 [INFO] main.cpp:369 -   任务组数:     20
2026-05-26 11:37:17.591 [INFO] main.cpp:370 -   成功事务:     0
2026-05-26 11:37:17.591 [INFO] main.cpp:371 -   失败事务:     340
2026-05-26 11:37:17.591 [INFO] main.cpp:373 -   成功率:       0.0%
2026-05-26 11:37:17.591 [INFO] main.cpp:378 - ======== 命令队列统计 ========
2026-05-26 11:37:17.591 [INFO] main.cpp:379 -   已提交: 0  已执行: 0  成功: 0  失败: 0
2026-05-26 11:37:17.591 [INFO] main.cpp:384 -   队列大小: 0  平均耗时: 0.0ms
2026-05-26 11:37:18.592 [INFO] main.cpp:352 - ======== 总线统计 ========
2026-05-26 11:37:18.593 [INFO] main.cpp:353 -   总事务数:     360
2026-05-26 11:37:18.593 [INFO] main.cpp:354 -   总错误数:     358
2026-05-26 11:37:18.593 [INFO] main.cpp:355 -   发送字节数:   2880
2026-05-26 11:37:18.593 [INFO] main.cpp:356 -   接收字节数:   0
2026-05-26 11:37:18.593 [INFO] main.cpp:357 -   平均延迟:     0.00 ms
2026-05-26 11:37:18.593 [INFO] main.cpp:358 -   最大延迟:     0.00 ms
2026-05-26 11:37:18.593 [INFO] main.cpp:359 -   总线争用次数: 0
2026-05-26 11:37:18.593 [INFO] main.cpp:368 - ======== 轮询统计 ========
2026-05-26 11:37:18.593 [INFO] main.cpp:369 -   任务组数:     20
2026-05-26 11:37:18.593 [INFO] main.cpp:370 -   成功事务:     0
2026-05-26 11:37:18.593 [INFO] main.cpp:371 -   失败事务:     358
2026-05-26 11:37:18.593 [INFO] main.cpp:373 -   成功率:       0.0%
2026-05-26 11:37:18.593 [INFO] main.cpp:378 - ======== 命令队列统计 ========
2026-05-26 11:37:18.593 [INFO] main.cpp:379 -   已提交: 0  已执行: 0  成功: 0  失败: 0
2026-05-26 11:37:18.593 [INFO] main.cpp:384 -   队列大小: 0  平均耗时: 0.0ms
2026-05-26 11:37:19.594 [INFO] main.cpp:352 - ======== 总线统计 ========
2026-05-26 11:37:19.594 [INFO] main.cpp:353 -   总事务数:     360
2026-05-26 11:37:19.594 [INFO] main.cpp:354 -   总错误数:     360
2026-05-26 11:37:19.594 [INFO] main.cpp:355 -   发送字节数:   2880
2026-05-26 11:37:19.594 [INFO] main.cpp:356 -   接收字节数:   0
2026-05-26 11:37:19.595 [INFO] main.cpp:357 -   平均延迟:     0.00 ms
2026-05-26 11:37:19.595 [INFO] main.cpp:358 -   最大延迟:     0.00 ms
2026-05-26 11:37:19.595 [INFO] main.cpp:359 -   总线争用次数: 0
2026-05-26 11:37:19.595 [INFO] main.cpp:368 - ======== 轮询统计 ========
2026-05-26 11:37:19.595 [INFO] main.cpp:369 -   任务组数:     20
2026-05-26 11:37:19.595 [INFO] main.cpp:370 -   成功事务:     0
2026-05-26 11:37:19.595 [INFO] main.cpp:371 -   失败事务:     360
2026-05-26 11:37:19.595 [INFO] main.cpp:373 -   成功率:       0.0%
2026-05-26 11:37:19.595 [INFO] main.cpp:378 - ======== 命令队列统计 ========
2026-05-26 11:37:19.595 [INFO] main.cpp:379 -   已提交: 0  已执行: 0  成功: 0  失败: 0
2026-05-26 11:37:19.595 [INFO] main.cpp:384 -   队列大小: 0  平均耗时: 0.0ms
2026-05-26 11:37:20.596 [INFO] main.cpp:352 - ======== 总线统计 ========
2026-05-26 11:37:20.596 [INFO] main.cpp:353 -   总事务数:     360
2026-05-26 11:37:20.596 [INFO] main.cpp:354 -   总错误数:     360
2026-05-26 11:37:20.596 [INFO] main.cpp:355 -   发送字节数:   2880
2026-05-26 11:37:20.596 [INFO] main.cpp:356 -   接收字节数:   0
2026-05-26 11:37:20.596 [INFO] main.cpp:357 -   平均延迟:     0.00 ms
2026-05-26 11:37:20.596 [INFO] main.cpp:358 -   最大延迟:     0.00 ms
2026-05-26 11:37:20.596 [INFO] main.cpp:359 -   总线争用次数: 0
2026-05-26 11:37:20.596 [INFO] main.cpp:368 - ======== 轮询统计 ========
2026-05-26 11:37:20.596 [INFO] main.cpp:369 -   任务组数:     20
2026-05-26 11:37:20.596 [INFO] main.cpp:370 -   成功事务:     0
2026-05-26 11:37:20.596 [INFO] main.cpp:371 -   失败事务:     360
2026-05-26 11:37:20.597 [INFO] main.cpp:373 -   成功率:       0.0%
2026-05-26 11:37:20.597 [INFO] main.cpp:378 - ======== 命令队列统计 ========
2026-05-26 11:37:20.597 [INFO] main.cpp:379 -   已提交: 0  已执行: 0  成功: 0  失败: 0
2026-05-26 11:37:20.597 [INFO] main.cpp:384 -   队列大小: 0  平均耗时: 0.0ms
2026-05-26 11:37:21.597 [INFO] main.cpp:352 - ======== 总线统计 ========
2026-05-26 11:37:21.597 [INFO] main.cpp:353 -   总事务数:     360
2026-05-26 11:37:21.597 [INFO] main.cpp:354 -   总错误数:     360
2026-05-26 11:37:21.597 [INFO] main.cpp:355 -   发送字节数:   2880
2026-05-26 11:37:21.598 [INFO] main.cpp:356 -   接收字节数:   0
2026-05-26 11:37:21.598 [INFO] main.cpp:357 -   平均延迟:     0.00 ms
2026-05-26 11:37:21.598 [INFO] main.cpp:358 -   最大延迟:     0.00 ms
2026-05-26 11:37:21.598 [INFO] main.cpp:359 -   总线争用次数: 0
2026-05-26 11:37:21.598 [INFO] main.cpp:368 - ======== 轮询统计 ========
2026-05-26 11:37:21.598 [INFO] main.cpp:369 -   任务组数:     20
2026-05-26 11:37:21.598 [INFO] main.cpp:370 -   成功事务:     0
2026-05-26 11:37:21.598 [INFO] main.cpp:371 -   失败事务:     360
2026-05-26 11:37:21.598 [INFO] main.cpp:373 -   成功率:       0.0%
2026-05-26 11:37:21.598 [INFO] main.cpp:378 - ======== 命令队列统计 ========
2026-05-26 11:37:21.598 [INFO] main.cpp:379 -   已提交: 0  已执行: 0  成功: 0  失败: 0
2026-05-26 11:37:21.598 [INFO] main.cpp:384 -   队列大小: 0  平均耗时: 0.0ms
2026-05-26 11:37:22.599 [INFO] main.cpp:352 - ======== 总线统计 ========
2026-05-26 11:37:22.599 [INFO] main.cpp:353 -   总事务数:     380
2026-05-26 11:37:22.599 [INFO] main.cpp:354 -   总错误数:     360
2026-05-26 11:37:22.599 [INFO] main.cpp:355 -   发送字节数:   3040
2026-05-26 11:37:22.599 [INFO] main.cpp:356 -   接收字节数:   0
2026-05-26 11:37:22.599 [INFO] main.cpp:357 -   平均延迟:     0.00 ms
2026-05-26 11:37:22.600 [INFO] main.cpp:358 -   最大延迟:     0.00 ms
2026-05-26 11:37:22.600 [INFO] main.cpp:359 -   总线争用次数: 0
2026-05-26 11:37:22.600 [INFO] main.cpp:368 - ======== 轮询统计 ========
2026-05-26 11:37:22.600 [INFO] main.cpp:369 -   任务组数:     20
2026-05-26 11:37:22.600 [INFO] main.cpp:370 -   成功事务:     0
2026-05-26 11:37:22.600 [INFO] main.cpp:371 -   失败事务:     360
2026-05-26 11:37:22.600 [INFO] main.cpp:373 -   成功率:       0.0%
2026-05-26 11:37:22.600 [INFO] main.cpp:378 - ======== 命令队列统计 ========
2026-05-26 11:37:22.600 [INFO] main.cpp:379 -   已提交: 0  已执行: 0  成功: 0  失败: 0
2026-05-26 11:37:22.600 [INFO] main.cpp:384 -   队列大小: 0  平均耗时: 0.0ms
2026-05-26 11:37:23.601 [INFO] main.cpp:352 - ======== 总线统计 ========
2026-05-26 11:37:23.601 [INFO] main.cpp:353 -   总事务数:     380
2026-05-26 11:37:23.601 [INFO] main.cpp:354 -   总错误数:     380
2026-05-26 11:37:23.601 [INFO] main.cpp:355 -   发送字节数:   3040
2026-05-26 11:37:23.601 [INFO] main.cpp:356 -   接收字节数:   0
2026-05-26 11:37:23.601 [INFO] main.cpp:357 -   平均延迟:     0.00 ms
2026-05-26 11:37:23.601 [INFO] main.cpp:358 -   最大延迟:     0.00 ms
2026-05-26 11:37:23.601 [INFO] main.cpp:359 -   总线争用次数: 0
2026-05-26 11:37:23.601 [INFO] main.cpp:368 - ======== 轮询统计 ========
2026-05-26 11:37:23.601 [INFO] main.cpp:369 -   任务组数:     20
2026-05-26 11:37:23.601 [INFO] main.cpp:370 -   成功事务:     0
2026-05-26 11:37:23.601 [INFO] main.cpp:371 -   失败事务:     380
2026-05-26 11:37:23.601 [INFO] main.cpp:373 -   成功率:       0.0%
2026-05-26 11:37:23.601 [INFO] main.cpp:378 - ======== 命令队列统计 ========
2026-05-26 11:37:23.601 [INFO] main.cpp:379 -   已提交: 0  已执行: 0  成功: 0  失败: 0
2026-05-26 11:37:23.601 [INFO] main.cpp:384 -   队列大小: 0  平均耗时: 0.0ms
2026-05-26 11:37:24.603 [INFO] main.cpp:352 - ======== 总线统计 ========
2026-05-26 11:37:24.603 [INFO] main.cpp:353 -   总事务数:     380
2026-05-26 11:37:24.603 [INFO] main.cpp:354 -   总错误数:     380
2026-05-26 11:37:24.603 [INFO] main.cpp:355 -   发送字节数:   3040
2026-05-26 11:37:24.603 [INFO] main.cpp:356 -   接收字节数:   0
2026-05-26 11:37:24.603 [INFO] main.cpp:357 -   平均延迟:     0.00 ms
2026-05-26 11:37:24.603 [INFO] main.cpp:358 -   最大延迟:     0.00 ms
2026-05-26 11:37:24.603 [INFO] main.cpp:359 -   总线争用次数: 0
2026-05-26 11:37:24.603 [INFO] main.cpp:368 - ======== 轮询统计 ========
2026-05-26 11:37:24.603 [INFO] main.cpp:369 -   任务组数:     20
2026-05-26 11:37:24.603 [INFO] main.cpp:370 -   成功事务:     0
2026-05-26 11:37:24.603 [INFO] main.cpp:371 -   失败事务:     380
2026-05-26 11:37:24.603 [INFO] main.cpp:373 -   成功率:       0.0%
2026-05-26 11:37:24.603 [INFO] main.cpp:378 - ======== 命令队列统计 ========
2026-05-26 11:37:24.603 [INFO] main.cpp:379 -   已提交: 0  已执行: 0  成功: 0  失败: 0
2026-05-26 11:37:24.603 [INFO] main.cpp:384 -   队列大小: 0  平均耗时: 0.0ms
2026-05-26 11:37:25.539 [INFO] main.cpp:392 - 正在停止 Web 服务器...
2026-05-26 11:37:26.489 [INFO] main.cpp:395 - 正在停止所有应用...
2026-05-26 11:37:26.489 [INFO] main.cpp:398 - 正在停止命令队列...
2026-05-26 11:37:26.489 [INFO] command_queue.cpp:307 - 命令处理线程 #0 已退出
2026-05-26 11:37:26.490 [INFO] command_queue.cpp:59 - 命令队列已停止
2026-05-26 11:37:26.490 [INFO] main.cpp:402 - 正在关闭串口...
2026-05-26 11:37:26.490 [INFO] main.cpp:405 - 正在停止轮询...
2026-05-26 11:37:26.589 [INFO] main.cpp:410 - ======== 最终统计 ========
2026-05-26 11:37:26.589 [INFO] main.cpp:411 -   总事务数:     380
2026-05-26 11:37:26.589 [INFO] main.cpp:412 -   总错误数:     380
2026-05-26 11:37:26.589 [INFO] main.cpp:413 -   成功率:       0.0%
2026-05-26 11:37:26.589 [INFO] main.cpp:417 -   平均延迟:     0.00 ms
2026-05-26 11:37:26.589 [INFO] main.cpp:418 -   最大延迟:     0.00 ms
2026-05-26 11:37:26.589 [INFO] main.cpp:419 - === 系统退出 ===

======================================================
  日志系统关闭: 2026-05-26 11:37:26.589
======================================================
