======================================================
  日志系统启动: 2026-05-26 10:58:53.550
  日志文件: ./logs/gateway_20260526_105853.log
  最大文件数: 50
  最低级别: INFO
======================================================
2026-05-26 10:58:53.551 [INFO] main.cpp:171 - === 系统启动 ===
2026-05-26 10:58:53.551 [INFO] main.cpp:172 - 串口: /dev/ttyS9, 波特率: 9600, 工作线程: 4
2026-05-26 10:58:53.551 [INFO] main.cpp:176 - 所有设备已初始化
2026-05-26 10:58:53.552 [INFO] main.cpp:183 - 应用管理器已启动, 注册了 1 个应用
2026-05-26 10:58:53.552 [INFO] main.cpp:188 - Web 服务器已启动
2026-05-26 10:58:53.553 [INFO] main.cpp:193 - 初始化串口总线: /dev/ttyS9 @ 9600 baud
2026-05-26 10:58:53.553 [INFO] command_queue.cpp:38 - 命令队列启动, 工作线程数: 1
2026-05-26 10:58:53.554 [INFO] main.cpp:211 - 串口总线已就绪, 工作线程数: 4
2026-05-26 10:58:53.554 [INFO] command_queue.cpp:228 - 命令处理线程 #0 已启动
2026-05-26 10:58:53.554 [INFO] main.cpp:310 - 共 20 个轮询任务:
2026-05-26 10:58:53.555 [INFO] main.cpp:313 -   [1] PM2.5传感器 - PM2.5 (间隔: 5000 ms)
2026-05-26 10:58:53.555 [INFO] main.cpp:313 -   [2] PM10传感器 - PM10 (间隔: 5000 ms)
2026-05-26 10:58:53.555 [INFO] main.cpp:313 -   [3] 湿度传感器 - 湿度 (间隔: 5000 ms)
2026-05-26 10:58:53.556 [INFO] main.cpp:313 -   [4] 温度传感器 - 温度 (间隔: 5000 ms)
2026-05-26 10:58:53.556 [INFO] main.cpp:313 -   [5] TVOC传感器 - TVOC (间隔: 5000 ms)
2026-05-26 10:58:53.556 [INFO] main.cpp:313 -   [6] 甲醛传感器 - 甲醛 (间隔: 5000 ms)
2026-05-26 10:58:53.557 [INFO] main.cpp:313 -   [7] 臭氧传感器 - 臭氧 (间隔: 5000 ms)
2026-05-26 10:58:53.558 [INFO] main.cpp:313 -   [8] CO2传感器 - CO2 (间隔: 5000 ms)
2026-05-26 10:58:53.558 [INFO] main.cpp:313 -   [9] 烟雾报警器 - 报警状态 (间隔: 5000 ms)
2026-05-26 10:58:53.558 [INFO] main.cpp:313 -   [10] 恒湿净化一体机 - 环境数据 (间隔: 5000 ms)
2026-05-26 10:58:53.558 [INFO] main.cpp:313 -   [11] 恒湿净化一体机 - 电源状态 (间隔: 5000 ms)
2026-05-26 10:58:53.559 [INFO] main.cpp:313 -   [12] 恒湿净化一体机 - 故障状态 (间隔: 5000 ms)
2026-05-26 10:58:53.559 [INFO] main.cpp:313 -   [13] 报警装置 - 状态 (间隔: 5000 ms)
2026-05-26 10:58:53.559 [INFO] main.cpp:313 -   [14] 水浸传感器 - 浸水状态 (间隔: 5000 ms)
2026-05-26 10:58:53.559 [INFO] main.cpp:313 -   [15] 红外探测器 - 红外状态 (间隔: 5000 ms)
2026-05-26 10:58:53.559 [INFO] main.cpp:313 -   [16] 红外探测器 - 雷达状态 (间隔: 5000 ms)
2026-05-26 10:58:53.559 [INFO] main.cpp:313 -   [17] 霉菌空气净化机 - 环境数据 (间隔: 5000 ms)
2026-05-26 10:58:53.560 [INFO] main.cpp:313 -   [18] 霉菌空气净化机 - 运行模式 (间隔: 5000 ms)
2026-05-26 10:58:53.560 [INFO] main.cpp:313 -   [19] 霉菌空气净化机 - 电源状态 (间隔: 5000 ms)
2026-05-26 10:58:53.560 [INFO] main.cpp:313 -   [20] 弱光检测传感器 - 光照度 (间隔: 5000 ms)
2026-05-26 10:58:53.562 [INFO] main.cpp:330 - 多线程轮询已启动, 按 Ctrl+C 退出
2026-05-26 10:58:54.563 [INFO] main.cpp:352 - ======== 总线统计 ========
2026-05-26 10:58:54.563 [INFO] main.cpp:353 -   总事务数:     20
2026-05-26 10:58:54.563 [INFO] main.cpp:354 -   总错误数:     0
2026-05-26 10:58:54.564 [INFO] main.cpp:355 -   发送字节数:   160
2026-05-26 10:58:54.564 [INFO] main.cpp:356 -   接收字节数:   0
2026-05-26 10:58:54.564 [INFO] main.cpp:357 -   平均延迟:     0.00 ms
2026-05-26 10:58:54.564 [INFO] main.cpp:358 -   最大延迟:     0.00 ms
2026-05-26 10:58:54.564 [INFO] main.cpp:359 -   总线争用次数: 0
2026-05-26 10:58:54.564 [INFO] main.cpp:368 - ======== 轮询统计 ========
2026-05-26 10:58:54.564 [INFO] main.cpp:369 -   任务组数:     20
2026-05-26 10:58:54.564 [INFO] main.cpp:370 -   成功事务:     0
2026-05-26 10:58:54.564 [INFO] main.cpp:371 -   失败事务:     0
2026-05-26 10:58:54.565 [INFO] main.cpp:378 - ======== 命令队列统计 ========
2026-05-26 10:58:54.565 [INFO] main.cpp:379 -   已提交: 0  已执行: 0  成功: 0  失败: 0
2026-05-26 10:58:54.565 [INFO] main.cpp:384 -   队列大小: 0  平均耗时: 0.0ms
2026-05-26 10:58:55.566 [INFO] main.cpp:352 - ======== 总线统计 ========
2026-05-26 10:58:55.566 [INFO] main.cpp:353 -   总事务数:     20
2026-05-26 10:58:55.566 [INFO] main.cpp:354 -   总错误数:     20
2026-05-26 10:58:55.566 [INFO] main.cpp:355 -   发送字节数:   160
2026-05-26 10:58:55.566 [INFO] main.cpp:356 -   接收字节数:   0
2026-05-26 10:58:55.566 [INFO] main.cpp:357 -   平均延迟:     0.00 ms
2026-05-26 10:58:55.566 [INFO] main.cpp:358 -   最大延迟:     0.00 ms
2026-05-26 10:58:55.566 [INFO] main.cpp:359 -   总线争用次数: 0
2026-05-26 10:58:55.566 [INFO] main.cpp:368 - ======== 轮询统计 ========
2026-05-26 10:58:55.566 [INFO] main.cpp:369 -   任务组数:     20
2026-05-26 10:58:55.567 [INFO] main.cpp:370 -   成功事务:     0
2026-05-26 10:58:55.567 [INFO] main.cpp:371 -   失败事务:     20
2026-05-26 10:58:55.567 [INFO] main.cpp:373 -   成功率:       0.0%
2026-05-26 10:58:55.567 [INFO] main.cpp:378 - ======== 命令队列统计 ========
2026-05-26 10:58:55.567 [INFO] main.cpp:379 -   已提交: 0  已执行: 0  成功: 0  失败: 0
2026-05-26 10:58:55.567 [INFO] main.cpp:384 -   队列大小: 0  平均耗时: 0.0ms
2026-05-26 10:58:56.568 [INFO] main.cpp:352 - ======== 总线统计 ========
2026-05-26 10:58:56.568 [INFO] main.cpp:353 -   总事务数:     20
2026-05-26 10:58:56.568 [INFO] main.cpp:354 -   总错误数:     20
2026-05-26 10:58:56.568 [INFO] main.cpp:355 -   发送字节数:   160
2026-05-26 10:58:56.568 [INFO] main.cpp:356 -   接收字节数:   0
2026-05-26 10:58:56.568 [INFO] main.cpp:357 -   平均延迟:     0.00 ms
2026-05-26 10:58:56.568 [INFO] main.cpp:358 -   最大延迟:     0.00 ms
2026-05-26 10:58:56.568 [INFO] main.cpp:359 -   总线争用次数: 0
2026-05-26 10:58:56.568 [INFO] main.cpp:368 - ======== 轮询统计 ========
2026-05-26 10:58:56.568 [INFO] main.cpp:369 -   任务组数:     20
2026-05-26 10:58:56.568 [INFO] main.cpp:370 -   成功事务:     0
2026-05-26 10:58:56.568 [INFO] main.cpp:371 -   失败事务:     20
2026-05-26 10:58:56.568 [INFO] main.cpp:373 -   成功率:       0.0%
2026-05-26 10:58:56.569 [INFO] main.cpp:378 - ======== 命令队列统计 ========
2026-05-26 10:58:56.569 [INFO] main.cpp:379 -   已提交: 0  已执行: 0  成功: 0  失败: 0
2026-05-26 10:58:56.569 [INFO] main.cpp:384 -   队列大小: 0  平均耗时: 0.0ms
2026-05-26 10:58:57.570 [INFO] main.cpp:352 - ======== 总线统计 ========
2026-05-26 10:58:57.570 [INFO] main.cpp:353 -   总事务数:     20
2026-05-26 10:58:57.570 [INFO] main.cpp:354 -   总错误数:     20
2026-05-26 10:58:57.570 [INFO] main.cpp:355 -   发送字节数:   160
2026-05-26 10:58:57.570 [INFO] main.cpp:356 -   接收字节数:   0
2026-05-26 10:58:57.570 [INFO] main.cpp:357 -   平均延迟:     0.00 ms
2026-05-26 10:58:57.570 [INFO] main.cpp:358 -   最大延迟:     0.00 ms
2026-05-26 10:58:57.570 [INFO] main.cpp:359 -   总线争用次数: 0
2026-05-26 10:58:57.570 [INFO] main.cpp:368 - ======== 轮询统计 ========
2026-05-26 10:58:57.570 [INFO] main.cpp:369 -   任务组数:     20
2026-05-26 10:58:57.570 [INFO] main.cpp:370 -   成功事务:     0
2026-05-26 10:58:57.570 [INFO] main.cpp:371 -   失败事务:     20
2026-05-26 10:58:57.570 [INFO] main.cpp:373 -   成功率:       0.0%
2026-05-26 10:58:57.570 [INFO] main.cpp:378 - ======== 命令队列统计 ========
2026-05-26 10:58:57.570 [INFO] main.cpp:379 -   已提交: 0  已执行: 0  成功: 0  失败: 0
2026-05-26 10:58:57.570 [INFO] main.cpp:384 -   队列大小: 0  平均耗时: 0.0ms
2026-05-26 10:58:58.571 [INFO] main.cpp:352 - ======== 总线统计 ========
2026-05-26 10:58:58.571 [INFO] main.cpp:353 -   总事务数:     40
2026-05-26 10:58:58.571 [INFO] main.cpp:354 -   总错误数:     20
2026-05-26 10:58:58.571 [INFO] main.cpp:355 -   发送字节数:   160
2026-05-26 10:58:58.571 [INFO] main.cpp:356 -   接收字节数:   0
2026-05-26 10:58:58.571 [INFO] main.cpp:357 -   平均延迟:     0.00 ms
2026-05-26 10:58:58.571 [INFO] main.cpp:358 -   最大延迟:     0.00 ms
2026-05-26 10:58:58.572 [INFO] main.cpp:359 -   总线争用次数: 0
2026-05-26 10:58:58.572 [INFO] main.cpp:368 - ======== 轮询统计 ========
2026-05-26 10:58:58.572 [INFO] main.cpp:369 -   任务组数:     20
2026-05-26 10:58:58.572 [INFO] main.cpp:370 -   成功事务:     0
2026-05-26 10:58:58.572 [INFO] main.cpp:371 -   失败事务:     20
2026-05-26 10:58:58.572 [INFO] main.cpp:373 -   成功率:       0.0%
2026-05-26 10:58:58.572 [INFO] main.cpp:378 - ======== 命令队列统计 ========
2026-05-26 10:58:58.572 [INFO] main.cpp:379 -   已提交: 0  已执行: 0  成功: 0  失败: 0
2026-05-26 10:58:58.572 [INFO] main.cpp:384 -   队列大小: 0  平均耗时: 0.0ms
2026-05-26 10:58:59.573 [INFO] main.cpp:352 - ======== 总线统计 ========
2026-05-26 10:58:59.573 [INFO] main.cpp:353 -   总事务数:     40
2026-05-26 10:58:59.573 [INFO] main.cpp:354 -   总错误数:     20
2026-05-26 10:58:59.573 [INFO] main.cpp:355 -   发送字节数:   320
2026-05-26 10:58:59.573 [INFO] main.cpp:356 -   接收字节数:   0
2026-05-26 10:58:59.573 [INFO] main.cpp:357 -   平均延迟:     0.00 ms
2026-05-26 10:58:59.573 [INFO] main.cpp:358 -   最大延迟:     0.00 ms
2026-05-26 10:58:59.574 [INFO] main.cpp:359 -   总线争用次数: 0
2026-05-26 10:58:59.574 [INFO] main.cpp:368 - ======== 轮询统计 ========
2026-05-26 10:58:59.574 [INFO] main.cpp:369 -   任务组数:     20
2026-05-26 10:58:59.574 [INFO] main.cpp:370 -   成功事务:     0
2026-05-26 10:58:59.574 [INFO] main.cpp:371 -   失败事务:     20
2026-05-26 10:58:59.574 [INFO] main.cpp:373 -   成功率:       0.0%
2026-05-26 10:58:59.574 [INFO] main.cpp:378 - ======== 命令队列统计 ========
2026-05-26 10:58:59.574 [INFO] main.cpp:379 -   已提交: 0  已执行: 0  成功: 0  失败: 0
2026-05-26 10:58:59.574 [INFO] main.cpp:384 -   队列大小: 0  平均耗时: 0.0ms
2026-05-26 10:59:00.575 [INFO] main.cpp:352 - ======== 总线统计 ========
2026-05-26 10:59:00.575 [INFO] main.cpp:353 -   总事务数:     40
2026-05-26 10:59:00.575 [INFO] main.cpp:354 -   总错误数:     40
2026-05-26 10:59:00.575 [INFO] main.cpp:355 -   发送字节数:   320
2026-05-26 10:59:00.575 [INFO] main.cpp:356 -   接收字节数:   0
2026-05-26 10:59:00.575 [INFO] main.cpp:357 -   平均延迟:     0.00 ms
2026-05-26 10:59:00.575 [INFO] main.cpp:358 -   最大延迟:     0.00 ms
2026-05-26 10:59:00.575 [INFO] main.cpp:359 -   总线争用次数: 0
2026-05-26 10:59:00.575 [INFO] main.cpp:368 - ======== 轮询统计 ========
2026-05-26 10:59:00.575 [INFO] main.cpp:369 -   任务组数:     20
2026-05-26 10:59:00.575 [INFO] main.cpp:370 -   成功事务:     0
2026-05-26 10:59:00.575 [INFO] main.cpp:371 -   失败事务:     40
2026-05-26 10:59:00.575 [INFO] main.cpp:373 -   成功率:       0.0%
2026-05-26 10:59:00.575 [INFO] main.cpp:378 - ======== 命令队列统计 ========
2026-05-26 10:59:00.575 [INFO] main.cpp:379 -   已提交: 0  已执行: 0  成功: 0  失败: 0
2026-05-26 10:59:00.575 [INFO] main.cpp:384 -   队列大小: 0  平均耗时: 0.0ms
2026-05-26 10:59:01.577 [INFO] main.cpp:352 - ======== 总线统计 ========
2026-05-26 10:59:01.577 [INFO] main.cpp:353 -   总事务数:     40
2026-05-26 10:59:01.577 [INFO] main.cpp:354 -   总错误数:     40
2026-05-26 10:59:01.577 [INFO] main.cpp:355 -   发送字节数:   320
2026-05-26 10:59:01.577 [INFO] main.cpp:356 -   接收字节数:   0
2026-05-26 10:59:01.577 [INFO] main.cpp:357 -   平均延迟:     0.00 ms
2026-05-26 10:59:01.577 [INFO] main.cpp:358 -   最大延迟:     0.00 ms
2026-05-26 10:59:01.577 [INFO] main.cpp:359 -   总线争用次数: 0
2026-05-26 10:59:01.577 [INFO] main.cpp:368 - ======== 轮询统计 ========
2026-05-26 10:59:01.577 [INFO] main.cpp:369 -   任务组数:     20
2026-05-26 10:59:01.577 [INFO] main.cpp:370 -   成功事务:     0
2026-05-26 10:59:01.577 [INFO] main.cpp:371 -   失败事务:     40
2026-05-26 10:59:01.577 [INFO] main.cpp:373 -   成功率:       0.0%
2026-05-26 10:59:01.577 [INFO] main.cpp:378 - ======== 命令队列统计 ========
2026-05-26 10:59:01.577 [INFO] main.cpp:379 -   已提交: 0  已执行: 0  成功: 0  失败: 0
2026-05-26 10:59:01.577 [INFO] main.cpp:384 -   队列大小: 0  平均耗时: 0.0ms
2026-05-26 10:59:02.578 [INFO] main.cpp:352 - ======== 总线统计 ========
2026-05-26 10:59:02.578 [INFO] main.cpp:353 -   总事务数:     40
2026-05-26 10:59:02.578 [INFO] main.cpp:354 -   总错误数:     40
2026-05-26 10:59:02.578 [INFO] main.cpp:355 -   发送字节数:   320
2026-05-26 10:59:02.578 [INFO] main.cpp:356 -   接收字节数:   0
2026-05-26 10:59:02.578 [INFO] main.cpp:357 -   平均延迟:     0.00 ms
2026-05-26 10:59:02.578 [INFO] main.cpp:358 -   最大延迟:     0.00 ms
2026-05-26 10:59:02.578 [INFO] main.cpp:359 -   总线争用次数: 0
2026-05-26 10:59:02.579 [INFO] main.cpp:368 - ======== 轮询统计 ========
2026-05-26 10:59:02.579 [INFO] main.cpp:369 -   任务组数:     20
2026-05-26 10:59:02.579 [INFO] main.cpp:370 -   成功事务:     0
2026-05-26 10:59:02.579 [INFO] main.cpp:371 -   失败事务:     40
2026-05-26 10:59:02.579 [INFO] main.cpp:373 -   成功率:       0.0%
2026-05-26 10:59:02.579 [INFO] main.cpp:378 - ======== 命令队列统计 ========
2026-05-26 10:59:02.579 [INFO] main.cpp:379 -   已提交: 0  已执行: 0  成功: 0  失败: 0
2026-05-26 10:59:02.579 [INFO] main.cpp:384 -   队列大小: 0  平均耗时: 0.0ms
2026-05-26 10:59:03.580 [INFO] main.cpp:352 - ======== 总线统计 ========
2026-05-26 10:59:03.580 [INFO] main.cpp:353 -   总事务数:     60
2026-05-26 10:59:03.580 [INFO] main.cpp:354 -   总错误数:     40
2026-05-26 10:59:03.580 [INFO] main.cpp:355 -   发送字节数:   320
2026-05-26 10:59:03.580 [INFO] main.cpp:356 -   接收字节数:   0
2026-05-26 10:59:03.580 [INFO] main.cpp:357 -   平均延迟:     0.00 ms
2026-05-26 10:59:03.580 [INFO] main.cpp:358 -   最大延迟:     0.00 ms
2026-05-26 10:59:03.580 [INFO] main.cpp:359 -   总线争用次数: 0
2026-05-26 10:59:03.580 [INFO] main.cpp:368 - ======== 轮询统计 ========
2026-05-26 10:59:03.580 [INFO] main.cpp:369 -   任务组数:     20
2026-05-26 10:59:03.581 [INFO] main.cpp:370 -   成功事务:     0
2026-05-26 10:59:03.581 [INFO] main.cpp:371 -   失败事务:     40
2026-05-26 10:59:03.581 [INFO] main.cpp:373 -   成功率:       0.0%
2026-05-26 10:59:03.581 [INFO] main.cpp:378 - ======== 命令队列统计 ========
2026-05-26 10:59:03.581 [INFO] main.cpp:379 -   已提交: 0  已执行: 0  成功: 0  失败: 0
2026-05-26 10:59:03.581 [INFO] main.cpp:384 -   队列大小: 0  平均耗时: 0.0ms
2026-05-26 10:59:04.581 [INFO] main.cpp:352 - ======== 总线统计 ========
2026-05-26 10:59:04.581 [INFO] main.cpp:353 -   总事务数:     60
2026-05-26 10:59:04.581 [INFO] main.cpp:354 -   总错误数:     40
2026-05-26 10:59:04.581 [INFO] main.cpp:355 -   发送字节数:   480
2026-05-26 10:59:04.581 [INFO] main.cpp:356 -   接收字节数:   0
2026-05-26 10:59:04.581 [INFO] main.cpp:357 -   平均延迟:     0.00 ms
2026-05-26 10:59:04.581 [INFO] main.cpp:358 -   最大延迟:     0.00 ms
2026-05-26 10:59:04.581 [INFO] main.cpp:359 -   总线争用次数: 0
2026-05-26 10:59:04.581 [INFO] main.cpp:368 - ======== 轮询统计 ========
2026-05-26 10:59:04.581 [INFO] main.cpp:369 -   任务组数:     20
2026-05-26 10:59:04.581 [INFO] main.cpp:370 -   成功事务:     0
2026-05-26 10:59:04.582 [INFO] main.cpp:371 -   失败事务:     40
2026-05-26 10:59:04.582 [INFO] main.cpp:373 -   成功率:       0.0%
2026-05-26 10:59:04.582 [INFO] main.cpp:378 - ======== 命令队列统计 ========
2026-05-26 10:59:04.582 [INFO] main.cpp:379 -   已提交: 0  已执行: 0  成功: 0  失败: 0
2026-05-26 10:59:04.582 [INFO] main.cpp:384 -   队列大小: 0  平均耗时: 0.0ms
2026-05-26 10:59:05.583 [INFO] main.cpp:352 - ======== 总线统计 ========
2026-05-26 10:59:05.583 [INFO] main.cpp:353 -   总事务数:     60
2026-05-26 10:59:05.583 [INFO] main.cpp:354 -   总错误数:     60
2026-05-26 10:59:05.583 [INFO] main.cpp:355 -   发送字节数:   480
2026-05-26 10:59:05.583 [INFO] main.cpp:356 -   接收字节数:   0
2026-05-26 10:59:05.583 [INFO] main.cpp:357 -   平均延迟:     0.00 ms
2026-05-26 10:59:05.583 [INFO] main.cpp:358 -   最大延迟:     0.00 ms
2026-05-26 10:59:05.583 [INFO] main.cpp:359 -   总线争用次数: 0
2026-05-26 10:59:05.583 [INFO] main.cpp:368 - ======== 轮询统计 ========
2026-05-26 10:59:05.583 [INFO] main.cpp:369 -   任务组数:     20
2026-05-26 10:59:05.583 [INFO] main.cpp:370 -   成功事务:     0
2026-05-26 10:59:05.583 [INFO] main.cpp:371 -   失败事务:     60
2026-05-26 10:59:05.584 [INFO] main.cpp:373 -   成功率:       0.0%
2026-05-26 10:59:05.584 [INFO] main.cpp:378 - ======== 命令队列统计 ========
2026-05-26 10:59:05.584 [INFO] main.cpp:379 -   已提交: 0  已执行: 0  成功: 0  失败: 0
2026-05-26 10:59:05.584 [INFO] main.cpp:384 -   队列大小: 0  平均耗时: 0.0ms
2026-05-26 10:59:06.585 [INFO] main.cpp:352 - ======== 总线统计 ========
2026-05-26 10:59:06.585 [INFO] main.cpp:353 -   总事务数:     60
2026-05-26 10:59:06.585 [INFO] main.cpp:354 -   总错误数:     60
2026-05-26 10:59:06.585 [INFO] main.cpp:355 -   发送字节数:   480
2026-05-26 10:59:06.585 [INFO] main.cpp:356 -   接收字节数:   0
2026-05-26 10:59:06.585 [INFO] main.cpp:357 -   平均延迟:     0.00 ms
2026-05-26 10:59:06.585 [INFO] main.cpp:358 -   最大延迟:     0.00 ms
2026-05-26 10:59:06.585 [INFO] main.cpp:359 -   总线争用次数: 0
2026-05-26 10:59:06.585 [INFO] main.cpp:368 - ======== 轮询统计 ========
2026-05-26 10:59:06.585 [INFO] main.cpp:369 -   任务组数:     20
2026-05-26 10:59:06.585 [INFO] main.cpp:370 -   成功事务:     0
2026-05-26 10:59:06.585 [INFO] main.cpp:371 -   失败事务:     60
2026-05-26 10:59:06.586 [INFO] main.cpp:373 -   成功率:       0.0%
2026-05-26 10:59:06.586 [INFO] main.cpp:378 - ======== 命令队列统计 ========
2026-05-26 10:59:06.586 [INFO] main.cpp:379 -   已提交: 0  已执行: 0  成功: 0  失败: 0
2026-05-26 10:59:06.586 [INFO] main.cpp:384 -   队列大小: 0  平均耗时: 0.0ms
2026-05-26 10:59:07.587 [INFO] main.cpp:352 - ======== 总线统计 ========
2026-05-26 10:59:07.587 [INFO] main.cpp:353 -   总事务数:     60
2026-05-26 10:59:07.587 [INFO] main.cpp:354 -   总错误数:     60
2026-05-26 10:59:07.587 [INFO] main.cpp:355 -   发送字节数:   480
2026-05-26 10:59:07.587 [INFO] main.cpp:356 -   接收字节数:   0
2026-05-26 10:59:07.587 [INFO] main.cpp:357 -   平均延迟:     0.00 ms
2026-05-26 10:59:07.587 [INFO] main.cpp:358 -   最大延迟:     0.00 ms
2026-05-26 10:59:07.587 [INFO] main.cpp:359 -   总线争用次数: 0
2026-05-26 10:59:07.587 [INFO] main.cpp:368 - ======== 轮询统计 ========
2026-05-26 10:59:07.587 [INFO] main.cpp:369 -   任务组数:     20
2026-05-26 10:59:07.588 [INFO] main.cpp:370 -   成功事务:     0
2026-05-26 10:59:07.588 [INFO] main.cpp:371 -   失败事务:     60
2026-05-26 10:59:07.588 [INFO] main.cpp:373 -   成功率:       0.0%
2026-05-26 10:59:07.588 [INFO] main.cpp:378 - ======== 命令队列统计 ========
2026-05-26 10:59:07.588 [INFO] main.cpp:379 -   已提交: 0  已执行: 0  成功: 0  失败: 0
2026-05-26 10:59:07.588 [INFO] main.cpp:384 -   队列大小: 0  平均耗时: 0.0ms
2026-05-26 10:59:08.589 [INFO] main.cpp:352 - ======== 总线统计 ========
2026-05-26 10:59:08.589 [INFO] main.cpp:353 -   总事务数:     80
2026-05-26 10:59:08.589 [INFO] main.cpp:354 -   总错误数:     60
2026-05-26 10:59:08.589 [INFO] main.cpp:355 -   发送字节数:   480
2026-05-26 10:59:08.589 [INFO] main.cpp:356 -   接收字节数:   0
2026-05-26 10:59:08.589 [INFO] main.cpp:357 -   平均延迟:     0.00 ms
2026-05-26 10:59:08.589 [INFO] main.cpp:358 -   最大延迟:     0.00 ms
2026-05-26 10:59:08.589 [INFO] main.cpp:359 -   总线争用次数: 0
2026-05-26 10:59:08.589 [INFO] main.cpp:368 - ======== 轮询统计 ========
2026-05-26 10:59:08.589 [INFO] main.cpp:369 -   任务组数:     20
2026-05-26 10:59:08.589 [INFO] main.cpp:370 -   成功事务:     0
2026-05-26 10:59:08.589 [INFO] main.cpp:371 -   失败事务:     60
2026-05-26 10:59:08.590 [INFO] main.cpp:373 -   成功率:       0.0%
2026-05-26 10:59:08.590 [INFO] main.cpp:378 - ======== 命令队列统计 ========
2026-05-26 10:59:08.590 [INFO] main.cpp:379 -   已提交: 0  已执行: 0  成功: 0  失败: 0
2026-05-26 10:59:08.590 [INFO] main.cpp:384 -   队列大小: 0  平均耗时: 0.0ms
2026-05-26 10:59:09.591 [INFO] main.cpp:352 - ======== 总线统计 ========
2026-05-26 10:59:09.591 [INFO] main.cpp:353 -   总事务数:     80
2026-05-26 10:59:09.591 [INFO] main.cpp:354 -   总错误数:     60
2026-05-26 10:59:09.591 [INFO] main.cpp:355 -   发送字节数:   640
2026-05-26 10:59:09.591 [INFO] main.cpp:356 -   接收字节数:   0
2026-05-26 10:59:09.591 [INFO] main.cpp:357 -   平均延迟:     0.00 ms
2026-05-26 10:59:09.591 [INFO] main.cpp:358 -   最大延迟:     0.00 ms
2026-05-26 10:59:09.591 [INFO] main.cpp:359 -   总线争用次数: 0
2026-05-26 10:59:09.591 [INFO] main.cpp:368 - ======== 轮询统计 ========
2026-05-26 10:59:09.591 [INFO] main.cpp:369 -   任务组数:     20
2026-05-26 10:59:09.591 [INFO] main.cpp:370 -   成功事务:     0
2026-05-26 10:59:09.591 [INFO] main.cpp:371 -   失败事务:     60
2026-05-26 10:59:09.591 [INFO] main.cpp:373 -   成功率:       0.0%
2026-05-26 10:59:09.591 [INFO] main.cpp:378 - ======== 命令队列统计 ========
2026-05-26 10:59:09.592 [INFO] main.cpp:379 -   已提交: 0  已执行: 0  成功: 0  失败: 0
2026-05-26 10:59:09.592 [INFO] main.cpp:384 -   队列大小: 0  平均耗时: 0.0ms
2026-05-26 10:59:10.593 [INFO] main.cpp:352 - ======== 总线统计 ========
2026-05-26 10:59:10.593 [INFO] main.cpp:353 -   总事务数:     80
2026-05-26 10:59:10.593 [INFO] main.cpp:354 -   总错误数:     80
2026-05-26 10:59:10.593 [INFO] main.cpp:355 -   发送字节数:   640
2026-05-26 10:59:10.593 [INFO] main.cpp:356 -   接收字节数:   0
2026-05-26 10:59:10.593 [INFO] main.cpp:357 -   平均延迟:     0.00 ms
2026-05-26 10:59:10.593 [INFO] main.cpp:358 -   最大延迟:     0.00 ms
2026-05-26 10:59:10.593 [INFO] main.cpp:359 -   总线争用次数: 0
2026-05-26 10:59:10.593 [INFO] main.cpp:368 - ======== 轮询统计 ========
2026-05-26 10:59:10.593 [INFO] main.cpp:369 -   任务组数:     20
2026-05-26 10:59:10.593 [INFO] main.cpp:370 -   成功事务:     0
2026-05-26 10:59:10.593 [INFO] main.cpp:371 -   失败事务:     80
2026-05-26 10:59:10.593 [INFO] main.cpp:373 -   成功率:       0.0%
2026-05-26 10:59:10.593 [INFO] main.cpp:378 - ======== 命令队列统计 ========
2026-05-26 10:59:10.593 [INFO] main.cpp:379 -   已提交: 0  已执行: 0  成功: 0  失败: 0
2026-05-26 10:59:10.593 [INFO] main.cpp:384 -   队列大小: 0  平均耗时: 0.0ms
2026-05-26 10:59:11.594 [INFO] main.cpp:352 - ======== 总线统计 ========
2026-05-26 10:59:11.594 [INFO] main.cpp:353 -   总事务数:     80
2026-05-26 10:59:11.594 [INFO] main.cpp:354 -   总错误数:     80
2026-05-26 10:59:11.594 [INFO] main.cpp:355 -   发送字节数:   640
2026-05-26 10:59:11.594 [INFO] main.cpp:356 -   接收字节数:   0
2026-05-26 10:59:11.594 [INFO] main.cpp:357 -   平均延迟:     0.00 ms
2026-05-26 10:59:11.595 [INFO] main.cpp:358 -   最大延迟:     0.00 ms
2026-05-26 10:59:11.595 [INFO] main.cpp:359 -   总线争用次数: 0
2026-05-26 10:59:11.595 [INFO] main.cpp:368 - ======== 轮询统计 ========
2026-05-26 10:59:11.595 [INFO] main.cpp:369 -   任务组数:     20
2026-05-26 10:59:11.595 [INFO] main.cpp:370 -   成功事务:     0
2026-05-26 10:59:11.595 [INFO] main.cpp:371 -   失败事务:     80
2026-05-26 10:59:11.595 [INFO] main.cpp:373 -   成功率:       0.0%
2026-05-26 10:59:11.595 [INFO] main.cpp:378 - ======== 命令队列统计 ========
2026-05-26 10:59:11.595 [INFO] main.cpp:379 -   已提交: 0  已执行: 0  成功: 0  失败: 0
2026-05-26 10:59:11.595 [INFO] main.cpp:384 -   队列大小: 0  平均耗时: 0.0ms
2026-05-26 10:59:12.596 [INFO] main.cpp:352 - ======== 总线统计 ========
2026-05-26 10:59:12.596 [INFO] main.cpp:353 -   总事务数:     80
2026-05-26 10:59:12.596 [INFO] main.cpp:354 -   总错误数:     80
2026-05-26 10:59:12.596 [INFO] main.cpp:355 -   发送字节数:   640
2026-05-26 10:59:12.596 [INFO] main.cpp:356 -   接收字节数:   0
2026-05-26 10:59:12.596 [INFO] main.cpp:357 -   平均延迟:     0.00 ms
2026-05-26 10:59:12.596 [INFO] main.cpp:358 -   最大延迟:     0.00 ms
2026-05-26 10:59:12.596 [INFO] main.cpp:359 -   总线争用次数: 0
2026-05-26 10:59:12.597 [INFO] main.cpp:368 - ======== 轮询统计 ========
2026-05-26 10:59:12.597 [INFO] main.cpp:369 -   任务组数:     20
2026-05-26 10:59:12.597 [INFO] main.cpp:370 -   成功事务:     0
2026-05-26 10:59:12.597 [INFO] main.cpp:371 -   失败事务:     80
2026-05-26 10:59:12.597 [INFO] main.cpp:373 -   成功率:       0.0%
2026-05-26 10:59:12.597 [INFO] main.cpp:378 - ======== 命令队列统计 ========
2026-05-26 10:59:12.597 [INFO] main.cpp:379 -   已提交: 0  已执行: 0  成功: 0  失败: 0
2026-05-26 10:59:12.597 [INFO] main.cpp:384 -   队列大小: 0  平均耗时: 0.0ms
2026-05-26 10:59:13.598 [INFO] main.cpp:352 - ======== 总线统计 ========
2026-05-26 10:59:13.598 [INFO] main.cpp:353 -   总事务数:     100
2026-05-26 10:59:13.598 [INFO] main.cpp:354 -   总错误数:     80
2026-05-26 10:59:13.598 [INFO] main.cpp:355 -   发送字节数:   640
2026-05-26 10:59:13.598 [INFO] main.cpp:356 -   接收字节数:   0
2026-05-26 10:59:13.598 [INFO] main.cpp:357 -   平均延迟:     0.00 ms
2026-05-26 10:59:13.598 [INFO] main.cpp:358 -   最大延迟:     0.00 ms
2026-05-26 10:59:13.598 [INFO] main.cpp:359 -   总线争用次数: 0
2026-05-26 10:59:13.598 [INFO] main.cpp:368 - ======== 轮询统计 ========
2026-05-26 10:59:13.598 [INFO] main.cpp:369 -   任务组数:     20
2026-05-26 10:59:13.598 [INFO] main.cpp:370 -   成功事务:     0
2026-05-26 10:59:13.598 [INFO] main.cpp:371 -   失败事务:     80
2026-05-26 10:59:13.598 [INFO] main.cpp:373 -   成功率:       0.0%
2026-05-26 10:59:13.598 [INFO] main.cpp:378 - ======== 命令队列统计 ========
2026-05-26 10:59:13.598 [INFO] main.cpp:379 -   已提交: 0  已执行: 0  成功: 0  失败: 0
2026-05-26 10:59:13.598 [INFO] main.cpp:384 -   队列大小: 0  平均耗时: 0.0ms
2026-05-26 10:59:14.599 [INFO] main.cpp:352 - ======== 总线统计 ========
2026-05-26 10:59:14.599 [INFO] main.cpp:353 -   总事务数:     100
2026-05-26 10:59:14.599 [INFO] main.cpp:354 -   总错误数:     80
2026-05-26 10:59:14.599 [INFO] main.cpp:355 -   发送字节数:   800
2026-05-26 10:59:14.599 [INFO] main.cpp:356 -   接收字节数:   0
2026-05-26 10:59:14.599 [INFO] main.cpp:357 -   平均延迟:     0.00 ms
2026-05-26 10:59:14.599 [INFO] main.cpp:358 -   最大延迟:     0.00 ms
2026-05-26 10:59:14.599 [INFO] main.cpp:359 -   总线争用次数: 0
2026-05-26 10:59:14.599 [INFO] main.cpp:368 - ======== 轮询统计 ========
2026-05-26 10:59:14.599 [INFO] main.cpp:369 -   任务组数:     20
2026-05-26 10:59:14.599 [INFO] main.cpp:370 -   成功事务:     0
2026-05-26 10:59:14.599 [INFO] main.cpp:371 -   失败事务:     80
2026-05-26 10:59:14.599 [INFO] main.cpp:373 -   成功率:       0.0%
2026-05-26 10:59:14.599 [INFO] main.cpp:378 - ======== 命令队列统计 ========
2026-05-26 10:59:14.599 [INFO] main.cpp:379 -   已提交: 0  已执行: 0  成功: 0  失败: 0
2026-05-26 10:59:14.600 [INFO] main.cpp:384 -   队列大小: 0  平均耗时: 0.0ms
2026-05-26 10:59:15.601 [INFO] main.cpp:352 - ======== 总线统计 ========
2026-05-26 10:59:15.601 [INFO] main.cpp:353 -   总事务数:     100
2026-05-26 10:59:15.601 [INFO] main.cpp:354 -   总错误数:     100
2026-05-26 10:59:15.601 [INFO] main.cpp:355 -   发送字节数:   800
2026-05-26 10:59:15.601 [INFO] main.cpp:356 -   接收字节数:   0
2026-05-26 10:59:15.601 [INFO] main.cpp:357 -   平均延迟:     0.00 ms
2026-05-26 10:59:15.601 [INFO] main.cpp:358 -   最大延迟:     0.00 ms
2026-05-26 10:59:15.601 [INFO] main.cpp:359 -   总线争用次数: 0
2026-05-26 10:59:15.601 [INFO] main.cpp:368 - ======== 轮询统计 ========
2026-05-26 10:59:15.601 [INFO] main.cpp:369 -   任务组数:     20
2026-05-26 10:59:15.601 [INFO] main.cpp:370 -   成功事务:     0
2026-05-26 10:59:15.601 [INFO] main.cpp:371 -   失败事务:     100
2026-05-26 10:59:15.601 [INFO] main.cpp:373 -   成功率:       0.0%
2026-05-26 10:59:15.601 [INFO] main.cpp:378 - ======== 命令队列统计 ========
2026-05-26 10:59:15.601 [INFO] main.cpp:379 -   已提交: 0  已执行: 0  成功: 0  失败: 0
2026-05-26 10:59:15.602 [INFO] main.cpp:384 -   队列大小: 0  平均耗时: 0.0ms
2026-05-26 10:59:16.602 [INFO] main.cpp:352 - ======== 总线统计 ========
2026-05-26 10:59:16.603 [INFO] main.cpp:353 -   总事务数:     100
2026-05-26 10:59:16.603 [INFO] main.cpp:354 -   总错误数:     100
2026-05-26 10:59:16.603 [INFO] main.cpp:355 -   发送字节数:   800
2026-05-26 10:59:16.603 [INFO] main.cpp:356 -   接收字节数:   0
2026-05-26 10:59:16.603 [INFO] main.cpp:357 -   平均延迟:     0.00 ms
2026-05-26 10:59:16.603 [INFO] main.cpp:358 -   最大延迟:     0.00 ms
2026-05-26 10:59:16.603 [INFO] main.cpp:359 -   总线争用次数: 0
2026-05-26 10:59:16.603 [INFO] main.cpp:368 - ======== 轮询统计 ========
2026-05-26 10:59:16.603 [INFO] main.cpp:369 -   任务组数:     20
2026-05-26 10:59:16.603 [INFO] main.cpp:370 -   成功事务:     0
2026-05-26 10:59:16.603 [INFO] main.cpp:371 -   失败事务:     100
2026-05-26 10:59:16.603 [INFO] main.cpp:373 -   成功率:       0.0%
2026-05-26 10:59:16.603 [INFO] main.cpp:378 - ======== 命令队列统计 ========
2026-05-26 10:59:16.603 [INFO] main.cpp:379 -   已提交: 0  已执行: 0  成功: 0  失败: 0
2026-05-26 10:59:16.603 [INFO] main.cpp:384 -   队列大小: 0  平均耗时: 0.0ms
2026-05-26 10:59:17.604 [INFO] main.cpp:352 - ======== 总线统计 ========
2026-05-26 10:59:17.604 [INFO] main.cpp:353 -   总事务数:     100
2026-05-26 10:59:17.605 [INFO] main.cpp:354 -   总错误数:     100
2026-05-26 10:59:17.605 [INFO] main.cpp:355 -   发送字节数:   800
2026-05-26 10:59:17.605 [INFO] main.cpp:356 -   接收字节数:   0
2026-05-26 10:59:17.605 [INFO] main.cpp:357 -   平均延迟:     0.00 ms
2026-05-26 10:59:17.605 [INFO] main.cpp:358 -   最大延迟:     0.00 ms
2026-05-26 10:59:17.605 [INFO] main.cpp:359 -   总线争用次数: 0
2026-05-26 10:59:17.605 [INFO] main.cpp:368 - ======== 轮询统计 ========
2026-05-26 10:59:17.605 [INFO] main.cpp:369 -   任务组数:     20
2026-05-26 10:59:17.605 [INFO] main.cpp:370 -   成功事务:     0
2026-05-26 10:59:17.605 [INFO] main.cpp:371 -   失败事务:     100
2026-05-26 10:59:17.605 [INFO] main.cpp:373 -   成功率:       0.0%
2026-05-26 10:59:17.605 [INFO] main.cpp:378 - ======== 命令队列统计 ========
2026-05-26 10:59:17.605 [INFO] main.cpp:379 -   已提交: 0  已执行: 0  成功: 0  失败: 0
2026-05-26 10:59:17.605 [INFO] main.cpp:384 -   队列大小: 0  平均耗时: 0.0ms
2026-05-26 10:59:18.606 [INFO] main.cpp:352 - ======== 总线统计 ========
2026-05-26 10:59:18.606 [INFO] main.cpp:353 -   总事务数:     120
2026-05-26 10:59:18.606 [INFO] main.cpp:354 -   总错误数:     100
2026-05-26 10:59:18.606 [INFO] main.cpp:355 -   发送字节数:   800
2026-05-26 10:59:18.606 [INFO] main.cpp:356 -   接收字节数:   0
2026-05-26 10:59:18.607 [INFO] main.cpp:357 -   平均延迟:     0.00 ms
2026-05-26 10:59:18.607 [INFO] main.cpp:358 -   最大延迟:     0.00 ms
2026-05-26 10:59:18.607 [INFO] main.cpp:359 -   总线争用次数: 0
2026-05-26 10:59:18.607 [INFO] main.cpp:368 - ======== 轮询统计 ========
2026-05-26 10:59:18.607 [INFO] main.cpp:369 -   任务组数:     20
2026-05-26 10:59:18.607 [INFO] main.cpp:370 -   成功事务:     0
2026-05-26 10:59:18.607 [INFO] main.cpp:371 -   失败事务:     100
2026-05-26 10:59:18.607 [INFO] main.cpp:373 -   成功率:       0.0%
2026-05-26 10:59:18.607 [INFO] main.cpp:378 - ======== 命令队列统计 ========
2026-05-26 10:59:18.607 [INFO] main.cpp:379 -   已提交: 0  已执行: 0  成功: 0  失败: 0
2026-05-26 10:59:18.607 [INFO] main.cpp:384 -   队列大小: 0  平均耗时: 0.0ms
2026-05-26 10:59:19.608 [INFO] main.cpp:352 - ======== 总线统计 ========
2026-05-26 10:59:19.608 [INFO] main.cpp:353 -   总事务数:     120
2026-05-26 10:59:19.608 [INFO] main.cpp:354 -   总错误数:     100
2026-05-26 10:59:19.608 [INFO] main.cpp:355 -   发送字节数:   960
2026-05-26 10:59:19.608 [INFO] main.cpp:356 -   接收字节数:   0
2026-05-26 10:59:19.608 [INFO] main.cpp:357 -   平均延迟:     0.00 ms
2026-05-26 10:59:19.609 [INFO] main.cpp:358 -   最大延迟:     0.00 ms
2026-05-26 10:59:19.609 [INFO] main.cpp:359 -   总线争用次数: 0
2026-05-26 10:59:19.609 [INFO] main.cpp:368 - ======== 轮询统计 ========
2026-05-26 10:59:19.609 [INFO] main.cpp:369 -   任务组数:     20
2026-05-26 10:59:19.609 [INFO] main.cpp:370 -   成功事务:     0
2026-05-26 10:59:19.609 [INFO] main.cpp:371 -   失败事务:     100
2026-05-26 10:59:19.609 [INFO] main.cpp:373 -   成功率:       0.0%
2026-05-26 10:59:19.609 [INFO] main.cpp:378 - ======== 命令队列统计 ========
2026-05-26 10:59:19.609 [INFO] main.cpp:379 -   已提交: 0  已执行: 0  成功: 0  失败: 0
2026-05-26 10:59:19.609 [INFO] main.cpp:384 -   队列大小: 0  平均耗时: 0.0ms
2026-05-26 10:59:20.610 [INFO] main.cpp:352 - ======== 总线统计 ========
2026-05-26 10:59:20.610 [INFO] main.cpp:353 -   总事务数:     120
2026-05-26 10:59:20.610 [INFO] main.cpp:354 -   总错误数:     120
2026-05-26 10:59:20.610 [INFO] main.cpp:355 -   发送字节数:   960
2026-05-26 10:59:20.610 [INFO] main.cpp:356 -   接收字节数:   0
2026-05-26 10:59:20.610 [INFO] main.cpp:357 -   平均延迟:     0.00 ms
2026-05-26 10:59:20.610 [INFO] main.cpp:358 -   最大延迟:     0.00 ms
2026-05-26 10:59:20.610 [INFO] main.cpp:359 -   总线争用次数: 0
2026-05-26 10:59:20.610 [INFO] main.cpp:368 - ======== 轮询统计 ========
2026-05-26 10:59:20.610 [INFO] main.cpp:369 -   任务组数:     20
2026-05-26 10:59:20.610 [INFO] main.cpp:370 -   成功事务:     0
2026-05-26 10:59:20.610 [INFO] main.cpp:371 -   失败事务:     120
2026-05-26 10:59:20.610 [INFO] main.cpp:373 -   成功率:       0.0%
2026-05-26 10:59:20.610 [INFO] main.cpp:378 - ======== 命令队列统计 ========
2026-05-26 10:59:20.610 [INFO] main.cpp:379 -   已提交: 0  已执行: 0  成功: 0  失败: 0
2026-05-26 10:59:20.610 [INFO] main.cpp:384 -   队列大小: 0  平均耗时: 0.0ms
2026-05-26 10:59:21.612 [INFO] main.cpp:352 - ======== 总线统计 ========
2026-05-26 10:59:21.612 [INFO] main.cpp:353 -   总事务数:     120
2026-05-26 10:59:21.612 [INFO] main.cpp:354 -   总错误数:     120
2026-05-26 10:59:21.612 [INFO] main.cpp:355 -   发送字节数:   960
2026-05-26 10:59:21.612 [INFO] main.cpp:356 -   接收字节数:   0
2026-05-26 10:59:21.612 [INFO] main.cpp:357 -   平均延迟:     0.00 ms
2026-05-26 10:59:21.612 [INFO] main.cpp:358 -   最大延迟:     0.00 ms
2026-05-26 10:59:21.612 [INFO] main.cpp:359 -   总线争用次数: 0
2026-05-26 10:59:21.612 [INFO] main.cpp:368 - ======== 轮询统计 ========
2026-05-26 10:59:21.612 [INFO] main.cpp:369 -   任务组数:     20
2026-05-26 10:59:21.612 [INFO] main.cpp:370 -   成功事务:     0
2026-05-26 10:59:21.612 [INFO] main.cpp:371 -   失败事务:     120
2026-05-26 10:59:21.612 [INFO] main.cpp:373 -   成功率:       0.0%
2026-05-26 10:59:21.612 [INFO] main.cpp:378 - ======== 命令队列统计 ========
2026-05-26 10:59:21.612 [INFO] main.cpp:379 -   已提交: 0  已执行: 0  成功: 0  失败: 0
2026-05-26 10:59:21.612 [INFO] main.cpp:384 -   队列大小: 0  平均耗时: 0.0ms
2026-05-26 10:59:22.613 [INFO] main.cpp:352 - ======== 总线统计 ========
2026-05-26 10:59:22.614 [INFO] main.cpp:353 -   总事务数:     120
2026-05-26 10:59:22.614 [INFO] main.cpp:354 -   总错误数:     120
2026-05-26 10:59:22.614 [INFO] main.cpp:355 -   发送字节数:   960
2026-05-26 10:59:22.614 [INFO] main.cpp:356 -   接收字节数:   0
2026-05-26 10:59:22.614 [INFO] main.cpp:357 -   平均延迟:     0.00 ms
2026-05-26 10:59:22.614 [INFO] main.cpp:358 -   最大延迟:     0.00 ms
2026-05-26 10:59:22.614 [INFO] main.cpp:359 -   总线争用次数: 0
2026-05-26 10:59:22.614 [INFO] main.cpp:368 - ======== 轮询统计 ========
2026-05-26 10:59:22.614 [INFO] main.cpp:369 -   任务组数:     20
2026-05-26 10:59:22.614 [INFO] main.cpp:370 -   成功事务:     0
2026-05-26 10:59:22.614 [INFO] main.cpp:371 -   失败事务:     120
2026-05-26 10:59:22.614 [INFO] main.cpp:373 -   成功率:       0.0%
2026-05-26 10:59:22.614 [INFO] main.cpp:378 - ======== 命令队列统计 ========
2026-05-26 10:59:22.614 [INFO] main.cpp:379 -   已提交: 0  已执行: 0  成功: 0  失败: 0
2026-05-26 10:59:22.614 [INFO] main.cpp:384 -   队列大小: 0  平均耗时: 0.0ms
2026-05-26 10:59:23.615 [INFO] main.cpp:352 - ======== 总线统计 ========
2026-05-26 10:59:23.616 [INFO] main.cpp:353 -   总事务数:     140
2026-05-26 10:59:23.616 [INFO] main.cpp:354 -   总错误数:     120
2026-05-26 10:59:23.616 [INFO] main.cpp:355 -   发送字节数:   960
2026-05-26 10:59:23.616 [INFO] main.cpp:356 -   接收字节数:   0
2026-05-26 10:59:23.616 [INFO] main.cpp:357 -   平均延迟:     0.00 ms
2026-05-26 10:59:23.616 [INFO] main.cpp:358 -   最大延迟:     0.00 ms
2026-05-26 10:59:23.616 [INFO] main.cpp:359 -   总线争用次数: 0
2026-05-26 10:59:23.616 [INFO] main.cpp:368 - ======== 轮询统计 ========
2026-05-26 10:59:23.616 [INFO] main.cpp:369 -   任务组数:     20
2026-05-26 10:59:23.616 [INFO] main.cpp:370 -   成功事务:     0
2026-05-26 10:59:23.616 [INFO] main.cpp:371 -   失败事务:     120
2026-05-26 10:59:23.616 [INFO] main.cpp:373 -   成功率:       0.0%
2026-05-26 10:59:23.616 [INFO] main.cpp:378 - ======== 命令队列统计 ========
2026-05-26 10:59:23.616 [INFO] main.cpp:379 -   已提交: 0  已执行: 0  成功: 0  失败: 0
2026-05-26 10:59:23.616 [INFO] main.cpp:384 -   队列大小: 0  平均耗时: 0.0ms
2026-05-26 10:59:24.617 [INFO] main.cpp:352 - ======== 总线统计 ========
2026-05-26 10:59:24.617 [INFO] main.cpp:353 -   总事务数:     140
2026-05-26 10:59:24.617 [INFO] main.cpp:354 -   总错误数:     120
2026-05-26 10:59:24.617 [INFO] main.cpp:355 -   发送字节数:   1120
2026-05-26 10:59:24.617 [INFO] main.cpp:356 -   接收字节数:   0
2026-05-26 10:59:24.617 [INFO] main.cpp:357 -   平均延迟:     0.00 ms
2026-05-26 10:59:24.617 [INFO] main.cpp:358 -   最大延迟:     0.00 ms
2026-05-26 10:59:24.617 [INFO] main.cpp:359 -   总线争用次数: 0
2026-05-26 10:59:24.617 [INFO] main.cpp:368 - ======== 轮询统计 ========
2026-05-26 10:59:24.617 [INFO] main.cpp:369 -   任务组数:     20
2026-05-26 10:59:24.617 [INFO] main.cpp:370 -   成功事务:     0
2026-05-26 10:59:24.617 [INFO] main.cpp:371 -   失败事务:     120
2026-05-26 10:59:24.617 [INFO] main.cpp:373 -   成功率:       0.0%
2026-05-26 10:59:24.617 [INFO] main.cpp:378 - ======== 命令队列统计 ========
2026-05-26 10:59:24.617 [INFO] main.cpp:379 -   已提交: 0  已执行: 0  成功: 0  失败: 0
2026-05-26 10:59:24.617 [INFO] main.cpp:384 -   队列大小: 0  平均耗时: 0.0ms
2026-05-26 10:59:25.618 [INFO] main.cpp:352 - ======== 总线统计 ========
2026-05-26 10:59:25.619 [INFO] main.cpp:353 -   总事务数:     140
2026-05-26 10:59:25.619 [INFO] main.cpp:354 -   总错误数:     140
2026-05-26 10:59:25.619 [INFO] main.cpp:355 -   发送字节数:   1120
2026-05-26 10:59:25.619 [INFO] main.cpp:356 -   接收字节数:   0
2026-05-26 10:59:25.619 [INFO] main.cpp:357 -   平均延迟:     0.00 ms
2026-05-26 10:59:25.619 [INFO] main.cpp:358 -   最大延迟:     0.00 ms
2026-05-26 10:59:25.619 [INFO] main.cpp:359 -   总线争用次数: 0
2026-05-26 10:59:25.619 [INFO] main.cpp:368 - ======== 轮询统计 ========
2026-05-26 10:59:25.619 [INFO] main.cpp:369 -   任务组数:     20
2026-05-26 10:59:25.619 [INFO] main.cpp:370 -   成功事务:     0
2026-05-26 10:59:25.619 [INFO] main.cpp:371 -   失败事务:     140
2026-05-26 10:59:25.619 [INFO] main.cpp:373 -   成功率:       0.0%
2026-05-26 10:59:25.619 [INFO] main.cpp:378 - ======== 命令队列统计 ========
2026-05-26 10:59:25.619 [INFO] main.cpp:379 -   已提交: 0  已执行: 0  成功: 0  失败: 0
2026-05-26 10:59:25.619 [INFO] main.cpp:384 -   队列大小: 0  平均耗时: 0.0ms
2026-05-26 10:59:26.620 [INFO] main.cpp:352 - ======== 总线统计 ========
2026-05-26 10:59:26.620 [INFO] main.cpp:353 -   总事务数:     140
2026-05-26 10:59:26.620 [INFO] main.cpp:354 -   总错误数:     140
2026-05-26 10:59:26.620 [INFO] main.cpp:355 -   发送字节数:   1120
2026-05-26 10:59:26.620 [INFO] main.cpp:356 -   接收字节数:   0
2026-05-26 10:59:26.620 [INFO] main.cpp:357 -   平均延迟:     0.00 ms
2026-05-26 10:59:26.620 [INFO] main.cpp:358 -   最大延迟:     0.00 ms
2026-05-26 10:59:26.620 [INFO] main.cpp:359 -   总线争用次数: 0
2026-05-26 10:59:26.620 [INFO] main.cpp:368 - ======== 轮询统计 ========
2026-05-26 10:59:26.620 [INFO] main.cpp:369 -   任务组数:     20
2026-05-26 10:59:26.620 [INFO] main.cpp:370 -   成功事务:     0
2026-05-26 10:59:26.620 [INFO] main.cpp:371 -   失败事务:     140
2026-05-26 10:59:26.620 [INFO] main.cpp:373 -   成功率:       0.0%
2026-05-26 10:59:26.620 [INFO] main.cpp:378 - ======== 命令队列统计 ========
2026-05-26 10:59:26.620 [INFO] main.cpp:379 -   已提交: 0  已执行: 0  成功: 0  失败: 0
2026-05-26 10:59:26.621 [INFO] main.cpp:384 -   队列大小: 0  平均耗时: 0.0ms
2026-05-26 10:59:27.621 [INFO] main.cpp:352 - ======== 总线统计 ========
2026-05-26 10:59:27.621 [INFO] main.cpp:353 -   总事务数:     140
2026-05-26 10:59:27.621 [INFO] main.cpp:354 -   总错误数:     140
2026-05-26 10:59:27.621 [INFO] main.cpp:355 -   发送字节数:   1120
2026-05-26 10:59:27.621 [INFO] main.cpp:356 -   接收字节数:   0
2026-05-26 10:59:27.621 [INFO] main.cpp:357 -   平均延迟:     0.00 ms
2026-05-26 10:59:27.621 [INFO] main.cpp:358 -   最大延迟:     0.00 ms
2026-05-26 10:59:27.621 [INFO] main.cpp:359 -   总线争用次数: 0
2026-05-26 10:59:27.621 [INFO] main.cpp:368 - ======== 轮询统计 ========
2026-05-26 10:59:27.621 [INFO] main.cpp:369 -   任务组数:     20
2026-05-26 10:59:27.621 [INFO] main.cpp:370 -   成功事务:     0
2026-05-26 10:59:27.621 [INFO] main.cpp:371 -   失败事务:     140
2026-05-26 10:59:27.621 [INFO] main.cpp:373 -   成功率:       0.0%
2026-05-26 10:59:27.621 [INFO] main.cpp:378 - ======== 命令队列统计 ========
2026-05-26 10:59:27.621 [INFO] main.cpp:379 -   已提交: 0  已执行: 0  成功: 0  失败: 0
2026-05-26 10:59:27.622 [INFO] main.cpp:384 -   队列大小: 0  平均耗时: 0.0ms
2026-05-26 10:59:28.622 [INFO] main.cpp:352 - ======== 总线统计 ========
2026-05-26 10:59:28.622 [INFO] main.cpp:353 -   总事务数:     160
2026-05-26 10:59:28.622 [INFO] main.cpp:354 -   总错误数:     140
2026-05-26 10:59:28.622 [INFO] main.cpp:355 -   发送字节数:   1120
2026-05-26 10:59:28.622 [INFO] main.cpp:356 -   接收字节数:   0
2026-05-26 10:59:28.622 [INFO] main.cpp:357 -   平均延迟:     0.00 ms
2026-05-26 10:59:28.622 [INFO] main.cpp:358 -   最大延迟:     0.00 ms
2026-05-26 10:59:28.622 [INFO] main.cpp:359 -   总线争用次数: 0
2026-05-26 10:59:28.622 [INFO] main.cpp:368 - ======== 轮询统计 ========
2026-05-26 10:59:28.622 [INFO] main.cpp:369 -   任务组数:     20
2026-05-26 10:59:28.622 [INFO] main.cpp:370 -   成功事务:     0
2026-05-26 10:59:28.623 [INFO] main.cpp:371 -   失败事务:     140
2026-05-26 10:59:28.623 [INFO] main.cpp:373 -   成功率:       0.0%
2026-05-26 10:59:28.623 [INFO] main.cpp:378 - ======== 命令队列统计 ========
2026-05-26 10:59:28.623 [INFO] main.cpp:379 -   已提交: 0  已执行: 0  成功: 0  失败: 0
2026-05-26 10:59:28.623 [INFO] main.cpp:384 -   队列大小: 0  平均耗时: 0.0ms
2026-05-26 10:59:29.624 [INFO] main.cpp:352 - ======== 总线统计 ========
2026-05-26 10:59:29.624 [INFO] main.cpp:353 -   总事务数:     160
2026-05-26 10:59:29.624 [INFO] main.cpp:354 -   总错误数:     140
2026-05-26 10:59:29.624 [INFO] main.cpp:355 -   发送字节数:   1280
2026-05-26 10:59:29.624 [INFO] main.cpp:356 -   接收字节数:   0
2026-05-26 10:59:29.624 [INFO] main.cpp:357 -   平均延迟:     0.00 ms
2026-05-26 10:59:29.624 [INFO] main.cpp:358 -   最大延迟:     0.00 ms
2026-05-26 10:59:29.624 [INFO] main.cpp:359 -   总线争用次数: 0
2026-05-26 10:59:29.624 [INFO] main.cpp:368 - ======== 轮询统计 ========
2026-05-26 10:59:29.624 [INFO] main.cpp:369 -   任务组数:     20
2026-05-26 10:59:29.625 [INFO] main.cpp:370 -   成功事务:     0
2026-05-26 10:59:29.625 [INFO] main.cpp:371 -   失败事务:     140
2026-05-26 10:59:29.625 [INFO] main.cpp:373 -   成功率:       0.0%
2026-05-26 10:59:29.625 [INFO] main.cpp:378 - ======== 命令队列统计 ========
2026-05-26 10:59:29.625 [INFO] main.cpp:379 -   已提交: 0  已执行: 0  成功: 0  失败: 0
2026-05-26 10:59:29.625 [INFO] main.cpp:384 -   队列大小: 0  平均耗时: 0.0ms
2026-05-26 10:59:30.626 [INFO] main.cpp:352 - ======== 总线统计 ========
2026-05-26 10:59:30.626 [INFO] main.cpp:353 -   总事务数:     160
2026-05-26 10:59:30.626 [INFO] main.cpp:354 -   总错误数:     160
2026-05-26 10:59:30.626 [INFO] main.cpp:355 -   发送字节数:   1280
2026-05-26 10:59:30.626 [INFO] main.cpp:356 -   接收字节数:   0
2026-05-26 10:59:30.626 [INFO] main.cpp:357 -   平均延迟:     0.00 ms
2026-05-26 10:59:30.626 [INFO] main.cpp:358 -   最大延迟:     0.00 ms
2026-05-26 10:59:30.626 [INFO] main.cpp:359 -   总线争用次数: 0
2026-05-26 10:59:30.626 [INFO] main.cpp:368 - ======== 轮询统计 ========
2026-05-26 10:59:30.626 [INFO] main.cpp:369 -   任务组数:     20
2026-05-26 10:59:30.626 [INFO] main.cpp:370 -   成功事务:     0
2026-05-26 10:59:30.626 [INFO] main.cpp:371 -   失败事务:     160
2026-05-26 10:59:30.627 [INFO] main.cpp:373 -   成功率:       0.0%
2026-05-26 10:59:30.627 [INFO] main.cpp:378 - ======== 命令队列统计 ========
2026-05-26 10:59:30.627 [INFO] main.cpp:379 -   已提交: 0  已执行: 0  成功: 0  失败: 0
2026-05-26 10:59:30.627 [INFO] main.cpp:384 -   队列大小: 0  平均耗时: 0.0ms
2026-05-26 10:59:31.628 [INFO] main.cpp:352 - ======== 总线统计 ========
2026-05-26 10:59:31.628 [INFO] main.cpp:353 -   总事务数:     160
2026-05-26 10:59:31.628 [INFO] main.cpp:354 -   总错误数:     160
2026-05-26 10:59:31.628 [INFO] main.cpp:355 -   发送字节数:   1280
2026-05-26 10:59:31.628 [INFO] main.cpp:356 -   接收字节数:   0
2026-05-26 10:59:31.628 [INFO] main.cpp:357 -   平均延迟:     0.00 ms
2026-05-26 10:59:31.628 [INFO] main.cpp:358 -   最大延迟:     0.00 ms
2026-05-26 10:59:31.628 [INFO] main.cpp:359 -   总线争用次数: 0
2026-05-26 10:59:31.628 [INFO] main.cpp:368 - ======== 轮询统计 ========
2026-05-26 10:59:31.628 [INFO] main.cpp:369 -   任务组数:     20
2026-05-26 10:59:31.628 [INFO] main.cpp:370 -   成功事务:     0
2026-05-26 10:59:31.628 [INFO] main.cpp:371 -   失败事务:     160
2026-05-26 10:59:31.628 [INFO] main.cpp:373 -   成功率:       0.0%
2026-05-26 10:59:31.628 [INFO] main.cpp:378 - ======== 命令队列统计 ========
2026-05-26 10:59:31.628 [INFO] main.cpp:379 -   已提交: 0  已执行: 0  成功: 0  失败: 0
2026-05-26 10:59:31.628 [INFO] main.cpp:384 -   队列大小: 0  平均耗时: 0.0ms
2026-05-26 10:59:32.630 [INFO] main.cpp:352 - ======== 总线统计 ========
2026-05-26 10:59:32.630 [INFO] main.cpp:353 -   总事务数:     160
2026-05-26 10:59:32.630 [INFO] main.cpp:354 -   总错误数:     160
2026-05-26 10:59:32.630 [INFO] main.cpp:355 -   发送字节数:   1280
2026-05-26 10:59:32.630 [INFO] main.cpp:356 -   接收字节数:   0
2026-05-26 10:59:32.630 [INFO] main.cpp:357 -   平均延迟:     0.00 ms
2026-05-26 10:59:32.630 [INFO] main.cpp:358 -   最大延迟:     0.00 ms
2026-05-26 10:59:32.630 [INFO] main.cpp:359 -   总线争用次数: 0
2026-05-26 10:59:32.630 [INFO] main.cpp:368 - ======== 轮询统计 ========
2026-05-26 10:59:32.630 [INFO] main.cpp:369 -   任务组数:     20
2026-05-26 10:59:32.630 [INFO] main.cpp:370 -   成功事务:     0
2026-05-26 10:59:32.630 [INFO] main.cpp:371 -   失败事务:     160
2026-05-26 10:59:32.630 [INFO] main.cpp:373 -   成功率:       0.0%
2026-05-26 10:59:32.630 [INFO] main.cpp:378 - ======== 命令队列统计 ========
2026-05-26 10:59:32.631 [INFO] main.cpp:379 -   已提交: 0  已执行: 0  成功: 0  失败: 0
2026-05-26 10:59:32.631 [INFO] main.cpp:384 -   队列大小: 0  平均耗时: 0.0ms
2026-05-26 10:59:33.631 [INFO] main.cpp:352 - ======== 总线统计 ========
2026-05-26 10:59:33.631 [INFO] main.cpp:353 -   总事务数:     180
2026-05-26 10:59:33.631 [INFO] main.cpp:354 -   总错误数:     160
2026-05-26 10:59:33.631 [INFO] main.cpp:355 -   发送字节数:   1280
2026-05-26 10:59:33.631 [INFO] main.cpp:356 -   接收字节数:   0
2026-05-26 10:59:33.631 [INFO] main.cpp:357 -   平均延迟:     0.00 ms
2026-05-26 10:59:33.631 [INFO] main.cpp:358 -   最大延迟:     0.00 ms
2026-05-26 10:59:33.632 [INFO] main.cpp:359 -   总线争用次数: 0
2026-05-26 10:59:33.632 [INFO] main.cpp:368 - ======== 轮询统计 ========
2026-05-26 10:59:33.632 [INFO] main.cpp:369 -   任务组数:     20
2026-05-26 10:59:33.632 [INFO] main.cpp:370 -   成功事务:     0
2026-05-26 10:59:33.632 [INFO] main.cpp:371 -   失败事务:     160
2026-05-26 10:59:33.632 [INFO] main.cpp:373 -   成功率:       0.0%
2026-05-26 10:59:33.632 [INFO] main.cpp:378 - ======== 命令队列统计 ========
2026-05-26 10:59:33.632 [INFO] main.cpp:379 -   已提交: 0  已执行: 0  成功: 0  失败: 0
2026-05-26 10:59:33.632 [INFO] main.cpp:384 -   队列大小: 0  平均耗时: 0.0ms
2026-05-26 10:59:34.633 [INFO] main.cpp:352 - ======== 总线统计 ========
2026-05-26 10:59:34.633 [INFO] main.cpp:353 -   总事务数:     180
2026-05-26 10:59:34.633 [INFO] main.cpp:354 -   总错误数:     160
2026-05-26 10:59:34.633 [INFO] main.cpp:355 -   发送字节数:   1440
2026-05-26 10:59:34.633 [INFO] main.cpp:356 -   接收字节数:   0
2026-05-26 10:59:34.633 [INFO] main.cpp:357 -   平均延迟:     0.00 ms
2026-05-26 10:59:34.633 [INFO] main.cpp:358 -   最大延迟:     0.00 ms
2026-05-26 10:59:34.633 [INFO] main.cpp:359 -   总线争用次数: 0
2026-05-26 10:59:34.633 [INFO] main.cpp:368 - ======== 轮询统计 ========
2026-05-26 10:59:34.633 [INFO] main.cpp:369 -   任务组数:     20
2026-05-26 10:59:34.633 [INFO] main.cpp:370 -   成功事务:     0
2026-05-26 10:59:34.634 [INFO] main.cpp:371 -   失败事务:     160
2026-05-26 10:59:34.634 [INFO] main.cpp:373 -   成功率:       0.0%
2026-05-26 10:59:34.634 [INFO] main.cpp:378 - ======== 命令队列统计 ========
2026-05-26 10:59:34.634 [INFO] main.cpp:379 -   已提交: 0  已执行: 0  成功: 0  失败: 0
2026-05-26 10:59:34.634 [INFO] main.cpp:384 -   队列大小: 0  平均耗时: 0.0ms
2026-05-26 10:59:35.635 [INFO] main.cpp:352 - ======== 总线统计 ========
2026-05-26 10:59:35.635 [INFO] main.cpp:353 -   总事务数:     180
2026-05-26 10:59:35.635 [INFO] main.cpp:354 -   总错误数:     180
2026-05-26 10:59:35.635 [INFO] main.cpp:355 -   发送字节数:   1440
2026-05-26 10:59:35.635 [INFO] main.cpp:356 -   接收字节数:   0
2026-05-26 10:59:35.635 [INFO] main.cpp:357 -   平均延迟:     0.00 ms
2026-05-26 10:59:35.635 [INFO] main.cpp:358 -   最大延迟:     0.00 ms
2026-05-26 10:59:35.635 [INFO] main.cpp:359 -   总线争用次数: 0
2026-05-26 10:59:35.635 [INFO] main.cpp:368 - ======== 轮询统计 ========
2026-05-26 10:59:35.635 [INFO] main.cpp:369 -   任务组数:     20
2026-05-26 10:59:35.635 [INFO] main.cpp:370 -   成功事务:     0
2026-05-26 10:59:35.635 [INFO] main.cpp:371 -   失败事务:     180
2026-05-26 10:59:35.635 [INFO] main.cpp:373 -   成功率:       0.0%
2026-05-26 10:59:35.636 [INFO] main.cpp:378 - ======== 命令队列统计 ========
2026-05-26 10:59:35.636 [INFO] main.cpp:379 -   已提交: 0  已执行: 0  成功: 0  失败: 0
2026-05-26 10:59:35.636 [INFO] main.cpp:384 -   队列大小: 0  平均耗时: 0.0ms
2026-05-26 10:59:36.637 [INFO] main.cpp:352 - ======== 总线统计 ========
2026-05-26 10:59:36.637 [INFO] main.cpp:353 -   总事务数:     180
2026-05-26 10:59:36.637 [INFO] main.cpp:354 -   总错误数:     180
2026-05-26 10:59:36.637 [INFO] main.cpp:355 -   发送字节数:   1440
2026-05-26 10:59:36.637 [INFO] main.cpp:356 -   接收字节数:   0
2026-05-26 10:59:36.637 [INFO] main.cpp:357 -   平均延迟:     0.00 ms
2026-05-26 10:59:36.637 [INFO] main.cpp:358 -   最大延迟:     0.00 ms
2026-05-26 10:59:36.637 [INFO] main.cpp:359 -   总线争用次数: 0
2026-05-26 10:59:36.637 [INFO] main.cpp:368 - ======== 轮询统计 ========
2026-05-26 10:59:36.637 [INFO] main.cpp:369 -   任务组数:     20
2026-05-26 10:59:36.637 [INFO] main.cpp:370 -   成功事务:     0
2026-05-26 10:59:36.637 [INFO] main.cpp:371 -   失败事务:     180
2026-05-26 10:59:36.637 [INFO] main.cpp:373 -   成功率:       0.0%
2026-05-26 10:59:36.637 [INFO] main.cpp:378 - ======== 命令队列统计 ========
2026-05-26 10:59:36.638 [INFO] main.cpp:379 -   已提交: 0  已执行: 0  成功: 0  失败: 0
2026-05-26 10:59:36.638 [INFO] main.cpp:384 -   队列大小: 0  平均耗时: 0.0ms
2026-05-26 10:59:37.639 [INFO] main.cpp:352 - ======== 总线统计 ========
2026-05-26 10:59:37.639 [INFO] main.cpp:353 -   总事务数:     180
2026-05-26 10:59:37.639 [INFO] main.cpp:354 -   总错误数:     180
2026-05-26 10:59:37.639 [INFO] main.cpp:355 -   发送字节数:   1440
2026-05-26 10:59:37.639 [INFO] main.cpp:356 -   接收字节数:   0
2026-05-26 10:59:37.639 [INFO] main.cpp:357 -   平均延迟:     0.00 ms
2026-05-26 10:59:37.639 [INFO] main.cpp:358 -   最大延迟:     0.00 ms
2026-05-26 10:59:37.639 [INFO] main.cpp:359 -   总线争用次数: 0
2026-05-26 10:59:37.639 [INFO] main.cpp:368 - ======== 轮询统计 ========
2026-05-26 10:59:37.639 [INFO] main.cpp:369 -   任务组数:     20
2026-05-26 10:59:37.639 [INFO] main.cpp:370 -   成功事务:     0
2026-05-26 10:59:37.639 [INFO] main.cpp:371 -   失败事务:     180
2026-05-26 10:59:37.639 [INFO] main.cpp:373 -   成功率:       0.0%
2026-05-26 10:59:37.639 [INFO] main.cpp:378 - ======== 命令队列统计 ========
2026-05-26 10:59:37.639 [INFO] main.cpp:379 -   已提交: 0  已执行: 0  成功: 0  失败: 0
2026-05-26 10:59:37.640 [INFO] main.cpp:384 -   队列大小: 0  平均耗时: 0.0ms
2026-05-26 10:59:38.641 [INFO] main.cpp:352 - ======== 总线统计 ========
2026-05-26 10:59:38.641 [INFO] main.cpp:353 -   总事务数:     200
2026-05-26 10:59:38.641 [INFO] main.cpp:354 -   总错误数:     180
2026-05-26 10:59:38.641 [INFO] main.cpp:355 -   发送字节数:   1440
2026-05-26 10:59:38.641 [INFO] main.cpp:356 -   接收字节数:   0
2026-05-26 10:59:38.641 [INFO] main.cpp:357 -   平均延迟:     0.00 ms
2026-05-26 10:59:38.641 [INFO] main.cpp:358 -   最大延迟:     0.00 ms
2026-05-26 10:59:38.641 [INFO] main.cpp:359 -   总线争用次数: 0
2026-05-26 10:59:38.641 [INFO] main.cpp:368 - ======== 轮询统计 ========
2026-05-26 10:59:38.641 [INFO] main.cpp:369 -   任务组数:     20
2026-05-26 10:59:38.641 [INFO] main.cpp:370 -   成功事务:     0
2026-05-26 10:59:38.641 [INFO] main.cpp:371 -   失败事务:     180
2026-05-26 10:59:38.641 [INFO] main.cpp:373 -   成功率:       0.0%
2026-05-26 10:59:38.641 [INFO] main.cpp:378 - ======== 命令队列统计 ========
2026-05-26 10:59:38.641 [INFO] main.cpp:379 -   已提交: 0  已执行: 0  成功: 0  失败: 0
2026-05-26 10:59:38.641 [INFO] main.cpp:384 -   队列大小: 0  平均耗时: 0.0ms
2026-05-26 10:59:39.642 [INFO] main.cpp:352 - ======== 总线统计 ========
2026-05-26 10:59:39.642 [INFO] main.cpp:353 -   总事务数:     200
2026-05-26 10:59:39.642 [INFO] main.cpp:354 -   总错误数:     180
2026-05-26 10:59:39.642 [INFO] main.cpp:355 -   发送字节数:   1600
2026-05-26 10:59:39.642 [INFO] main.cpp:356 -   接收字节数:   0
2026-05-26 10:59:39.642 [INFO] main.cpp:357 -   平均延迟:     0.00 ms
2026-05-26 10:59:39.642 [INFO] main.cpp:358 -   最大延迟:     0.00 ms
2026-05-26 10:59:39.642 [INFO] main.cpp:359 -   总线争用次数: 0
2026-05-26 10:59:39.643 [INFO] main.cpp:368 - ======== 轮询统计 ========
2026-05-26 10:59:39.643 [INFO] main.cpp:369 -   任务组数:     20
2026-05-26 10:59:39.643 [INFO] main.cpp:370 -   成功事务:     0
2026-05-26 10:59:39.643 [INFO] main.cpp:371 -   失败事务:     180
2026-05-26 10:59:39.643 [INFO] main.cpp:373 -   成功率:       0.0%
2026-05-26 10:59:39.643 [INFO] main.cpp:378 - ======== 命令队列统计 ========
2026-05-26 10:59:39.643 [INFO] main.cpp:379 -   已提交: 0  已执行: 0  成功: 0  失败: 0
2026-05-26 10:59:39.643 [INFO] main.cpp:384 -   队列大小: 0  平均耗时: 0.0ms
2026-05-26 10:59:40.644 [INFO] main.cpp:352 - ======== 总线统计 ========
2026-05-26 10:59:40.644 [INFO] main.cpp:353 -   总事务数:     200
2026-05-26 10:59:40.644 [INFO] main.cpp:354 -   总错误数:     200
2026-05-26 10:59:40.644 [INFO] main.cpp:355 -   发送字节数:   1600
2026-05-26 10:59:40.644 [INFO] main.cpp:356 -   接收字节数:   0
2026-05-26 10:59:40.644 [INFO] main.cpp:357 -   平均延迟:     0.00 ms
2026-05-26 10:59:40.644 [INFO] main.cpp:358 -   最大延迟:     0.00 ms
2026-05-26 10:59:40.644 [INFO] main.cpp:359 -   总线争用次数: 0
2026-05-26 10:59:40.644 [INFO] main.cpp:368 - ======== 轮询统计 ========
2026-05-26 10:59:40.645 [INFO] main.cpp:369 -   任务组数:     20
2026-05-26 10:59:40.645 [INFO] main.cpp:370 -   成功事务:     0
2026-05-26 10:59:40.645 [INFO] main.cpp:371 -   失败事务:     200
2026-05-26 10:59:40.645 [INFO] main.cpp:373 -   成功率:       0.0%
2026-05-26 10:59:40.645 [INFO] main.cpp:378 - ======== 命令队列统计 ========
2026-05-26 10:59:40.645 [INFO] main.cpp:379 -   已提交: 0  已执行: 0  成功: 0  失败: 0
2026-05-26 10:59:40.645 [INFO] main.cpp:384 -   队列大小: 0  平均耗时: 0.0ms
2026-05-26 10:59:41.646 [INFO] main.cpp:352 - ======== 总线统计 ========
2026-05-26 10:59:41.646 [INFO] main.cpp:353 -   总事务数:     200
2026-05-26 10:59:41.646 [INFO] main.cpp:354 -   总错误数:     200
2026-05-26 10:59:41.646 [INFO] main.cpp:355 -   发送字节数:   1600
2026-05-26 10:59:41.646 [INFO] main.cpp:356 -   接收字节数:   0
2026-05-26 10:59:41.646 [INFO] main.cpp:357 -   平均延迟:     0.00 ms
2026-05-26 10:59:41.646 [INFO] main.cpp:358 -   最大延迟:     0.00 ms
2026-05-26 10:59:41.646 [INFO] main.cpp:359 -   总线争用次数: 0
2026-05-26 10:59:41.646 [INFO] main.cpp:368 - ======== 轮询统计 ========
2026-05-26 10:59:41.646 [INFO] main.cpp:369 -   任务组数:     20
2026-05-26 10:59:41.647 [INFO] main.cpp:370 -   成功事务:     0
2026-05-26 10:59:41.647 [INFO] main.cpp:371 -   失败事务:     200
2026-05-26 10:59:41.647 [INFO] main.cpp:373 -   成功率:       0.0%
2026-05-26 10:59:41.647 [INFO] main.cpp:378 - ======== 命令队列统计 ========
2026-05-26 10:59:41.647 [INFO] main.cpp:379 -   已提交: 0  已执行: 0  成功: 0  失败: 0
2026-05-26 10:59:41.647 [INFO] main.cpp:384 -   队列大小: 0  平均耗时: 0.0ms
2026-05-26 10:59:42.647 [INFO] main.cpp:352 - ======== 总线统计 ========
2026-05-26 10:59:42.648 [INFO] main.cpp:353 -   总事务数:     200
2026-05-26 10:59:42.648 [INFO] main.cpp:354 -   总错误数:     200
2026-05-26 10:59:42.648 [INFO] main.cpp:355 -   发送字节数:   1600
2026-05-26 10:59:42.648 [INFO] main.cpp:356 -   接收字节数:   0
2026-05-26 10:59:42.648 [INFO] main.cpp:357 -   平均延迟:     0.00 ms
2026-05-26 10:59:42.648 [INFO] main.cpp:358 -   最大延迟:     0.00 ms
2026-05-26 10:59:42.648 [INFO] main.cpp:359 -   总线争用次数: 0
2026-05-26 10:59:42.648 [INFO] main.cpp:368 - ======== 轮询统计 ========
2026-05-26 10:59:42.648 [INFO] main.cpp:369 -   任务组数:     20
2026-05-26 10:59:42.648 [INFO] main.cpp:370 -   成功事务:     0
2026-05-26 10:59:42.648 [INFO] main.cpp:371 -   失败事务:     200
2026-05-26 10:59:42.648 [INFO] main.cpp:373 -   成功率:       0.0%
2026-05-26 10:59:42.648 [INFO] main.cpp:378 - ======== 命令队列统计 ========
2026-05-26 10:59:42.648 [INFO] main.cpp:379 -   已提交: 0  已执行: 0  成功: 0  失败: 0
2026-05-26 10:59:42.648 [INFO] main.cpp:384 -   队列大小: 0  平均耗时: 0.0ms
2026-05-26 10:59:43.649 [INFO] main.cpp:352 - ======== 总线统计 ========
2026-05-26 10:59:43.649 [INFO] main.cpp:353 -   总事务数:     220
2026-05-26 10:59:43.649 [INFO] main.cpp:354 -   总错误数:     200
2026-05-26 10:59:43.649 [INFO] main.cpp:355 -   发送字节数:   1600
2026-05-26 10:59:43.649 [INFO] main.cpp:356 -   接收字节数:   0
2026-05-26 10:59:43.649 [INFO] main.cpp:357 -   平均延迟:     0.00 ms
2026-05-26 10:59:43.649 [INFO] main.cpp:358 -   最大延迟:     0.00 ms
2026-05-26 10:59:43.649 [INFO] main.cpp:359 -   总线争用次数: 0
2026-05-26 10:59:43.649 [INFO] main.cpp:368 - ======== 轮询统计 ========
2026-05-26 10:59:43.649 [INFO] main.cpp:369 -   任务组数:     20
2026-05-26 10:59:43.649 [INFO] main.cpp:370 -   成功事务:     0
2026-05-26 10:59:43.649 [INFO] main.cpp:371 -   失败事务:     200
2026-05-26 10:59:43.649 [INFO] main.cpp:373 -   成功率:       0.0%
2026-05-26 10:59:43.649 [INFO] main.cpp:378 - ======== 命令队列统计 ========
2026-05-26 10:59:43.649 [INFO] main.cpp:379 -   已提交: 0  已执行: 0  成功: 0  失败: 0
2026-05-26 10:59:43.650 [INFO] main.cpp:384 -   队列大小: 0  平均耗时: 0.0ms
2026-05-26 10:59:44.651 [INFO] main.cpp:352 - ======== 总线统计 ========
2026-05-26 10:59:44.651 [INFO] main.cpp:353 -   总事务数:     220
2026-05-26 10:59:44.651 [INFO] main.cpp:354 -   总错误数:     200
2026-05-26 10:59:44.651 [INFO] main.cpp:355 -   发送字节数:   1760
2026-05-26 10:59:44.651 [INFO] main.cpp:356 -   接收字节数:   0
2026-05-26 10:59:44.651 [INFO] main.cpp:357 -   平均延迟:     0.00 ms
2026-05-26 10:59:44.651 [INFO] main.cpp:358 -   最大延迟:     0.00 ms
2026-05-26 10:59:44.651 [INFO] main.cpp:359 -   总线争用次数: 0
2026-05-26 10:59:44.651 [INFO] main.cpp:368 - ======== 轮询统计 ========
2026-05-26 10:59:44.651 [INFO] main.cpp:369 -   任务组数:     20
2026-05-26 10:59:44.651 [INFO] main.cpp:370 -   成功事务:     0
2026-05-26 10:59:44.651 [INFO] main.cpp:371 -   失败事务:     200
2026-05-26 10:59:44.651 [INFO] main.cpp:373 -   成功率:       0.0%
2026-05-26 10:59:44.651 [INFO] main.cpp:378 - ======== 命令队列统计 ========
2026-05-26 10:59:44.651 [INFO] main.cpp:379 -   已提交: 0  已执行: 0  成功: 0  失败: 0
2026-05-26 10:59:44.652 [INFO] main.cpp:384 -   队列大小: 0  平均耗时: 0.0ms
2026-05-26 10:59:45.653 [INFO] main.cpp:352 - ======== 总线统计 ========
2026-05-26 10:59:45.653 [INFO] main.cpp:353 -   总事务数:     220
2026-05-26 10:59:45.653 [INFO] main.cpp:354 -   总错误数:     220
2026-05-26 10:59:45.653 [INFO] main.cpp:355 -   发送字节数:   1760
2026-05-26 10:59:45.653 [INFO] main.cpp:356 -   接收字节数:   0
2026-05-26 10:59:45.653 [INFO] main.cpp:357 -   平均延迟:     0.00 ms
2026-05-26 10:59:45.653 [INFO] main.cpp:358 -   最大延迟:     0.00 ms
2026-05-26 10:59:45.653 [INFO] main.cpp:359 -   总线争用次数: 0
2026-05-26 10:59:45.653 [INFO] main.cpp:368 - ======== 轮询统计 ========
2026-05-26 10:59:45.653 [INFO] main.cpp:369 -   任务组数:     20
2026-05-26 10:59:45.653 [INFO] main.cpp:370 -   成功事务:     0
2026-05-26 10:59:45.653 [INFO] main.cpp:371 -   失败事务:     220
2026-05-26 10:59:45.653 [INFO] main.cpp:373 -   成功率:       0.0%
2026-05-26 10:59:45.653 [INFO] main.cpp:378 - ======== 命令队列统计 ========
2026-05-26 10:59:45.653 [INFO] main.cpp:379 -   已提交: 0  已执行: 0  成功: 0  失败: 0
2026-05-26 10:59:45.653 [INFO] main.cpp:384 -   队列大小: 0  平均耗时: 0.0ms
2026-05-26 10:59:46.654 [INFO] main.cpp:352 - ======== 总线统计 ========
2026-05-26 10:59:46.654 [INFO] main.cpp:353 -   总事务数:     220
2026-05-26 10:59:46.654 [INFO] main.cpp:354 -   总错误数:     220
2026-05-26 10:59:46.655 [INFO] main.cpp:355 -   发送字节数:   1760
2026-05-26 10:59:46.655 [INFO] main.cpp:356 -   接收字节数:   0
2026-05-26 10:59:46.655 [INFO] main.cpp:357 -   平均延迟:     0.00 ms
2026-05-26 10:59:46.655 [INFO] main.cpp:358 -   最大延迟:     0.00 ms
2026-05-26 10:59:46.655 [INFO] main.cpp:359 -   总线争用次数: 0
2026-05-26 10:59:46.655 [INFO] main.cpp:368 - ======== 轮询统计 ========
2026-05-26 10:59:46.655 [INFO] main.cpp:369 -   任务组数:     20
2026-05-26 10:59:46.655 [INFO] main.cpp:370 -   成功事务:     0
2026-05-26 10:59:46.655 [INFO] main.cpp:371 -   失败事务:     220
2026-05-26 10:59:46.655 [INFO] main.cpp:373 -   成功率:       0.0%
2026-05-26 10:59:46.655 [INFO] main.cpp:378 - ======== 命令队列统计 ========
2026-05-26 10:59:46.655 [INFO] main.cpp:379 -   已提交: 0  已执行: 0  成功: 0  失败: 0
2026-05-26 10:59:46.655 [INFO] main.cpp:384 -   队列大小: 0  平均耗时: 0.0ms
2026-05-26 10:59:47.656 [INFO] main.cpp:352 - ======== 总线统计 ========
2026-05-26 10:59:47.656 [INFO] main.cpp:353 -   总事务数:     220
2026-05-26 10:59:47.656 [INFO] main.cpp:354 -   总错误数:     220
2026-05-26 10:59:47.657 [INFO] main.cpp:355 -   发送字节数:   1760
2026-05-26 10:59:47.657 [INFO] main.cpp:356 -   接收字节数:   0
2026-05-26 10:59:47.657 [INFO] main.cpp:357 -   平均延迟:     0.00 ms
2026-05-26 10:59:47.657 [INFO] main.cpp:358 -   最大延迟:     0.00 ms
2026-05-26 10:59:47.657 [INFO] main.cpp:359 -   总线争用次数: 0
2026-05-26 10:59:47.657 [INFO] main.cpp:368 - ======== 轮询统计 ========
2026-05-26 10:59:47.657 [INFO] main.cpp:369 -   任务组数:     20
2026-05-26 10:59:47.657 [INFO] main.cpp:370 -   成功事务:     0
2026-05-26 10:59:47.657 [INFO] main.cpp:371 -   失败事务:     220
2026-05-26 10:59:47.657 [INFO] main.cpp:373 -   成功率:       0.0%
2026-05-26 10:59:47.657 [INFO] main.cpp:378 - ======== 命令队列统计 ========
2026-05-26 10:59:47.657 [INFO] main.cpp:379 -   已提交: 0  已执行: 0  成功: 0  失败: 0
2026-05-26 10:59:47.657 [INFO] main.cpp:384 -   队列大小: 0  平均耗时: 0.0ms
2026-05-26 10:59:48.658 [INFO] main.cpp:352 - ======== 总线统计 ========
2026-05-26 10:59:48.658 [INFO] main.cpp:353 -   总事务数:     240
2026-05-26 10:59:48.658 [INFO] main.cpp:354 -   总错误数:     220
2026-05-26 10:59:48.658 [INFO] main.cpp:355 -   发送字节数:   1864
2026-05-26 10:59:48.658 [INFO] main.cpp:356 -   接收字节数:   0
2026-05-26 10:59:48.659 [INFO] main.cpp:357 -   平均延迟:     0.00 ms
2026-05-26 10:59:48.659 [INFO] main.cpp:358 -   最大延迟:     0.00 ms
2026-05-26 10:59:48.659 [INFO] main.cpp:359 -   总线争用次数: 0
2026-05-26 10:59:48.659 [INFO] main.cpp:368 - ======== 轮询统计 ========
2026-05-26 10:59:48.659 [INFO] main.cpp:369 -   任务组数:     20
2026-05-26 10:59:48.659 [INFO] main.cpp:370 -   成功事务:     0
2026-05-26 10:59:48.659 [INFO] main.cpp:371 -   失败事务:     220
2026-05-26 10:59:48.659 [INFO] main.cpp:373 -   成功率:       0.0%
2026-05-26 10:59:48.659 [INFO] main.cpp:378 - ======== 命令队列统计 ========
2026-05-26 10:59:48.659 [INFO] main.cpp:379 -   已提交: 0  已执行: 0  成功: 0  失败: 0
2026-05-26 10:59:48.659 [INFO] main.cpp:384 -   队列大小: 0  平均耗时: 0.0ms
2026-05-26 10:59:49.660 [INFO] main.cpp:352 - ======== 总线统计 ========
2026-05-26 10:59:49.660 [INFO] main.cpp:353 -   总事务数:     240
2026-05-26 10:59:49.660 [INFO] main.cpp:354 -   总错误数:     233
2026-05-26 10:59:49.660 [INFO] main.cpp:355 -   发送字节数:   1920
2026-05-26 10:59:49.660 [INFO] main.cpp:356 -   接收字节数:   0
2026-05-26 10:59:49.660 [INFO] main.cpp:357 -   平均延迟:     0.00 ms
2026-05-26 10:59:49.660 [INFO] main.cpp:358 -   最大延迟:     0.00 ms
2026-05-26 10:59:49.660 [INFO] main.cpp:359 -   总线争用次数: 0
2026-05-26 10:59:49.660 [INFO] main.cpp:368 - ======== 轮询统计 ========
2026-05-26 10:59:49.660 [INFO] main.cpp:369 -   任务组数:     20
2026-05-26 10:59:49.660 [INFO] main.cpp:370 -   成功事务:     0
2026-05-26 10:59:49.661 [INFO] main.cpp:371 -   失败事务:     233
2026-05-26 10:59:49.661 [INFO] main.cpp:373 -   成功率:       0.0%
2026-05-26 10:59:49.661 [INFO] main.cpp:378 - ======== 命令队列统计 ========
2026-05-26 10:59:49.661 [INFO] main.cpp:379 -   已提交: 0  已执行: 0  成功: 0  失败: 0
2026-05-26 10:59:49.661 [INFO] main.cpp:384 -   队列大小: 0  平均耗时: 0.0ms
2026-05-26 10:59:50.661 [INFO] main.cpp:352 - ======== 总线统计 ========
2026-05-26 10:59:50.661 [INFO] main.cpp:353 -   总事务数:     240
2026-05-26 10:59:50.661 [INFO] main.cpp:354 -   总错误数:     240
2026-05-26 10:59:50.661 [INFO] main.cpp:355 -   发送字节数:   1920
2026-05-26 10:59:50.661 [INFO] main.cpp:356 -   接收字节数:   0
2026-05-26 10:59:50.661 [INFO] main.cpp:357 -   平均延迟:     0.00 ms
2026-05-26 10:59:50.661 [INFO] main.cpp:358 -   最大延迟:     0.00 ms
2026-05-26 10:59:50.661 [INFO] main.cpp:359 -   总线争用次数: 0
2026-05-26 10:59:50.661 [INFO] main.cpp:368 - ======== 轮询统计 ========
2026-05-26 10:59:50.661 [INFO] main.cpp:369 -   任务组数:     20
2026-05-26 10:59:50.661 [INFO] main.cpp:370 -   成功事务:     0
2026-05-26 10:59:50.662 [INFO] main.cpp:371 -   失败事务:     240
2026-05-26 10:59:50.662 [INFO] main.cpp:373 -   成功率:       0.0%
2026-05-26 10:59:50.662 [INFO] main.cpp:378 - ======== 命令队列统计 ========
2026-05-26 10:59:50.662 [INFO] main.cpp:379 -   已提交: 0  已执行: 0  成功: 0  失败: 0
2026-05-26 10:59:50.662 [INFO] main.cpp:384 -   队列大小: 0  平均耗时: 0.0ms
2026-05-26 10:59:51.663 [INFO] main.cpp:352 - ======== 总线统计 ========
2026-05-26 10:59:51.663 [INFO] main.cpp:353 -   总事务数:     240
2026-05-26 10:59:51.663 [INFO] main.cpp:354 -   总错误数:     240
2026-05-26 10:59:51.663 [INFO] main.cpp:355 -   发送字节数:   1920
2026-05-26 10:59:51.663 [INFO] main.cpp:356 -   接收字节数:   0
2026-05-26 10:59:51.663 [INFO] main.cpp:357 -   平均延迟:     0.00 ms
2026-05-26 10:59:51.663 [INFO] main.cpp:358 -   最大延迟:     0.00 ms
2026-05-26 10:59:51.663 [INFO] main.cpp:359 -   总线争用次数: 0
2026-05-26 10:59:51.663 [INFO] main.cpp:368 - ======== 轮询统计 ========
2026-05-26 10:59:51.663 [INFO] main.cpp:369 -   任务组数:     20
2026-05-26 10:59:51.663 [INFO] main.cpp:370 -   成功事务:     0
2026-05-26 10:59:51.663 [INFO] main.cpp:371 -   失败事务:     240
2026-05-26 10:59:51.663 [INFO] main.cpp:373 -   成功率:       0.0%
2026-05-26 10:59:51.663 [INFO] main.cpp:378 - ======== 命令队列统计 ========
2026-05-26 10:59:51.664 [INFO] main.cpp:379 -   已提交: 0  已执行: 0  成功: 0  失败: 0
2026-05-26 10:59:51.664 [INFO] main.cpp:384 -   队列大小: 0  平均耗时: 0.0ms
2026-05-26 10:59:52.664 [INFO] main.cpp:352 - ======== 总线统计 ========
2026-05-26 10:59:52.664 [INFO] main.cpp:353 -   总事务数:     240
2026-05-26 10:59:52.664 [INFO] main.cpp:354 -   总错误数:     240
2026-05-26 10:59:52.664 [INFO] main.cpp:355 -   发送字节数:   1920
2026-05-26 10:59:52.665 [INFO] main.cpp:356 -   接收字节数:   0
2026-05-26 10:59:52.665 [INFO] main.cpp:357 -   平均延迟:     0.00 ms
2026-05-26 10:59:52.665 [INFO] main.cpp:358 -   最大延迟:     0.00 ms
2026-05-26 10:59:52.665 [INFO] main.cpp:359 -   总线争用次数: 0
2026-05-26 10:59:52.665 [INFO] main.cpp:368 - ======== 轮询统计 ========
2026-05-26 10:59:52.665 [INFO] main.cpp:369 -   任务组数:     20
2026-05-26 10:59:52.665 [INFO] main.cpp:370 -   成功事务:     0
2026-05-26 10:59:52.665 [INFO] main.cpp:371 -   失败事务:     240
2026-05-26 10:59:52.665 [INFO] main.cpp:373 -   成功率:       0.0%
2026-05-26 10:59:52.665 [INFO] main.cpp:378 - ======== 命令队列统计 ========
2026-05-26 10:59:52.665 [INFO] main.cpp:379 -   已提交: 0  已执行: 0  成功: 0  失败: 0
2026-05-26 10:59:52.665 [INFO] main.cpp:384 -   队列大小: 0  平均耗时: 0.0ms
2026-05-26 10:59:53.669 [INFO] main.cpp:352 - ======== 总线统计 ========
2026-05-26 10:59:53.670 [INFO] main.cpp:353 -   总事务数:     260
2026-05-26 10:59:53.670 [INFO] main.cpp:354 -   总错误数:     240
2026-05-26 10:59:53.670 [INFO] main.cpp:355 -   发送字节数:   2056
2026-05-26 10:59:53.670 [INFO] main.cpp:356 -   接收字节数:   0
2026-05-26 10:59:53.670 [INFO] main.cpp:357 -   平均延迟:     0.00 ms
2026-05-26 10:59:53.670 [INFO] main.cpp:358 -   最大延迟:     0.00 ms
2026-05-26 10:59:53.670 [INFO] main.cpp:359 -   总线争用次数: 0
2026-05-26 10:59:53.670 [INFO] main.cpp:368 - ======== 轮询统计 ========
2026-05-26 10:59:53.670 [INFO] main.cpp:369 -   任务组数:     20
2026-05-26 10:59:53.670 [INFO] main.cpp:370 -   成功事务:     0
2026-05-26 10:59:53.670 [INFO] main.cpp:371 -   失败事务:     240
2026-05-26 10:59:53.670 [INFO] main.cpp:373 -   成功率:       0.0%
2026-05-26 10:59:53.670 [INFO] main.cpp:378 - ======== 命令队列统计 ========
2026-05-26 10:59:53.670 [INFO] main.cpp:379 -   已提交: 0  已执行: 0  成功: 0  失败: 0
2026-05-26 10:59:53.670 [INFO] main.cpp:384 -   队列大小: 0  平均耗时: 0.0ms
2026-05-26 10:59:54.671 [INFO] main.cpp:352 - ======== 总线统计 ========
2026-05-26 10:59:54.671 [INFO] main.cpp:353 -   总事务数:     260
2026-05-26 10:59:54.671 [INFO] main.cpp:354 -   总错误数:     257
2026-05-26 10:59:54.671 [INFO] main.cpp:355 -   发送字节数:   2080
2026-05-26 10:59:54.671 [INFO] main.cpp:356 -   接收字节数:   0
2026-05-26 10:59:54.671 [INFO] main.cpp:357 -   平均延迟:     0.00 ms
2026-05-26 10:59:54.671 [INFO] main.cpp:358 -   最大延迟:     0.00 ms
2026-05-26 10:59:54.671 [INFO] main.cpp:359 -   总线争用次数: 0
2026-05-26 10:59:54.671 [INFO] main.cpp:368 - ======== 轮询统计 ========
2026-05-26 10:59:54.671 [INFO] main.cpp:369 -   任务组数:     20
2026-05-26 10:59:54.671 [INFO] main.cpp:370 -   成功事务:     0
2026-05-26 10:59:54.671 [INFO] main.cpp:371 -   失败事务:     257
2026-05-26 10:59:54.671 [INFO] main.cpp:373 -   成功率:       0.0%
2026-05-26 10:59:54.672 [INFO] main.cpp:378 - ======== 命令队列统计 ========
2026-05-26 10:59:54.672 [INFO] main.cpp:379 -   已提交: 0  已执行: 0  成功: 0  失败: 0
2026-05-26 10:59:54.672 [INFO] main.cpp:384 -   队列大小: 0  平均耗时: 0.0ms
2026-05-26 10:59:55.673 [INFO] main.cpp:352 - ======== 总线统计 ========
2026-05-26 10:59:55.673 [INFO] main.cpp:353 -   总事务数:     260
2026-05-26 10:59:55.673 [INFO] main.cpp:354 -   总错误数:     260
2026-05-26 10:59:55.673 [INFO] main.cpp:355 -   发送字节数:   2080
2026-05-26 10:59:55.673 [INFO] main.cpp:356 -   接收字节数:   0
2026-05-26 10:59:55.673 [INFO] main.cpp:357 -   平均延迟:     0.00 ms
2026-05-26 10:59:55.673 [INFO] main.cpp:358 -   最大延迟:     0.00 ms
2026-05-26 10:59:55.673 [INFO] main.cpp:359 -   总线争用次数: 0
2026-05-26 10:59:55.673 [INFO] main.cpp:368 - ======== 轮询统计 ========
2026-05-26 10:59:55.673 [INFO] main.cpp:369 -   任务组数:     20
2026-05-26 10:59:55.673 [INFO] main.cpp:370 -   成功事务:     0
2026-05-26 10:59:55.673 [INFO] main.cpp:371 -   失败事务:     260
2026-05-26 10:59:55.673 [INFO] main.cpp:373 -   成功率:       0.0%
2026-05-26 10:59:55.673 [INFO] main.cpp:378 - ======== 命令队列统计 ========
2026-05-26 10:59:55.673 [INFO] main.cpp:379 -   已提交: 0  已执行: 0  成功: 0  失败: 0
2026-05-26 10:59:55.673 [INFO] main.cpp:384 -   队列大小: 0  平均耗时: 0.0ms
2026-05-26 10:59:56.675 [INFO] main.cpp:352 - ======== 总线统计 ========
2026-05-26 10:59:56.675 [INFO] main.cpp:353 -   总事务数:     260
2026-05-26 10:59:56.675 [INFO] main.cpp:354 -   总错误数:     260
2026-05-26 10:59:56.675 [INFO] main.cpp:355 -   发送字节数:   2080
2026-05-26 10:59:56.675 [INFO] main.cpp:356 -   接收字节数:   0
2026-05-26 10:59:56.675 [INFO] main.cpp:357 -   平均延迟:     0.00 ms
2026-05-26 10:59:56.675 [INFO] main.cpp:358 -   最大延迟:     0.00 ms
2026-05-26 10:59:56.675 [INFO] main.cpp:359 -   总线争用次数: 0
2026-05-26 10:59:56.675 [INFO] main.cpp:368 - ======== 轮询统计 ========
2026-05-26 10:59:56.675 [INFO] main.cpp:369 -   任务组数:     20
2026-05-26 10:59:56.675 [INFO] main.cpp:370 -   成功事务:     0
2026-05-26 10:59:56.675 [INFO] main.cpp:371 -   失败事务:     260
2026-05-26 10:59:56.675 [INFO] main.cpp:373 -   成功率:       0.0%
2026-05-26 10:59:56.675 [INFO] main.cpp:378 - ======== 命令队列统计 ========
2026-05-26 10:59:56.675 [INFO] main.cpp:379 -   已提交: 0  已执行: 0  成功: 0  失败: 0
2026-05-26 10:59:56.675 [INFO] main.cpp:384 -   队列大小: 0  平均耗时: 0.0ms
2026-05-26 10:59:56.756 [INFO] main.cpp:392 - 正在停止 Web 服务器...
2026-05-26 10:59:57.542 [INFO] main.cpp:395 - 正在停止所有应用...
2026-05-26 10:59:57.542 [INFO] main.cpp:398 - 正在停止命令队列...
2026-05-26 10:59:57.542 [INFO] command_queue.cpp:307 - 命令处理线程 #0 已退出
2026-05-26 10:59:57.542 [INFO] command_queue.cpp:59 - 命令队列已停止
2026-05-26 10:59:57.542 [INFO] main.cpp:402 - 正在关闭串口...
2026-05-26 10:59:57.543 [INFO] main.cpp:405 - 正在停止轮询...
2026-05-26 10:59:57.575 [INFO] main.cpp:410 - ======== 最终统计 ========
2026-05-26 10:59:57.575 [INFO] main.cpp:411 -   总事务数:     260
2026-05-26 10:59:57.575 [INFO] main.cpp:412 -   总错误数:     260
2026-05-26 10:59:57.575 [INFO] main.cpp:413 -   成功率:       0.0%
2026-05-26 10:59:57.575 [INFO] main.cpp:417 -   平均延迟:     0.00 ms
2026-05-26 10:59:57.575 [INFO] main.cpp:418 -   最大延迟:     0.00 ms
2026-05-26 10:59:57.575 [INFO] main.cpp:419 - === 系统退出 ===

======================================================
  日志系统关闭: 2026-05-26 10:59:57.575
======================================================
