======================================================
  日志系统启动: 2026-05-26 09:39:21.547
  日志文件: ./logs/gateway_20260526_093921.log
  最大文件数: 50
  最低级别: INFO
======================================================
2026-05-26 09:39:21.547 [INFO] main.cpp:171 - === 系统启动 ===
2026-05-26 09:39:21.547 [INFO] main.cpp:172 - 串口: /dev/ttyS9, 波特率: 9600, 工作线程: 4
2026-05-26 09:39:21.547 [INFO] main.cpp:176 - 所有设备已初始化
2026-05-26 09:39:21.548 [INFO] app_security.cpp:40 - 初始化...
2026-05-26 09:39:21.548 [INFO] app_security.cpp:47 - 启动, 路由前缀: /security
2026-05-26 09:39:21.548 [INFO] main.cpp:183 - 应用管理器已启动, 注册了 1 个应用
2026-05-26 09:39:21.548 [INFO] main.cpp:188 - Web 服务器已启动
2026-05-26 09:39:21.548 [INFO] main.cpp:193 - 初始化串口总线: /dev/ttyS9 @ 9600 baud
2026-05-26 09:39:21.548 [INFO] command_queue.cpp:38 - 命令队列启动, 工作线程数: 1
2026-05-26 09:39:21.548 [INFO] main.cpp:211 - 串口总线已就绪, 工作线程数: 4
2026-05-26 09:39:21.548 [INFO] command_queue.cpp:228 - 命令处理线程 #0 已启动
2026-05-26 09:39:21.548 [INFO] main.cpp:310 - 共 20 个轮询任务:
2026-05-26 09:39:21.548 [INFO] main.cpp:313 -   [1] PM2.5传感器 - PM2.5 (间隔: 5000 ms)
2026-05-26 09:39:21.548 [INFO] main.cpp:313 -   [2] PM10传感器 - PM10 (间隔: 5000 ms)
2026-05-26 09:39:21.548 [INFO] main.cpp:313 -   [3] 湿度传感器 - 湿度 (间隔: 5000 ms)
2026-05-26 09:39:21.548 [INFO] main.cpp:313 -   [4] 温度传感器 - 温度 (间隔: 5000 ms)
2026-05-26 09:39:21.549 [INFO] main.cpp:313 -   [5] TVOC传感器 - TVOC (间隔: 5000 ms)
2026-05-26 09:39:21.549 [INFO] main.cpp:313 -   [6] 甲醛传感器 - 甲醛 (间隔: 5000 ms)
2026-05-26 09:39:21.549 [INFO] main.cpp:313 -   [7] 臭氧传感器 - 臭氧 (间隔: 5000 ms)
2026-05-26 09:39:21.549 [INFO] main.cpp:313 -   [8] CO2传感器 - CO2 (间隔: 5000 ms)
2026-05-26 09:39:21.549 [INFO] main.cpp:313 -   [9] 烟雾报警器 - 报警状态 (间隔: 5000 ms)
2026-05-26 09:39:21.549 [INFO] main.cpp:313 -   [10] 恒湿净化一体机 - 环境数据 (间隔: 5000 ms)
2026-05-26 09:39:21.549 [INFO] main.cpp:313 -   [11] 恒湿净化一体机 - 电源状态 (间隔: 5000 ms)
2026-05-26 09:39:21.549 [INFO] main.cpp:313 -   [12] 恒湿净化一体机 - 故障状态 (间隔: 5000 ms)
2026-05-26 09:39:21.549 [INFO] main.cpp:313 -   [13] 报警装置 - 状态 (间隔: 5000 ms)
2026-05-26 09:39:21.549 [INFO] main.cpp:313 -   [14] 水浸传感器 - 浸水状态 (间隔: 5000 ms)
2026-05-26 09:39:21.549 [INFO] main.cpp:313 -   [15] 红外探测器 - 红外状态 (间隔: 5000 ms)
2026-05-26 09:39:21.549 [INFO] main.cpp:313 -   [16] 红外探测器 - 雷达状态 (间隔: 5000 ms)
2026-05-26 09:39:21.549 [INFO] main.cpp:313 -   [17] 霉菌空气净化机 - 环境数据 (间隔: 5000 ms)
2026-05-26 09:39:21.549 [INFO] main.cpp:313 -   [18] 霉菌空气净化机 - 运行模式 (间隔: 5000 ms)
2026-05-26 09:39:21.549 [INFO] main.cpp:313 -   [19] 霉菌空气净化机 - 电源状态 (间隔: 5000 ms)
2026-05-26 09:39:21.549 [INFO] main.cpp:313 -   [20] 弱光检测传感器 - 光照度 (间隔: 5000 ms)
2026-05-26 09:39:21.552 [INFO] main.cpp:330 - 多线程轮询已启动, 按 Ctrl+C 退出
2026-05-26 09:39:22.553 [INFO] main.cpp:352 - ======== 总线统计 ========
2026-05-26 09:39:22.553 [INFO] main.cpp:353 -   总事务数:     20
2026-05-26 09:39:22.553 [INFO] main.cpp:354 -   总错误数:     0
2026-05-26 09:39:22.553 [INFO] main.cpp:355 -   发送字节数:   160
2026-05-26 09:39:22.553 [INFO] main.cpp:356 -   接收字节数:   0
2026-05-26 09:39:22.553 [INFO] main.cpp:357 -   平均延迟:     0.00 ms
2026-05-26 09:39:22.553 [INFO] main.cpp:358 -   最大延迟:     0.00 ms
2026-05-26 09:39:22.553 [INFO] main.cpp:359 -   总线争用次数: 0
2026-05-26 09:39:22.554 [INFO] main.cpp:368 - ======== 轮询统计 ========
2026-05-26 09:39:22.554 [INFO] main.cpp:369 -   任务组数:     20
2026-05-26 09:39:22.554 [INFO] main.cpp:370 -   成功事务:     0
2026-05-26 09:39:22.554 [INFO] main.cpp:371 -   失败事务:     0
2026-05-26 09:39:22.554 [INFO] main.cpp:378 - ======== 命令队列统计 ========
2026-05-26 09:39:22.554 [INFO] main.cpp:379 -   已提交: 0  已执行: 0  成功: 0  失败: 0
2026-05-26 09:39:22.554 [INFO] main.cpp:384 -   队列大小: 0  平均耗时: 0.0ms
2026-05-26 09:39:23.555 [INFO] main.cpp:352 - ======== 总线统计 ========
2026-05-26 09:39:23.555 [INFO] main.cpp:353 -   总事务数:     20
2026-05-26 09:39:23.556 [INFO] main.cpp:354 -   总错误数:     20
2026-05-26 09:39:23.556 [INFO] main.cpp:355 -   发送字节数:   160
2026-05-26 09:39:23.556 [INFO] main.cpp:356 -   接收字节数:   0
2026-05-26 09:39:23.556 [INFO] main.cpp:357 -   平均延迟:     0.00 ms
2026-05-26 09:39:23.556 [INFO] main.cpp:358 -   最大延迟:     0.00 ms
2026-05-26 09:39:23.557 [INFO] main.cpp:359 -   总线争用次数: 0
2026-05-26 09:39:23.557 [INFO] main.cpp:368 - ======== 轮询统计 ========
2026-05-26 09:39:23.557 [INFO] main.cpp:369 -   任务组数:     20
2026-05-26 09:39:23.557 [INFO] main.cpp:370 -   成功事务:     0
2026-05-26 09:39:23.557 [INFO] main.cpp:371 -   失败事务:     20
2026-05-26 09:39:23.557 [INFO] main.cpp:373 -   成功率:       0.0%
2026-05-26 09:39:23.558 [INFO] main.cpp:378 - ======== 命令队列统计 ========
2026-05-26 09:39:23.558 [INFO] main.cpp:379 -   已提交: 0  已执行: 0  成功: 0  失败: 0
2026-05-26 09:39:23.558 [INFO] main.cpp:384 -   队列大小: 0  平均耗时: 0.0ms
2026-05-26 09:39:24.559 [INFO] main.cpp:352 - ======== 总线统计 ========
2026-05-26 09:39:24.559 [INFO] main.cpp:353 -   总事务数:     20
2026-05-26 09:39:24.559 [INFO] main.cpp:354 -   总错误数:     20
2026-05-26 09:39:24.559 [INFO] main.cpp:355 -   发送字节数:   160
2026-05-26 09:39:24.559 [INFO] main.cpp:356 -   接收字节数:   0
2026-05-26 09:39:24.559 [INFO] main.cpp:357 -   平均延迟:     0.00 ms
2026-05-26 09:39:24.559 [INFO] main.cpp:358 -   最大延迟:     0.00 ms
2026-05-26 09:39:24.559 [INFO] main.cpp:359 -   总线争用次数: 0
2026-05-26 09:39:24.559 [INFO] main.cpp:368 - ======== 轮询统计 ========
2026-05-26 09:39:24.559 [INFO] main.cpp:369 -   任务组数:     20
2026-05-26 09:39:24.559 [INFO] main.cpp:370 -   成功事务:     0
2026-05-26 09:39:24.559 [INFO] main.cpp:371 -   失败事务:     20
2026-05-26 09:39:24.559 [INFO] main.cpp:373 -   成功率:       0.0%
2026-05-26 09:39:24.559 [INFO] main.cpp:378 - ======== 命令队列统计 ========
2026-05-26 09:39:24.559 [INFO] main.cpp:379 -   已提交: 0  已执行: 0  成功: 0  失败: 0
2026-05-26 09:39:24.559 [INFO] main.cpp:384 -   队列大小: 0  平均耗时: 0.0ms
2026-05-26 09:39:25.560 [INFO] main.cpp:352 - ======== 总线统计 ========
2026-05-26 09:39:25.560 [INFO] main.cpp:353 -   总事务数:     20
2026-05-26 09:39:25.560 [INFO] main.cpp:354 -   总错误数:     20
2026-05-26 09:39:25.561 [INFO] main.cpp:355 -   发送字节数:   160
2026-05-26 09:39:25.561 [INFO] main.cpp:356 -   接收字节数:   0
2026-05-26 09:39:25.561 [INFO] main.cpp:357 -   平均延迟:     0.00 ms
2026-05-26 09:39:25.561 [INFO] main.cpp:358 -   最大延迟:     0.00 ms
2026-05-26 09:39:25.561 [INFO] main.cpp:359 -   总线争用次数: 0
2026-05-26 09:39:25.561 [INFO] main.cpp:368 - ======== 轮询统计 ========
2026-05-26 09:39:25.561 [INFO] main.cpp:369 -   任务组数:     20
2026-05-26 09:39:25.561 [INFO] main.cpp:370 -   成功事务:     0
2026-05-26 09:39:25.561 [INFO] main.cpp:371 -   失败事务:     20
2026-05-26 09:39:25.561 [INFO] main.cpp:373 -   成功率:       0.0%
2026-05-26 09:39:25.561 [INFO] main.cpp:378 - ======== 命令队列统计 ========
2026-05-26 09:39:25.561 [INFO] main.cpp:379 -   已提交: 0  已执行: 0  成功: 0  失败: 0
2026-05-26 09:39:25.561 [INFO] main.cpp:384 -   队列大小: 0  平均耗时: 0.0ms
2026-05-26 09:39:26.562 [INFO] main.cpp:352 - ======== 总线统计 ========
2026-05-26 09:39:26.562 [INFO] main.cpp:353 -   总事务数:     40
2026-05-26 09:39:26.562 [INFO] main.cpp:354 -   总错误数:     20
2026-05-26 09:39:26.562 [INFO] main.cpp:355 -   发送字节数:   160
2026-05-26 09:39:26.562 [INFO] main.cpp:356 -   接收字节数:   0
2026-05-26 09:39:26.562 [INFO] main.cpp:357 -   平均延迟:     0.00 ms
2026-05-26 09:39:26.562 [INFO] main.cpp:358 -   最大延迟:     0.00 ms
2026-05-26 09:39:26.562 [INFO] main.cpp:359 -   总线争用次数: 0
2026-05-26 09:39:26.562 [INFO] main.cpp:368 - ======== 轮询统计 ========
2026-05-26 09:39:26.562 [INFO] main.cpp:369 -   任务组数:     20
2026-05-26 09:39:26.562 [INFO] main.cpp:370 -   成功事务:     0
2026-05-26 09:39:26.562 [INFO] main.cpp:371 -   失败事务:     20
2026-05-26 09:39:26.562 [INFO] main.cpp:373 -   成功率:       0.0%
2026-05-26 09:39:26.562 [INFO] main.cpp:378 - ======== 命令队列统计 ========
2026-05-26 09:39:26.562 [INFO] main.cpp:379 -   已提交: 0  已执行: 0  成功: 0  失败: 0
2026-05-26 09:39:26.562 [INFO] main.cpp:384 -   队列大小: 0  平均耗时: 0.0ms
2026-05-26 09:39:27.563 [INFO] main.cpp:352 - ======== 总线统计 ========
2026-05-26 09:39:27.563 [INFO] main.cpp:353 -   总事务数:     40
2026-05-26 09:39:27.564 [INFO] main.cpp:354 -   总错误数:     20
2026-05-26 09:39:27.564 [INFO] main.cpp:355 -   发送字节数:   320
2026-05-26 09:39:27.564 [INFO] main.cpp:356 -   接收字节数:   0
2026-05-26 09:39:27.564 [INFO] main.cpp:357 -   平均延迟:     0.00 ms
2026-05-26 09:39:27.564 [INFO] main.cpp:358 -   最大延迟:     0.00 ms
2026-05-26 09:39:27.564 [INFO] main.cpp:359 -   总线争用次数: 0
2026-05-26 09:39:27.564 [INFO] main.cpp:368 - ======== 轮询统计 ========
2026-05-26 09:39:27.564 [INFO] main.cpp:369 -   任务组数:     20
2026-05-26 09:39:27.564 [INFO] main.cpp:370 -   成功事务:     0
2026-05-26 09:39:27.564 [INFO] main.cpp:371 -   失败事务:     20
2026-05-26 09:39:27.564 [INFO] main.cpp:373 -   成功率:       0.0%
2026-05-26 09:39:27.564 [INFO] main.cpp:378 - ======== 命令队列统计 ========
2026-05-26 09:39:27.564 [INFO] main.cpp:379 -   已提交: 0  已执行: 0  成功: 0  失败: 0
2026-05-26 09:39:27.564 [INFO] main.cpp:384 -   队列大小: 0  平均耗时: 0.0ms
2026-05-26 09:39:28.565 [INFO] main.cpp:352 - ======== 总线统计 ========
2026-05-26 09:39:28.565 [INFO] main.cpp:353 -   总事务数:     40
2026-05-26 09:39:28.565 [INFO] main.cpp:354 -   总错误数:     40
2026-05-26 09:39:28.565 [INFO] main.cpp:355 -   发送字节数:   320
2026-05-26 09:39:28.565 [INFO] main.cpp:356 -   接收字节数:   0
2026-05-26 09:39:28.565 [INFO] main.cpp:357 -   平均延迟:     0.00 ms
2026-05-26 09:39:28.565 [INFO] main.cpp:358 -   最大延迟:     0.00 ms
2026-05-26 09:39:28.565 [INFO] main.cpp:359 -   总线争用次数: 0
2026-05-26 09:39:28.566 [INFO] main.cpp:368 - ======== 轮询统计 ========
2026-05-26 09:39:28.566 [INFO] main.cpp:369 -   任务组数:     20
2026-05-26 09:39:28.566 [INFO] main.cpp:370 -   成功事务:     0
2026-05-26 09:39:28.566 [INFO] main.cpp:371 -   失败事务:     40
2026-05-26 09:39:28.566 [INFO] main.cpp:373 -   成功率:       0.0%
2026-05-26 09:39:28.566 [INFO] main.cpp:378 - ======== 命令队列统计 ========
2026-05-26 09:39:28.566 [INFO] main.cpp:379 -   已提交: 0  已执行: 0  成功: 0  失败: 0
2026-05-26 09:39:28.566 [INFO] main.cpp:384 -   队列大小: 0  平均耗时: 0.0ms
2026-05-26 09:39:29.567 [INFO] main.cpp:352 - ======== 总线统计 ========
2026-05-26 09:39:29.567 [INFO] main.cpp:353 -   总事务数:     40
2026-05-26 09:39:29.567 [INFO] main.cpp:354 -   总错误数:     40
2026-05-26 09:39:29.567 [INFO] main.cpp:355 -   发送字节数:   320
2026-05-26 09:39:29.567 [INFO] main.cpp:356 -   接收字节数:   0
2026-05-26 09:39:29.567 [INFO] main.cpp:357 -   平均延迟:     0.00 ms
2026-05-26 09:39:29.567 [INFO] main.cpp:358 -   最大延迟:     0.00 ms
2026-05-26 09:39:29.567 [INFO] main.cpp:359 -   总线争用次数: 0
2026-05-26 09:39:29.567 [INFO] main.cpp:368 - ======== 轮询统计 ========
2026-05-26 09:39:29.567 [INFO] main.cpp:369 -   任务组数:     20
2026-05-26 09:39:29.567 [INFO] main.cpp:370 -   成功事务:     0
2026-05-26 09:39:29.567 [INFO] main.cpp:371 -   失败事务:     40
2026-05-26 09:39:29.567 [INFO] main.cpp:373 -   成功率:       0.0%
2026-05-26 09:39:29.567 [INFO] main.cpp:378 - ======== 命令队列统计 ========
2026-05-26 09:39:29.568 [INFO] main.cpp:379 -   已提交: 0  已执行: 0  成功: 0  失败: 0
2026-05-26 09:39:29.568 [INFO] main.cpp:384 -   队列大小: 0  平均耗时: 0.0ms
2026-05-26 09:39:30.569 [INFO] main.cpp:352 - ======== 总线统计 ========
2026-05-26 09:39:30.569 [INFO] main.cpp:353 -   总事务数:     40
2026-05-26 09:39:30.569 [INFO] main.cpp:354 -   总错误数:     40
2026-05-26 09:39:30.569 [INFO] main.cpp:355 -   发送字节数:   320
2026-05-26 09:39:30.569 [INFO] main.cpp:356 -   接收字节数:   0
2026-05-26 09:39:30.569 [INFO] main.cpp:357 -   平均延迟:     0.00 ms
2026-05-26 09:39:30.569 [INFO] main.cpp:358 -   最大延迟:     0.00 ms
2026-05-26 09:39:30.569 [INFO] main.cpp:359 -   总线争用次数: 0
2026-05-26 09:39:30.569 [INFO] main.cpp:368 - ======== 轮询统计 ========
2026-05-26 09:39:30.569 [INFO] main.cpp:369 -   任务组数:     20
2026-05-26 09:39:30.569 [INFO] main.cpp:370 -   成功事务:     0
2026-05-26 09:39:30.569 [INFO] main.cpp:371 -   失败事务:     40
2026-05-26 09:39:30.569 [INFO] main.cpp:373 -   成功率:       0.0%
2026-05-26 09:39:30.569 [INFO] main.cpp:378 - ======== 命令队列统计 ========
2026-05-26 09:39:30.569 [INFO] main.cpp:379 -   已提交: 0  已执行: 0  成功: 0  失败: 0
2026-05-26 09:39:30.569 [INFO] main.cpp:384 -   队列大小: 0  平均耗时: 0.0ms
2026-05-26 09:39:31.570 [INFO] main.cpp:352 - ======== 总线统计 ========
2026-05-26 09:39:31.571 [INFO] main.cpp:353 -   总事务数:     60
2026-05-26 09:39:31.571 [INFO] main.cpp:354 -   总错误数:     40
2026-05-26 09:39:31.571 [INFO] main.cpp:355 -   发送字节数:   320
2026-05-26 09:39:31.571 [INFO] main.cpp:356 -   接收字节数:   0
2026-05-26 09:39:31.571 [INFO] main.cpp:357 -   平均延迟:     0.00 ms
2026-05-26 09:39:31.571 [INFO] main.cpp:358 -   最大延迟:     0.00 ms
2026-05-26 09:39:31.571 [INFO] main.cpp:359 -   总线争用次数: 0
2026-05-26 09:39:31.571 [INFO] main.cpp:368 - ======== 轮询统计 ========
2026-05-26 09:39:31.571 [INFO] main.cpp:369 -   任务组数:     20
2026-05-26 09:39:31.571 [INFO] main.cpp:370 -   成功事务:     0
2026-05-26 09:39:31.571 [INFO] main.cpp:371 -   失败事务:     40
2026-05-26 09:39:31.571 [INFO] main.cpp:373 -   成功率:       0.0%
2026-05-26 09:39:31.571 [INFO] main.cpp:378 - ======== 命令队列统计 ========
2026-05-26 09:39:31.571 [INFO] main.cpp:379 -   已提交: 0  已执行: 0  成功: 0  失败: 0
2026-05-26 09:39:31.571 [INFO] main.cpp:384 -   队列大小: 0  平均耗时: 0.0ms
2026-05-26 09:39:32.572 [INFO] main.cpp:352 - ======== 总线统计 ========
2026-05-26 09:39:32.572 [INFO] main.cpp:353 -   总事务数:     60
2026-05-26 09:39:32.572 [INFO] main.cpp:354 -   总错误数:     40
2026-05-26 09:39:32.572 [INFO] main.cpp:355 -   发送字节数:   480
2026-05-26 09:39:32.572 [INFO] main.cpp:356 -   接收字节数:   0
2026-05-26 09:39:32.572 [INFO] main.cpp:357 -   平均延迟:     0.00 ms
2026-05-26 09:39:32.572 [INFO] main.cpp:358 -   最大延迟:     0.00 ms
2026-05-26 09:39:32.572 [INFO] main.cpp:359 -   总线争用次数: 0
2026-05-26 09:39:32.572 [INFO] main.cpp:368 - ======== 轮询统计 ========
2026-05-26 09:39:32.572 [INFO] main.cpp:369 -   任务组数:     20
2026-05-26 09:39:32.572 [INFO] main.cpp:370 -   成功事务:     0
2026-05-26 09:39:32.572 [INFO] main.cpp:371 -   失败事务:     40
2026-05-26 09:39:32.572 [INFO] main.cpp:373 -   成功率:       0.0%
2026-05-26 09:39:32.572 [INFO] main.cpp:378 - ======== 命令队列统计 ========
2026-05-26 09:39:32.573 [INFO] main.cpp:379 -   已提交: 0  已执行: 0  成功: 0  失败: 0
2026-05-26 09:39:32.573 [INFO] main.cpp:384 -   队列大小: 0  平均耗时: 0.0ms
2026-05-26 09:39:33.574 [INFO] main.cpp:352 - ======== 总线统计 ========
2026-05-26 09:39:33.574 [INFO] main.cpp:353 -   总事务数:     60
2026-05-26 09:39:33.574 [INFO] main.cpp:354 -   总错误数:     60
2026-05-26 09:39:33.574 [INFO] main.cpp:355 -   发送字节数:   480
2026-05-26 09:39:33.574 [INFO] main.cpp:356 -   接收字节数:   0
2026-05-26 09:39:33.574 [INFO] main.cpp:357 -   平均延迟:     0.00 ms
2026-05-26 09:39:33.574 [INFO] main.cpp:358 -   最大延迟:     0.00 ms
2026-05-26 09:39:33.574 [INFO] main.cpp:359 -   总线争用次数: 0
2026-05-26 09:39:33.574 [INFO] main.cpp:368 - ======== 轮询统计 ========
2026-05-26 09:39:33.574 [INFO] main.cpp:369 -   任务组数:     20
2026-05-26 09:39:33.574 [INFO] main.cpp:370 -   成功事务:     0
2026-05-26 09:39:33.574 [INFO] main.cpp:371 -   失败事务:     60
2026-05-26 09:39:33.574 [INFO] main.cpp:373 -   成功率:       0.0%
2026-05-26 09:39:33.574 [INFO] main.cpp:378 - ======== 命令队列统计 ========
2026-05-26 09:39:33.574 [INFO] main.cpp:379 -   已提交: 0  已执行: 0  成功: 0  失败: 0
2026-05-26 09:39:33.574 [INFO] main.cpp:384 -   队列大小: 0  平均耗时: 0.0ms
2026-05-26 09:39:34.575 [INFO] main.cpp:352 - ======== 总线统计 ========
2026-05-26 09:39:34.575 [INFO] main.cpp:353 -   总事务数:     60
2026-05-26 09:39:34.575 [INFO] main.cpp:354 -   总错误数:     60
2026-05-26 09:39:34.575 [INFO] main.cpp:355 -   发送字节数:   480
2026-05-26 09:39:34.575 [INFO] main.cpp:356 -   接收字节数:   0
2026-05-26 09:39:34.575 [INFO] main.cpp:357 -   平均延迟:     0.00 ms
2026-05-26 09:39:34.575 [INFO] main.cpp:358 -   最大延迟:     0.00 ms
2026-05-26 09:39:34.575 [INFO] main.cpp:359 -   总线争用次数: 0
2026-05-26 09:39:34.575 [INFO] main.cpp:368 - ======== 轮询统计 ========
2026-05-26 09:39:34.575 [INFO] main.cpp:369 -   任务组数:     20
2026-05-26 09:39:34.575 [INFO] main.cpp:370 -   成功事务:     0
2026-05-26 09:39:34.575 [INFO] main.cpp:371 -   失败事务:     60
2026-05-26 09:39:34.575 [INFO] main.cpp:373 -   成功率:       0.0%
2026-05-26 09:39:34.575 [INFO] main.cpp:378 - ======== 命令队列统计 ========
2026-05-26 09:39:34.575 [INFO] main.cpp:379 -   已提交: 0  已执行: 0  成功: 0  失败: 0
2026-05-26 09:39:34.575 [INFO] main.cpp:384 -   队列大小: 0  平均耗时: 0.0ms
2026-05-26 09:39:35.576 [INFO] main.cpp:352 - ======== 总线统计 ========
2026-05-26 09:39:35.577 [INFO] main.cpp:353 -   总事务数:     60
2026-05-26 09:39:35.577 [INFO] main.cpp:354 -   总错误数:     60
2026-05-26 09:39:35.577 [INFO] main.cpp:355 -   发送字节数:   480
2026-05-26 09:39:35.577 [INFO] main.cpp:356 -   接收字节数:   0
2026-05-26 09:39:35.577 [INFO] main.cpp:357 -   平均延迟:     0.00 ms
2026-05-26 09:39:35.577 [INFO] main.cpp:358 -   最大延迟:     0.00 ms
2026-05-26 09:39:35.577 [INFO] main.cpp:359 -   总线争用次数: 0
2026-05-26 09:39:35.577 [INFO] main.cpp:368 - ======== 轮询统计 ========
2026-05-26 09:39:35.577 [INFO] main.cpp:369 -   任务组数:     20
2026-05-26 09:39:35.577 [INFO] main.cpp:370 -   成功事务:     0
2026-05-26 09:39:35.577 [INFO] main.cpp:371 -   失败事务:     60
2026-05-26 09:39:35.577 [INFO] main.cpp:373 -   成功率:       0.0%
2026-05-26 09:39:35.577 [INFO] main.cpp:378 - ======== 命令队列统计 ========
2026-05-26 09:39:35.577 [INFO] main.cpp:379 -   已提交: 0  已执行: 0  成功: 0  失败: 0
2026-05-26 09:39:35.577 [INFO] main.cpp:384 -   队列大小: 0  平均耗时: 0.0ms
2026-05-26 09:39:36.578 [INFO] main.cpp:352 - ======== 总线统计 ========
2026-05-26 09:39:36.578 [INFO] main.cpp:353 -   总事务数:     80
2026-05-26 09:39:36.578 [INFO] main.cpp:354 -   总错误数:     60
2026-05-26 09:39:36.578 [INFO] main.cpp:355 -   发送字节数:   480
2026-05-26 09:39:36.578 [INFO] main.cpp:356 -   接收字节数:   0
2026-05-26 09:39:36.578 [INFO] main.cpp:357 -   平均延迟:     0.00 ms
2026-05-26 09:39:36.578 [INFO] main.cpp:358 -   最大延迟:     0.00 ms
2026-05-26 09:39:36.578 [INFO] main.cpp:359 -   总线争用次数: 0
2026-05-26 09:39:36.578 [INFO] main.cpp:368 - ======== 轮询统计 ========
2026-05-26 09:39:36.579 [INFO] main.cpp:369 -   任务组数:     20
2026-05-26 09:39:36.579 [INFO] main.cpp:370 -   成功事务:     0
2026-05-26 09:39:36.579 [INFO] main.cpp:371 -   失败事务:     60
2026-05-26 09:39:36.579 [INFO] main.cpp:373 -   成功率:       0.0%
2026-05-26 09:39:36.579 [INFO] main.cpp:378 - ======== 命令队列统计 ========
2026-05-26 09:39:36.579 [INFO] main.cpp:379 -   已提交: 0  已执行: 0  成功: 0  失败: 0
2026-05-26 09:39:36.579 [INFO] main.cpp:384 -   队列大小: 0  平均耗时: 0.0ms
2026-05-26 09:39:37.580 [INFO] main.cpp:352 - ======== 总线统计 ========
2026-05-26 09:39:37.580 [INFO] main.cpp:353 -   总事务数:     80
2026-05-26 09:39:37.580 [INFO] main.cpp:354 -   总错误数:     60
2026-05-26 09:39:37.580 [INFO] main.cpp:355 -   发送字节数:   640
2026-05-26 09:39:37.580 [INFO] main.cpp:356 -   接收字节数:   0
2026-05-26 09:39:37.580 [INFO] main.cpp:357 -   平均延迟:     0.00 ms
2026-05-26 09:39:37.580 [INFO] main.cpp:358 -   最大延迟:     0.00 ms
2026-05-26 09:39:37.580 [INFO] main.cpp:359 -   总线争用次数: 0
2026-05-26 09:39:37.580 [INFO] main.cpp:368 - ======== 轮询统计 ========
2026-05-26 09:39:37.580 [INFO] main.cpp:369 -   任务组数:     20
2026-05-26 09:39:37.580 [INFO] main.cpp:370 -   成功事务:     0
2026-05-26 09:39:37.580 [INFO] main.cpp:371 -   失败事务:     60
2026-05-26 09:39:37.580 [INFO] main.cpp:373 -   成功率:       0.0%
2026-05-26 09:39:37.580 [INFO] main.cpp:378 - ======== 命令队列统计 ========
2026-05-26 09:39:37.580 [INFO] main.cpp:379 -   已提交: 0  已执行: 0  成功: 0  失败: 0
2026-05-26 09:39:37.580 [INFO] main.cpp:384 -   队列大小: 0  平均耗时: 0.0ms
2026-05-26 09:39:38.582 [INFO] main.cpp:352 - ======== 总线统计 ========
2026-05-26 09:39:38.582 [INFO] main.cpp:353 -   总事务数:     80
2026-05-26 09:39:38.582 [INFO] main.cpp:354 -   总错误数:     80
2026-05-26 09:39:38.582 [INFO] main.cpp:355 -   发送字节数:   640
2026-05-26 09:39:38.582 [INFO] main.cpp:356 -   接收字节数:   0
2026-05-26 09:39:38.582 [INFO] main.cpp:357 -   平均延迟:     0.00 ms
2026-05-26 09:39:38.582 [INFO] main.cpp:358 -   最大延迟:     0.00 ms
2026-05-26 09:39:38.582 [INFO] main.cpp:359 -   总线争用次数: 0
2026-05-26 09:39:38.582 [INFO] main.cpp:368 - ======== 轮询统计 ========
2026-05-26 09:39:38.582 [INFO] main.cpp:369 -   任务组数:     20
2026-05-26 09:39:38.582 [INFO] main.cpp:370 -   成功事务:     0
2026-05-26 09:39:38.582 [INFO] main.cpp:371 -   失败事务:     80
2026-05-26 09:39:38.582 [INFO] main.cpp:373 -   成功率:       0.0%
2026-05-26 09:39:38.582 [INFO] main.cpp:378 - ======== 命令队列统计 ========
2026-05-26 09:39:38.582 [INFO] main.cpp:379 -   已提交: 0  已执行: 0  成功: 0  失败: 0
2026-05-26 09:39:38.582 [INFO] main.cpp:384 -   队列大小: 0  平均耗时: 0.0ms
2026-05-26 09:39:39.583 [INFO] main.cpp:352 - ======== 总线统计 ========
2026-05-26 09:39:39.583 [INFO] main.cpp:353 -   总事务数:     80
2026-05-26 09:39:39.583 [INFO] main.cpp:354 -   总错误数:     80
2026-05-26 09:39:39.584 [INFO] main.cpp:355 -   发送字节数:   640
2026-05-26 09:39:39.584 [INFO] main.cpp:356 -   接收字节数:   0
2026-05-26 09:39:39.584 [INFO] main.cpp:357 -   平均延迟:     0.00 ms
2026-05-26 09:39:39.584 [INFO] main.cpp:358 -   最大延迟:     0.00 ms
2026-05-26 09:39:39.584 [INFO] main.cpp:359 -   总线争用次数: 0
2026-05-26 09:39:39.584 [INFO] main.cpp:368 - ======== 轮询统计 ========
2026-05-26 09:39:39.584 [INFO] main.cpp:369 -   任务组数:     20
2026-05-26 09:39:39.584 [INFO] main.cpp:370 -   成功事务:     0
2026-05-26 09:39:39.584 [INFO] main.cpp:371 -   失败事务:     80
2026-05-26 09:39:39.584 [INFO] main.cpp:373 -   成功率:       0.0%
2026-05-26 09:39:39.584 [INFO] main.cpp:378 - ======== 命令队列统计 ========
2026-05-26 09:39:39.584 [INFO] main.cpp:379 -   已提交: 0  已执行: 0  成功: 0  失败: 0
2026-05-26 09:39:39.584 [INFO] main.cpp:384 -   队列大小: 0  平均耗时: 0.0ms
2026-05-26 09:39:40.585 [INFO] main.cpp:352 - ======== 总线统计 ========
2026-05-26 09:39:40.585 [INFO] main.cpp:353 -   总事务数:     80
2026-05-26 09:39:40.585 [INFO] main.cpp:354 -   总错误数:     80
2026-05-26 09:39:40.585 [INFO] main.cpp:355 -   发送字节数:   640
2026-05-26 09:39:40.585 [INFO] main.cpp:356 -   接收字节数:   0
2026-05-26 09:39:40.585 [INFO] main.cpp:357 -   平均延迟:     0.00 ms
2026-05-26 09:39:40.585 [INFO] main.cpp:358 -   最大延迟:     0.00 ms
2026-05-26 09:39:40.585 [INFO] main.cpp:359 -   总线争用次数: 0
2026-05-26 09:39:40.585 [INFO] main.cpp:368 - ======== 轮询统计 ========
2026-05-26 09:39:40.585 [INFO] main.cpp:369 -   任务组数:     20
2026-05-26 09:39:40.585 [INFO] main.cpp:370 -   成功事务:     0
2026-05-26 09:39:40.585 [INFO] main.cpp:371 -   失败事务:     80
2026-05-26 09:39:40.585 [INFO] main.cpp:373 -   成功率:       0.0%
2026-05-26 09:39:40.585 [INFO] main.cpp:378 - ======== 命令队列统计 ========
2026-05-26 09:39:40.585 [INFO] main.cpp:379 -   已提交: 0  已执行: 0  成功: 0  失败: 0
2026-05-26 09:39:40.585 [INFO] main.cpp:384 -   队列大小: 0  平均耗时: 0.0ms
2026-05-26 09:39:41.586 [INFO] main.cpp:352 - ======== 总线统计 ========
2026-05-26 09:39:41.586 [INFO] main.cpp:353 -   总事务数:     100
2026-05-26 09:39:41.586 [INFO] main.cpp:354 -   总错误数:     80
2026-05-26 09:39:41.586 [INFO] main.cpp:355 -   发送字节数:   640
2026-05-26 09:39:41.586 [INFO] main.cpp:356 -   接收字节数:   0
2026-05-26 09:39:41.586 [INFO] main.cpp:357 -   平均延迟:     0.00 ms
2026-05-26 09:39:41.586 [INFO] main.cpp:358 -   最大延迟:     0.00 ms
2026-05-26 09:39:41.586 [INFO] main.cpp:359 -   总线争用次数: 0
2026-05-26 09:39:41.586 [INFO] main.cpp:368 - ======== 轮询统计 ========
2026-05-26 09:39:41.586 [INFO] main.cpp:369 -   任务组数:     20
2026-05-26 09:39:41.586 [INFO] main.cpp:370 -   成功事务:     0
2026-05-26 09:39:41.586 [INFO] main.cpp:371 -   失败事务:     80
2026-05-26 09:39:41.586 [INFO] main.cpp:373 -   成功率:       0.0%
2026-05-26 09:39:41.586 [INFO] main.cpp:378 - ======== 命令队列统计 ========
2026-05-26 09:39:41.586 [INFO] main.cpp:379 -   已提交: 0  已执行: 0  成功: 0  失败: 0
2026-05-26 09:39:41.586 [INFO] main.cpp:384 -   队列大小: 0  平均耗时: 0.0ms
2026-05-26 09:39:42.587 [INFO] main.cpp:352 - ======== 总线统计 ========
2026-05-26 09:39:42.587 [INFO] main.cpp:353 -   总事务数:     100
2026-05-26 09:39:42.587 [INFO] main.cpp:354 -   总错误数:     80
2026-05-26 09:39:42.587 [INFO] main.cpp:355 -   发送字节数:   800
2026-05-26 09:39:42.587 [INFO] main.cpp:356 -   接收字节数:   0
2026-05-26 09:39:42.587 [INFO] main.cpp:357 -   平均延迟:     0.00 ms
2026-05-26 09:39:42.587 [INFO] main.cpp:358 -   最大延迟:     0.00 ms
2026-05-26 09:39:42.587 [INFO] main.cpp:359 -   总线争用次数: 0
2026-05-26 09:39:42.587 [INFO] main.cpp:368 - ======== 轮询统计 ========
2026-05-26 09:39:42.587 [INFO] main.cpp:369 -   任务组数:     20
2026-05-26 09:39:42.587 [INFO] main.cpp:370 -   成功事务:     0
2026-05-26 09:39:42.587 [INFO] main.cpp:371 -   失败事务:     80
2026-05-26 09:39:42.587 [INFO] main.cpp:373 -   成功率:       0.0%
2026-05-26 09:39:42.587 [INFO] main.cpp:378 - ======== 命令队列统计 ========
2026-05-26 09:39:42.587 [INFO] main.cpp:379 -   已提交: 0  已执行: 0  成功: 0  失败: 0
2026-05-26 09:39:42.587 [INFO] main.cpp:384 -   队列大小: 0  平均耗时: 0.0ms
2026-05-26 09:39:43.588 [INFO] main.cpp:352 - ======== 总线统计 ========
2026-05-26 09:39:43.588 [INFO] main.cpp:353 -   总事务数:     100
2026-05-26 09:39:43.588 [INFO] main.cpp:354 -   总错误数:     100
2026-05-26 09:39:43.588 [INFO] main.cpp:355 -   发送字节数:   800
2026-05-26 09:39:43.588 [INFO] main.cpp:356 -   接收字节数:   0
2026-05-26 09:39:43.589 [INFO] main.cpp:357 -   平均延迟:     0.00 ms
2026-05-26 09:39:43.589 [INFO] main.cpp:358 -   最大延迟:     0.00 ms
2026-05-26 09:39:43.589 [INFO] main.cpp:359 -   总线争用次数: 0
2026-05-26 09:39:43.589 [INFO] main.cpp:368 - ======== 轮询统计 ========
2026-05-26 09:39:43.589 [INFO] main.cpp:369 -   任务组数:     20
2026-05-26 09:39:43.589 [INFO] main.cpp:370 -   成功事务:     0
2026-05-26 09:39:43.589 [INFO] main.cpp:371 -   失败事务:     100
2026-05-26 09:39:43.589 [INFO] main.cpp:373 -   成功率:       0.0%
2026-05-26 09:39:43.589 [INFO] main.cpp:378 - ======== 命令队列统计 ========
2026-05-26 09:39:43.589 [INFO] main.cpp:379 -   已提交: 0  已执行: 0  成功: 0  失败: 0
2026-05-26 09:39:43.589 [INFO] main.cpp:384 -   队列大小: 0  平均耗时: 0.0ms
2026-05-26 09:39:44.589 [INFO] main.cpp:352 - ======== 总线统计 ========
2026-05-26 09:39:44.589 [INFO] main.cpp:353 -   总事务数:     100
2026-05-26 09:39:44.589 [INFO] main.cpp:354 -   总错误数:     100
2026-05-26 09:39:44.589 [INFO] main.cpp:355 -   发送字节数:   800
2026-05-26 09:39:44.589 [INFO] main.cpp:356 -   接收字节数:   0
2026-05-26 09:39:44.589 [INFO] main.cpp:357 -   平均延迟:     0.00 ms
2026-05-26 09:39:44.589 [INFO] main.cpp:358 -   最大延迟:     0.00 ms
2026-05-26 09:39:44.589 [INFO] main.cpp:359 -   总线争用次数: 0
2026-05-26 09:39:44.590 [INFO] main.cpp:368 - ======== 轮询统计 ========
2026-05-26 09:39:44.590 [INFO] main.cpp:369 -   任务组数:     20
2026-05-26 09:39:44.590 [INFO] main.cpp:370 -   成功事务:     0
2026-05-26 09:39:44.590 [INFO] main.cpp:371 -   失败事务:     100
2026-05-26 09:39:44.590 [INFO] main.cpp:373 -   成功率:       0.0%
2026-05-26 09:39:44.590 [INFO] main.cpp:378 - ======== 命令队列统计 ========
2026-05-26 09:39:44.590 [INFO] main.cpp:379 -   已提交: 0  已执行: 0  成功: 0  失败: 0
2026-05-26 09:39:44.590 [INFO] main.cpp:384 -   队列大小: 0  平均耗时: 0.0ms
2026-05-26 09:39:45.590 [INFO] main.cpp:352 - ======== 总线统计 ========
2026-05-26 09:39:45.590 [INFO] main.cpp:353 -   总事务数:     100
2026-05-26 09:39:45.590 [INFO] main.cpp:354 -   总错误数:     100
2026-05-26 09:39:45.590 [INFO] main.cpp:355 -   发送字节数:   800
2026-05-26 09:39:45.591 [INFO] main.cpp:356 -   接收字节数:   0
2026-05-26 09:39:45.591 [INFO] main.cpp:357 -   平均延迟:     0.00 ms
2026-05-26 09:39:45.591 [INFO] main.cpp:358 -   最大延迟:     0.00 ms
2026-05-26 09:39:45.591 [INFO] main.cpp:359 -   总线争用次数: 0
2026-05-26 09:39:45.591 [INFO] main.cpp:368 - ======== 轮询统计 ========
2026-05-26 09:39:45.591 [INFO] main.cpp:369 -   任务组数:     20
2026-05-26 09:39:45.591 [INFO] main.cpp:370 -   成功事务:     0
2026-05-26 09:39:45.591 [INFO] main.cpp:371 -   失败事务:     100
2026-05-26 09:39:45.591 [INFO] main.cpp:373 -   成功率:       0.0%
2026-05-26 09:39:45.591 [INFO] main.cpp:378 - ======== 命令队列统计 ========
2026-05-26 09:39:45.591 [INFO] main.cpp:379 -   已提交: 0  已执行: 0  成功: 0  失败: 0
2026-05-26 09:39:45.591 [INFO] main.cpp:384 -   队列大小: 0  平均耗时: 0.0ms
2026-05-26 09:39:46.591 [INFO] main.cpp:352 - ======== 总线统计 ========
2026-05-26 09:39:46.592 [INFO] main.cpp:353 -   总事务数:     120
2026-05-26 09:39:46.592 [INFO] main.cpp:354 -   总错误数:     100
2026-05-26 09:39:46.592 [INFO] main.cpp:355 -   发送字节数:   800
2026-05-26 09:39:46.592 [INFO] main.cpp:356 -   接收字节数:   0
2026-05-26 09:39:46.592 [INFO] main.cpp:357 -   平均延迟:     0.00 ms
2026-05-26 09:39:46.592 [INFO] main.cpp:358 -   最大延迟:     0.00 ms
2026-05-26 09:39:46.592 [INFO] main.cpp:359 -   总线争用次数: 0
2026-05-26 09:39:46.592 [INFO] main.cpp:368 - ======== 轮询统计 ========
2026-05-26 09:39:46.592 [INFO] main.cpp:369 -   任务组数:     20
2026-05-26 09:39:46.592 [INFO] main.cpp:370 -   成功事务:     0
2026-05-26 09:39:46.592 [INFO] main.cpp:371 -   失败事务:     100
2026-05-26 09:39:46.592 [INFO] main.cpp:373 -   成功率:       0.0%
2026-05-26 09:39:46.592 [INFO] main.cpp:378 - ======== 命令队列统计 ========
2026-05-26 09:39:46.592 [INFO] main.cpp:379 -   已提交: 0  已执行: 0  成功: 0  失败: 0
2026-05-26 09:39:46.592 [INFO] main.cpp:384 -   队列大小: 0  平均耗时: 0.0ms
2026-05-26 09:39:46.825 [WARN] app_security.cpp:194 - 水浸风险警报: 检测到水位异常(5.8cm), 触发高风险评估
2026-05-26 09:39:47.592 [INFO] main.cpp:352 - ======== 总线统计 ========
2026-05-26 09:39:47.593 [INFO] main.cpp:353 -   总事务数:     120
2026-05-26 09:39:47.593 [INFO] main.cpp:354 -   总错误数:     100
2026-05-26 09:39:47.593 [INFO] main.cpp:355 -   发送字节数:   960
2026-05-26 09:39:47.593 [INFO] main.cpp:356 -   接收字节数:   0
2026-05-26 09:39:47.593 [INFO] main.cpp:357 -   平均延迟:     0.00 ms
2026-05-26 09:39:47.593 [INFO] main.cpp:358 -   最大延迟:     0.00 ms
2026-05-26 09:39:47.593 [INFO] main.cpp:359 -   总线争用次数: 0
2026-05-26 09:39:47.593 [INFO] main.cpp:368 - ======== 轮询统计 ========
2026-05-26 09:39:47.593 [INFO] main.cpp:369 -   任务组数:     20
2026-05-26 09:39:47.593 [INFO] main.cpp:370 -   成功事务:     0
2026-05-26 09:39:47.593 [INFO] main.cpp:371 -   失败事务:     100
2026-05-26 09:39:47.593 [INFO] main.cpp:373 -   成功率:       0.0%
2026-05-26 09:39:47.593 [INFO] main.cpp:378 - ======== 命令队列统计 ========
2026-05-26 09:39:47.593 [INFO] main.cpp:379 -   已提交: 0  已执行: 0  成功: 0  失败: 0
2026-05-26 09:39:47.593 [INFO] main.cpp:384 -   队列大小: 0  平均耗时: 0.0ms
2026-05-26 09:39:48.594 [INFO] main.cpp:352 - ======== 总线统计 ========
2026-05-26 09:39:48.594 [INFO] main.cpp:353 -   总事务数:     120
2026-05-26 09:39:48.594 [INFO] main.cpp:354 -   总错误数:     120
2026-05-26 09:39:48.594 [INFO] main.cpp:355 -   发送字节数:   960
2026-05-26 09:39:48.594 [INFO] main.cpp:356 -   接收字节数:   0
2026-05-26 09:39:48.594 [INFO] main.cpp:357 -   平均延迟:     0.00 ms
2026-05-26 09:39:48.594 [INFO] main.cpp:358 -   最大延迟:     0.00 ms
2026-05-26 09:39:48.594 [INFO] main.cpp:359 -   总线争用次数: 0
2026-05-26 09:39:48.594 [INFO] main.cpp:368 - ======== 轮询统计 ========
2026-05-26 09:39:48.594 [INFO] main.cpp:369 -   任务组数:     20
2026-05-26 09:39:48.594 [INFO] main.cpp:370 -   成功事务:     0
2026-05-26 09:39:48.594 [INFO] main.cpp:371 -   失败事务:     120
2026-05-26 09:39:48.594 [INFO] main.cpp:373 -   成功率:       0.0%
2026-05-26 09:39:48.594 [INFO] main.cpp:378 - ======== 命令队列统计 ========
2026-05-26 09:39:48.594 [INFO] main.cpp:379 -   已提交: 0  已执行: 0  成功: 0  失败: 0
2026-05-26 09:39:48.594 [INFO] main.cpp:384 -   队列大小: 0  平均耗时: 0.0ms
2026-05-26 09:39:49.595 [INFO] main.cpp:352 - ======== 总线统计 ========
2026-05-26 09:39:49.595 [INFO] main.cpp:353 -   总事务数:     120
2026-05-26 09:39:49.595 [INFO] main.cpp:354 -   总错误数:     120
2026-05-26 09:39:49.595 [INFO] main.cpp:355 -   发送字节数:   960
2026-05-26 09:39:49.595 [INFO] main.cpp:356 -   接收字节数:   0
2026-05-26 09:39:49.595 [INFO] main.cpp:357 -   平均延迟:     0.00 ms
2026-05-26 09:39:49.595 [INFO] main.cpp:358 -   最大延迟:     0.00 ms
2026-05-26 09:39:49.595 [INFO] main.cpp:359 -   总线争用次数: 0
2026-05-26 09:39:49.595 [INFO] main.cpp:368 - ======== 轮询统计 ========
2026-05-26 09:39:49.595 [INFO] main.cpp:369 -   任务组数:     20
2026-05-26 09:39:49.595 [INFO] main.cpp:370 -   成功事务:     0
2026-05-26 09:39:49.595 [INFO] main.cpp:371 -   失败事务:     120
2026-05-26 09:39:49.595 [INFO] main.cpp:373 -   成功率:       0.0%
2026-05-26 09:39:49.595 [INFO] main.cpp:378 - ======== 命令队列统计 ========
2026-05-26 09:39:49.595 [INFO] main.cpp:379 -   已提交: 0  已执行: 0  成功: 0  失败: 0
2026-05-26 09:39:49.595 [INFO] main.cpp:384 -   队列大小: 0  平均耗时: 0.0ms
2026-05-26 09:39:50.595 [INFO] main.cpp:352 - ======== 总线统计 ========
2026-05-26 09:39:50.596 [INFO] main.cpp:353 -   总事务数:     120
2026-05-26 09:39:50.596 [INFO] main.cpp:354 -   总错误数:     120
2026-05-26 09:39:50.596 [INFO] main.cpp:355 -   发送字节数:   960
2026-05-26 09:39:50.596 [INFO] main.cpp:356 -   接收字节数:   0
2026-05-26 09:39:50.596 [INFO] main.cpp:357 -   平均延迟:     0.00 ms
2026-05-26 09:39:50.596 [INFO] main.cpp:358 -   最大延迟:     0.00 ms
2026-05-26 09:39:50.596 [INFO] main.cpp:359 -   总线争用次数: 0
2026-05-26 09:39:50.596 [INFO] main.cpp:368 - ======== 轮询统计 ========
2026-05-26 09:39:50.596 [INFO] main.cpp:369 -   任务组数:     20
2026-05-26 09:39:50.596 [INFO] main.cpp:370 -   成功事务:     0
2026-05-26 09:39:50.596 [INFO] main.cpp:371 -   失败事务:     120
2026-05-26 09:39:50.596 [INFO] main.cpp:373 -   成功率:       0.0%
2026-05-26 09:39:50.596 [INFO] main.cpp:378 - ======== 命令队列统计 ========
2026-05-26 09:39:50.596 [INFO] main.cpp:379 -   已提交: 0  已执行: 0  成功: 0  失败: 0
2026-05-26 09:39:50.596 [INFO] main.cpp:384 -   队列大小: 0  平均耗时: 0.0ms
2026-05-26 09:39:51.596 [INFO] main.cpp:352 - ======== 总线统计 ========
2026-05-26 09:39:51.597 [INFO] main.cpp:353 -   总事务数:     140
2026-05-26 09:39:51.597 [INFO] main.cpp:354 -   总错误数:     120
2026-05-26 09:39:51.597 [INFO] main.cpp:355 -   发送字节数:   960
2026-05-26 09:39:51.597 [INFO] main.cpp:356 -   接收字节数:   0
2026-05-26 09:39:51.597 [INFO] main.cpp:357 -   平均延迟:     0.00 ms
2026-05-26 09:39:51.597 [INFO] main.cpp:358 -   最大延迟:     0.00 ms
2026-05-26 09:39:51.597 [INFO] main.cpp:359 -   总线争用次数: 0
2026-05-26 09:39:51.597 [INFO] main.cpp:368 - ======== 轮询统计 ========
2026-05-26 09:39:51.597 [INFO] main.cpp:369 -   任务组数:     20
2026-05-26 09:39:51.597 [INFO] main.cpp:370 -   成功事务:     0
2026-05-26 09:39:51.597 [INFO] main.cpp:371 -   失败事务:     120
2026-05-26 09:39:51.597 [INFO] main.cpp:373 -   成功率:       0.0%
2026-05-26 09:39:51.597 [INFO] main.cpp:378 - ======== 命令队列统计 ========
2026-05-26 09:39:51.597 [INFO] main.cpp:379 -   已提交: 0  已执行: 0  成功: 0  失败: 0
2026-05-26 09:39:51.597 [INFO] main.cpp:384 -   队列大小: 0  平均耗时: 0.0ms
2026-05-26 09:39:52.598 [INFO] main.cpp:352 - ======== 总线统计 ========
2026-05-26 09:39:52.598 [INFO] main.cpp:353 -   总事务数:     140
2026-05-26 09:39:52.598 [INFO] main.cpp:354 -   总错误数:     120
2026-05-26 09:39:52.598 [INFO] main.cpp:355 -   发送字节数:   1120
2026-05-26 09:39:52.598 [INFO] main.cpp:356 -   接收字节数:   0
2026-05-26 09:39:52.598 [INFO] main.cpp:357 -   平均延迟:     0.00 ms
2026-05-26 09:39:52.598 [INFO] main.cpp:358 -   最大延迟:     0.00 ms
2026-05-26 09:39:52.598 [INFO] main.cpp:359 -   总线争用次数: 0
2026-05-26 09:39:52.598 [INFO] main.cpp:368 - ======== 轮询统计 ========
2026-05-26 09:39:52.598 [INFO] main.cpp:369 -   任务组数:     20
2026-05-26 09:39:52.598 [INFO] main.cpp:370 -   成功事务:     0
2026-05-26 09:39:52.598 [INFO] main.cpp:371 -   失败事务:     120
2026-05-26 09:39:52.598 [INFO] main.cpp:373 -   成功率:       0.0%
2026-05-26 09:39:52.598 [INFO] main.cpp:378 - ======== 命令队列统计 ========
2026-05-26 09:39:52.598 [INFO] main.cpp:379 -   已提交: 0  已执行: 0  成功: 0  失败: 0
2026-05-26 09:39:52.598 [INFO] main.cpp:384 -   队列大小: 0  平均耗时: 0.0ms
2026-05-26 09:39:53.599 [INFO] main.cpp:352 - ======== 总线统计 ========
2026-05-26 09:39:53.599 [INFO] main.cpp:353 -   总事务数:     140
2026-05-26 09:39:53.599 [INFO] main.cpp:354 -   总错误数:     140
2026-05-26 09:39:53.599 [INFO] main.cpp:355 -   发送字节数:   1120
2026-05-26 09:39:53.600 [INFO] main.cpp:356 -   接收字节数:   0
2026-05-26 09:39:53.600 [INFO] main.cpp:357 -   平均延迟:     0.00 ms
2026-05-26 09:39:53.600 [INFO] main.cpp:358 -   最大延迟:     0.00 ms
2026-05-26 09:39:53.600 [INFO] main.cpp:359 -   总线争用次数: 0
2026-05-26 09:39:53.600 [INFO] main.cpp:368 - ======== 轮询统计 ========
2026-05-26 09:39:53.600 [INFO] main.cpp:369 -   任务组数:     20
2026-05-26 09:39:53.600 [INFO] main.cpp:370 -   成功事务:     0
2026-05-26 09:39:53.600 [INFO] main.cpp:371 -   失败事务:     140
2026-05-26 09:39:53.600 [INFO] main.cpp:373 -   成功率:       0.0%
2026-05-26 09:39:53.600 [INFO] main.cpp:378 - ======== 命令队列统计 ========
2026-05-26 09:39:53.600 [INFO] main.cpp:379 -   已提交: 0  已执行: 0  成功: 0  失败: 0
2026-05-26 09:39:53.600 [INFO] main.cpp:384 -   队列大小: 0  平均耗时: 0.0ms
2026-05-26 09:39:54.601 [INFO] main.cpp:352 - ======== 总线统计 ========
2026-05-26 09:39:54.601 [INFO] main.cpp:353 -   总事务数:     140
2026-05-26 09:39:54.601 [INFO] main.cpp:354 -   总错误数:     140
2026-05-26 09:39:54.601 [INFO] main.cpp:355 -   发送字节数:   1120
2026-05-26 09:39:54.601 [INFO] main.cpp:356 -   接收字节数:   0
2026-05-26 09:39:54.601 [INFO] main.cpp:357 -   平均延迟:     0.00 ms
2026-05-26 09:39:54.601 [INFO] main.cpp:358 -   最大延迟:     0.00 ms
2026-05-26 09:39:54.601 [INFO] main.cpp:359 -   总线争用次数: 0
2026-05-26 09:39:54.601 [INFO] main.cpp:368 - ======== 轮询统计 ========
2026-05-26 09:39:54.601 [INFO] main.cpp:369 -   任务组数:     20
2026-05-26 09:39:54.602 [INFO] main.cpp:370 -   成功事务:     0
2026-05-26 09:39:54.602 [INFO] main.cpp:371 -   失败事务:     140
2026-05-26 09:39:54.602 [INFO] main.cpp:373 -   成功率:       0.0%
2026-05-26 09:39:54.602 [INFO] main.cpp:378 - ======== 命令队列统计 ========
2026-05-26 09:39:54.602 [INFO] main.cpp:379 -   已提交: 0  已执行: 0  成功: 0  失败: 0
2026-05-26 09:39:54.602 [INFO] main.cpp:384 -   队列大小: 0  平均耗时: 0.0ms
2026-05-26 09:39:55.602 [INFO] main.cpp:352 - ======== 总线统计 ========
2026-05-26 09:39:55.602 [INFO] main.cpp:353 -   总事务数:     140
2026-05-26 09:39:55.602 [INFO] main.cpp:354 -   总错误数:     140
2026-05-26 09:39:55.602 [INFO] main.cpp:355 -   发送字节数:   1120
2026-05-26 09:39:55.603 [INFO] main.cpp:356 -   接收字节数:   0
2026-05-26 09:39:55.603 [INFO] main.cpp:357 -   平均延迟:     0.00 ms
2026-05-26 09:39:55.603 [INFO] main.cpp:358 -   最大延迟:     0.00 ms
2026-05-26 09:39:55.603 [INFO] main.cpp:359 -   总线争用次数: 0
2026-05-26 09:39:55.603 [INFO] main.cpp:368 - ======== 轮询统计 ========
2026-05-26 09:39:55.603 [INFO] main.cpp:369 -   任务组数:     20
2026-05-26 09:39:55.603 [INFO] main.cpp:370 -   成功事务:     0
2026-05-26 09:39:55.603 [INFO] main.cpp:371 -   失败事务:     140
2026-05-26 09:39:55.603 [INFO] main.cpp:373 -   成功率:       0.0%
2026-05-26 09:39:55.603 [INFO] main.cpp:378 - ======== 命令队列统计 ========
2026-05-26 09:39:55.603 [INFO] main.cpp:379 -   已提交: 0  已执行: 0  成功: 0  失败: 0
2026-05-26 09:39:55.603 [INFO] main.cpp:384 -   队列大小: 0  平均耗时: 0.0ms
2026-05-26 09:39:56.604 [INFO] main.cpp:352 - ======== 总线统计 ========
2026-05-26 09:39:56.604 [INFO] main.cpp:353 -   总事务数:     160
2026-05-26 09:39:56.604 [INFO] main.cpp:354 -   总错误数:     140
2026-05-26 09:39:56.604 [INFO] main.cpp:355 -   发送字节数:   1120
2026-05-26 09:39:56.604 [INFO] main.cpp:356 -   接收字节数:   0
2026-05-26 09:39:56.604 [INFO] main.cpp:357 -   平均延迟:     0.00 ms
2026-05-26 09:39:56.604 [INFO] main.cpp:358 -   最大延迟:     0.00 ms
2026-05-26 09:39:56.604 [INFO] main.cpp:359 -   总线争用次数: 0
2026-05-26 09:39:56.604 [INFO] main.cpp:368 - ======== 轮询统计 ========
2026-05-26 09:39:56.605 [INFO] main.cpp:369 -   任务组数:     20
2026-05-26 09:39:56.605 [INFO] main.cpp:370 -   成功事务:     0
2026-05-26 09:39:56.605 [INFO] main.cpp:371 -   失败事务:     140
2026-05-26 09:39:56.605 [INFO] main.cpp:373 -   成功率:       0.0%
2026-05-26 09:39:56.605 [INFO] main.cpp:378 - ======== 命令队列统计 ========
2026-05-26 09:39:56.605 [INFO] main.cpp:379 -   已提交: 0  已执行: 0  成功: 0  失败: 0
2026-05-26 09:39:56.605 [INFO] main.cpp:384 -   队列大小: 0  平均耗时: 0.0ms
2026-05-26 09:39:57.606 [INFO] main.cpp:352 - ======== 总线统计 ========
2026-05-26 09:39:57.606 [INFO] main.cpp:353 -   总事务数:     160
2026-05-26 09:39:57.606 [INFO] main.cpp:354 -   总错误数:     140
2026-05-26 09:39:57.606 [INFO] main.cpp:355 -   发送字节数:   1280
2026-05-26 09:39:57.606 [INFO] main.cpp:356 -   接收字节数:   0
2026-05-26 09:39:57.606 [INFO] main.cpp:357 -   平均延迟:     0.00 ms
2026-05-26 09:39:57.606 [INFO] main.cpp:358 -   最大延迟:     0.00 ms
2026-05-26 09:39:57.606 [INFO] main.cpp:359 -   总线争用次数: 0
2026-05-26 09:39:57.606 [INFO] main.cpp:368 - ======== 轮询统计 ========
2026-05-26 09:39:57.606 [INFO] main.cpp:369 -   任务组数:     20
2026-05-26 09:39:57.606 [INFO] main.cpp:370 -   成功事务:     0
2026-05-26 09:39:57.606 [INFO] main.cpp:371 -   失败事务:     140
2026-05-26 09:39:57.606 [INFO] main.cpp:373 -   成功率:       0.0%
2026-05-26 09:39:57.606 [INFO] main.cpp:378 - ======== 命令队列统计 ========
2026-05-26 09:39:57.606 [INFO] main.cpp:379 -   已提交: 0  已执行: 0  成功: 0  失败: 0
2026-05-26 09:39:57.606 [INFO] main.cpp:384 -   队列大小: 0  平均耗时: 0.0ms
2026-05-26 09:39:58.607 [INFO] main.cpp:352 - ======== 总线统计 ========
2026-05-26 09:39:58.607 [INFO] main.cpp:353 -   总事务数:     160
2026-05-26 09:39:58.607 [INFO] main.cpp:354 -   总错误数:     160
2026-05-26 09:39:58.607 [INFO] main.cpp:355 -   发送字节数:   1280
2026-05-26 09:39:58.607 [INFO] main.cpp:356 -   接收字节数:   0
2026-05-26 09:39:58.607 [INFO] main.cpp:357 -   平均延迟:     0.00 ms
2026-05-26 09:39:58.607 [INFO] main.cpp:358 -   最大延迟:     0.00 ms
2026-05-26 09:39:58.607 [INFO] main.cpp:359 -   总线争用次数: 0
2026-05-26 09:39:58.607 [INFO] main.cpp:368 - ======== 轮询统计 ========
2026-05-26 09:39:58.607 [INFO] main.cpp:369 -   任务组数:     20
2026-05-26 09:39:58.607 [INFO] main.cpp:370 -   成功事务:     0
2026-05-26 09:39:58.607 [INFO] main.cpp:371 -   失败事务:     160
2026-05-26 09:39:58.607 [INFO] main.cpp:373 -   成功率:       0.0%
2026-05-26 09:39:58.607 [INFO] main.cpp:378 - ======== 命令队列统计 ========
2026-05-26 09:39:58.608 [INFO] main.cpp:379 -   已提交: 0  已执行: 0  成功: 0  失败: 0
2026-05-26 09:39:58.608 [INFO] main.cpp:384 -   队列大小: 0  平均耗时: 0.0ms
2026-05-26 09:39:59.608 [INFO] main.cpp:352 - ======== 总线统计 ========
2026-05-26 09:39:59.608 [INFO] main.cpp:353 -   总事务数:     160
2026-05-26 09:39:59.608 [INFO] main.cpp:354 -   总错误数:     160
2026-05-26 09:39:59.608 [INFO] main.cpp:355 -   发送字节数:   1280
2026-05-26 09:39:59.608 [INFO] main.cpp:356 -   接收字节数:   0
2026-05-26 09:39:59.608 [INFO] main.cpp:357 -   平均延迟:     0.00 ms
2026-05-26 09:39:59.608 [INFO] main.cpp:358 -   最大延迟:     0.00 ms
2026-05-26 09:39:59.608 [INFO] main.cpp:359 -   总线争用次数: 0
2026-05-26 09:39:59.608 [INFO] main.cpp:368 - ======== 轮询统计 ========
2026-05-26 09:39:59.608 [INFO] main.cpp:369 -   任务组数:     20
2026-05-26 09:39:59.608 [INFO] main.cpp:370 -   成功事务:     0
2026-05-26 09:39:59.608 [INFO] main.cpp:371 -   失败事务:     160
2026-05-26 09:39:59.608 [INFO] main.cpp:373 -   成功率:       0.0%
2026-05-26 09:39:59.609 [INFO] main.cpp:378 - ======== 命令队列统计 ========
2026-05-26 09:39:59.609 [INFO] main.cpp:379 -   已提交: 0  已执行: 0  成功: 0  失败: 0
2026-05-26 09:39:59.609 [INFO] main.cpp:384 -   队列大小: 0  平均耗时: 0.0ms
2026-05-26 09:40:00.610 [INFO] main.cpp:352 - ======== 总线统计 ========
2026-05-26 09:40:00.610 [INFO] main.cpp:353 -   总事务数:     160
2026-05-26 09:40:00.610 [INFO] main.cpp:354 -   总错误数:     160
2026-05-26 09:40:00.610 [INFO] main.cpp:355 -   发送字节数:   1280
2026-05-26 09:40:00.610 [INFO] main.cpp:356 -   接收字节数:   0
2026-05-26 09:40:00.610 [INFO] main.cpp:357 -   平均延迟:     0.00 ms
2026-05-26 09:40:00.610 [INFO] main.cpp:358 -   最大延迟:     0.00 ms
2026-05-26 09:40:00.610 [INFO] main.cpp:359 -   总线争用次数: 0
2026-05-26 09:40:00.610 [INFO] main.cpp:368 - ======== 轮询统计 ========
2026-05-26 09:40:00.610 [INFO] main.cpp:369 -   任务组数:     20
2026-05-26 09:40:00.610 [INFO] main.cpp:370 -   成功事务:     0
2026-05-26 09:40:00.610 [INFO] main.cpp:371 -   失败事务:     160
2026-05-26 09:40:00.610 [INFO] main.cpp:373 -   成功率:       0.0%
2026-05-26 09:40:00.610 [INFO] main.cpp:378 - ======== 命令队列统计 ========
2026-05-26 09:40:00.610 [INFO] main.cpp:379 -   已提交: 0  已执行: 0  成功: 0  失败: 0
2026-05-26 09:40:00.610 [INFO] main.cpp:384 -   队列大小: 0  平均耗时: 0.0ms
2026-05-26 09:40:01.611 [INFO] main.cpp:352 - ======== 总线统计 ========
2026-05-26 09:40:01.612 [INFO] main.cpp:353 -   总事务数:     180
2026-05-26 09:40:01.612 [INFO] main.cpp:354 -   总错误数:     160
2026-05-26 09:40:01.612 [INFO] main.cpp:355 -   发送字节数:   1280
2026-05-26 09:40:01.612 [INFO] main.cpp:356 -   接收字节数:   0
2026-05-26 09:40:01.612 [INFO] main.cpp:357 -   平均延迟:     0.00 ms
2026-05-26 09:40:01.612 [INFO] main.cpp:358 -   最大延迟:     0.00 ms
2026-05-26 09:40:01.612 [INFO] main.cpp:359 -   总线争用次数: 0
2026-05-26 09:40:01.612 [INFO] main.cpp:368 - ======== 轮询统计 ========
2026-05-26 09:40:01.612 [INFO] main.cpp:369 -   任务组数:     20
2026-05-26 09:40:01.612 [INFO] main.cpp:370 -   成功事务:     0
2026-05-26 09:40:01.612 [INFO] main.cpp:371 -   失败事务:     160
2026-05-26 09:40:01.612 [INFO] main.cpp:373 -   成功率:       0.0%
2026-05-26 09:40:01.612 [INFO] main.cpp:378 - ======== 命令队列统计 ========
2026-05-26 09:40:01.612 [INFO] main.cpp:379 -   已提交: 0  已执行: 0  成功: 0  失败: 0
2026-05-26 09:40:01.612 [INFO] main.cpp:384 -   队列大小: 0  平均耗时: 0.0ms
2026-05-26 09:40:02.613 [INFO] main.cpp:352 - ======== 总线统计 ========
2026-05-26 09:40:02.613 [INFO] main.cpp:353 -   总事务数:     180
2026-05-26 09:40:02.613 [INFO] main.cpp:354 -   总错误数:     160
2026-05-26 09:40:02.613 [INFO] main.cpp:355 -   发送字节数:   1440
2026-05-26 09:40:02.613 [INFO] main.cpp:356 -   接收字节数:   0
2026-05-26 09:40:02.613 [INFO] main.cpp:357 -   平均延迟:     0.00 ms
2026-05-26 09:40:02.613 [INFO] main.cpp:358 -   最大延迟:     0.00 ms
2026-05-26 09:40:02.613 [INFO] main.cpp:359 -   总线争用次数: 0
2026-05-26 09:40:02.614 [INFO] main.cpp:368 - ======== 轮询统计 ========
2026-05-26 09:40:02.614 [INFO] main.cpp:369 -   任务组数:     20
2026-05-26 09:40:02.614 [INFO] main.cpp:370 -   成功事务:     0
2026-05-26 09:40:02.614 [INFO] main.cpp:371 -   失败事务:     160
2026-05-26 09:40:02.614 [INFO] main.cpp:373 -   成功率:       0.0%
2026-05-26 09:40:02.614 [INFO] main.cpp:378 - ======== 命令队列统计 ========
2026-05-26 09:40:02.614 [INFO] main.cpp:379 -   已提交: 0  已执行: 0  成功: 0  失败: 0
2026-05-26 09:40:02.614 [INFO] main.cpp:384 -   队列大小: 0  平均耗时: 0.0ms
2026-05-26 09:40:03.204 [INFO] main.cpp:392 - 正在停止 Web 服务器...
2026-05-26 09:40:04.058 [INFO] main.cpp:395 - 正在停止所有应用...
2026-05-26 09:40:04.058 [INFO] app_security.cpp:55 - 已停止
2026-05-26 09:40:04.058 [INFO] main.cpp:398 - 正在停止命令队列...
2026-05-26 09:40:04.058 [INFO] command_queue.cpp:307 - 命令处理线程 #0 已退出
2026-05-26 09:40:04.059 [INFO] command_queue.cpp:59 - 命令队列已停止
2026-05-26 09:40:04.059 [INFO] main.cpp:402 - 正在关闭串口...
2026-05-26 09:40:04.059 [INFO] main.cpp:405 - 正在停止轮询...
2026-05-26 09:40:04.148 [INFO] main.cpp:410 - ======== 最终统计 ========
2026-05-26 09:40:04.148 [INFO] main.cpp:411 -   总事务数:     180
2026-05-26 09:40:04.148 [INFO] main.cpp:412 -   总错误数:     180
2026-05-26 09:40:04.148 [INFO] main.cpp:413 -   成功率:       0.0%
2026-05-26 09:40:04.148 [INFO] main.cpp:417 -   平均延迟:     0.00 ms
2026-05-26 09:40:04.148 [INFO] main.cpp:418 -   最大延迟:     0.00 ms
2026-05-26 09:40:04.148 [INFO] main.cpp:419 - === 系统退出 ===

======================================================
  日志系统关闭: 2026-05-26 09:40:04.148
======================================================
